Archive member included to satisfy reference by file (symbol)

/usr/lib/gcc/arm-none-eabi/9.2.1/thumb/v6-m/nofp/libgcc.a(_dvmd_tls.o)
                              CMakeFiles/psion_recreate.dir/tree/downloaded_tools/pico/pico-sdk/src/rp2_common/pico_divider/divider.S.obj (__aeabi_idiv0)
/usr/lib/gcc/arm-none-eabi/9.2.1/../../../arm-none-eabi/lib/thumb/v6-m/nofp/libc.a(lib_a-atexit.o)
                              /usr/lib/gcc/arm-none-eabi/9.2.1/../../../arm-none-eabi/lib/thumb/v6-m/nofp/crt0.o (atexit)
/usr/lib/gcc/arm-none-eabi/9.2.1/../../../arm-none-eabi/lib/thumb/v6-m/nofp/libc.a(lib_a-atoi.o)
                              CMakeFiles/psion_recreate.dir/match.c.obj (atoi)
/usr/lib/gcc/arm-none-eabi/9.2.1/../../../arm-none-eabi/lib/thumb/v6-m/nofp/libc.a(lib_a-calloc.o)
                              CMakeFiles/psion_recreate.dir/tree/downloaded_tools/pico/pico-sdk/src/rp2_common/pico_malloc/pico_malloc.c.obj (calloc)
/usr/lib/gcc/arm-none-eabi/9.2.1/../../../arm-none-eabi/lib/thumb/v6-m/nofp/libc.a(lib_a-callocr.o)
                              /usr/lib/gcc/arm-none-eabi/9.2.1/../../../arm-none-eabi/lib/thumb/v6-m/nofp/libc.a(lib_a-calloc.o) (_calloc_r)
/usr/lib/gcc/arm-none-eabi/9.2.1/../../../arm-none-eabi/lib/thumb/v6-m/nofp/libc.a(lib_a-ctype_.o)
                              CMakeFiles/psion_recreate.dir/emulator.c.obj (_ctype_)
/usr/lib/gcc/arm-none-eabi/9.2.1/../../../arm-none-eabi/lib/thumb/v6-m/nofp/libc.a(lib_a-fclose.o)
                              CMakeFiles/psion_recreate.dir/emulator.c.obj (fclose)
/usr/lib/gcc/arm-none-eabi/9.2.1/../../../arm-none-eabi/lib/thumb/v6-m/nofp/libc.a(lib_a-fflush.o)
                              /usr/lib/gcc/arm-none-eabi/9.2.1/../../../arm-none-eabi/lib/thumb/v6-m/nofp/libc.a(lib_a-fclose.o) (__sflush_r)
/usr/lib/gcc/arm-none-eabi/9.2.1/../../../arm-none-eabi/lib/thumb/v6-m/nofp/libc.a(lib_a-findfp.o)
                              /usr/lib/gcc/arm-none-eabi/9.2.1/../../../arm-none-eabi/lib/thumb/v6-m/nofp/libc.a(lib_a-fclose.o) (__sinit)
/usr/lib/gcc/arm-none-eabi/9.2.1/../../../arm-none-eabi/lib/thumb/v6-m/nofp/libc.a(lib_a-fini.o)
                              /usr/lib/gcc/arm-none-eabi/9.2.1/../../../arm-none-eabi/lib/thumb/v6-m/nofp/crt0.o (__libc_fini_array)
/usr/lib/gcc/arm-none-eabi/9.2.1/../../../arm-none-eabi/lib/thumb/v6-m/nofp/libc.a(lib_a-fopen.o)
                              CMakeFiles/psion_recreate.dir/emulator.c.obj (fopen)
/usr/lib/gcc/arm-none-eabi/9.2.1/../../../arm-none-eabi/lib/thumb/v6-m/nofp/libc.a(lib_a-fprintf.o)
                              CMakeFiles/psion_recreate.dir/emulator.c.obj (fprintf)
/usr/lib/gcc/arm-none-eabi/9.2.1/../../../arm-none-eabi/lib/thumb/v6-m/nofp/libc.a(lib_a-fputc.o)
                              CMakeFiles/psion_recreate.dir/emulator.c.obj (fputc)
/usr/lib/gcc/arm-none-eabi/9.2.1/../../../arm-none-eabi/lib/thumb/v6-m/nofp/libc.a(lib_a-freer.o)
                              /usr/lib/gcc/arm-none-eabi/9.2.1/../../../arm-none-eabi/lib/thumb/v6-m/nofp/libc.a(lib_a-fclose.o) (_free_r)
/usr/lib/gcc/arm-none-eabi/9.2.1/../../../arm-none-eabi/lib/thumb/v6-m/nofp/libc.a(lib_a-fseek.o)
                              /usr/lib/gcc/arm-none-eabi/9.2.1/../../../arm-none-eabi/lib/thumb/v6-m/nofp/libc.a(lib_a-fopen.o) (_fseek_r)
/usr/lib/gcc/arm-none-eabi/9.2.1/../../../arm-none-eabi/lib/thumb/v6-m/nofp/libc.a(lib_a-fseeko.o)
                              /usr/lib/gcc/arm-none-eabi/9.2.1/../../../arm-none-eabi/lib/thumb/v6-m/nofp/libc.a(lib_a-fseek.o) (_fseeko_r)
/usr/lib/gcc/arm-none-eabi/9.2.1/../../../arm-none-eabi/lib/thumb/v6-m/nofp/libc.a(lib_a-fstatr.o)
                              /usr/lib/gcc/arm-none-eabi/9.2.1/../../../arm-none-eabi/lib/thumb/v6-m/nofp/libc.a(lib_a-fseeko.o) (_fstat_r)
/usr/lib/gcc/arm-none-eabi/9.2.1/../../../arm-none-eabi/lib/thumb/v6-m/nofp/libc.a(lib_a-ftello.o)
                              /usr/lib/gcc/arm-none-eabi/9.2.1/../../../arm-none-eabi/lib/thumb/v6-m/nofp/libc.a(lib_a-fseeko.o) (_ftello_r)
/usr/lib/gcc/arm-none-eabi/9.2.1/../../../arm-none-eabi/lib/thumb/v6-m/nofp/libc.a(lib_a-fwalk.o)
                              /usr/lib/gcc/arm-none-eabi/9.2.1/../../../arm-none-eabi/lib/thumb/v6-m/nofp/libc.a(lib_a-findfp.o) (_fwalk)
/usr/lib/gcc/arm-none-eabi/9.2.1/../../../arm-none-eabi/lib/thumb/v6-m/nofp/libc.a(lib_a-impure.o)
                              /usr/lib/gcc/arm-none-eabi/9.2.1/../../../arm-none-eabi/lib/thumb/v6-m/nofp/libc.a(lib_a-fflush.o) (_global_impure_ptr)
/usr/lib/gcc/arm-none-eabi/9.2.1/../../../arm-none-eabi/lib/thumb/v6-m/nofp/libc.a(lib_a-init.o)
                              /usr/lib/gcc/arm-none-eabi/9.2.1/../../../arm-none-eabi/lib/thumb/v6-m/nofp/crt0.o (__libc_init_array)
/usr/lib/gcc/arm-none-eabi/9.2.1/../../../arm-none-eabi/lib/thumb/v6-m/nofp/libc.a(lib_a-makebuf.o)
                              /usr/lib/gcc/arm-none-eabi/9.2.1/../../../arm-none-eabi/lib/thumb/v6-m/nofp/libc.a(lib_a-fseeko.o) (__smakebuf_r)
[...]
Memory Configuration

Name             Origin             Length             Attributes
FLASH            0x0000000010000000 0x0000000000200000 xr
RAM              0x0000000020000000 0x0000000000040000 xrw
SCRATCH_X        0x0000000020040000 0x0000000000001000 xrw
SCRATCH_Y        0x0000000020041000 0x0000000000001000 xrw
*default*        0x0000000000000000 0xffffffffffffffff

Linker script and memory map

LOAD /usr/lib/gcc/arm-none-eabi/9.2.1/thumb/v6-m/nofp/crti.o
LOAD /usr/lib/gcc/arm-none-eabi/9.2.1/thumb/v6-m/nofp/crtbegin.o
LOAD /usr/lib/gcc/arm-none-eabi/9.2.1/../../../arm-none-eabi/lib/thumb/v6-m/nofp/crt0.o

.flash_begin    0x0000000010000000        0x0
                0x0000000010000000                __flash_binary_start = .

.boot2          0x0000000010000000      0x100
                0x0000000010000000                __boot2_start__ = .
 *(.boot2)
 .boot2         0x0000000010000000      0x100 /tmp/ccVOQBLw.o
                0x0000000010000100                __boot2_end__ = .
                0x0000000000000001                ASSERT (((__boot2_end__ - __boot2_start__) == 0x100), ERROR: Pico second stage bootloader must be 256 bytes in size)

.text           0x0000000010000100    0x1d330
                0x0000000010000100                __logical_binary_start = .
 *(.vectors)
 .vectors       0x0000000010000100       0xd4 CMakeFiles/psion_recreate.dir/tree/downloaded_tools/pico/pico-sdk/src/rp2_common/pico_standard_link/crt0.S.obj
                0x0000000010000100                __vectors
                0x0000000010000100                __VECTOR_TABLE
                0x00000000100001c0                isr_invalid
                0x00000000100001c0                __default_isrs_start
                0x00000000100001c2                isr_nmi
                0x00000000100001c4                isr_hardfault
                0x00000000100001c6                isr_svcall
                0x00000000100001c8                isr_pendsv
                0x00000000100001ca                isr_systick
                0x00000000100001cc                isr_irq30
                0x00000000100001cc                __unhandled_user_irq
                0x00000000100001cc                isr_irq13
                0x00000000100001cc                isr_irq27
                0x00000000100001cc                isr_irq31
                0x00000000100001cc                isr_irq5
                0x00000000100001cc                isr_irq11
                0x00000000100001cc                isr_irq23
                0x00000000100001cc                isr_irq18
                0x00000000100001cc                isr_irq28
                0x00000000100001cc                isr_irq19
                0x00000000100001cc                isr_irq0
                0x00000000100001cc                isr_irq6
                0x00000000100001cc                isr_irq22
                0x00000000100001cc                isr_irq17
                0x00000000100001cc                isr_irq14
                0x00000000100001cc                isr_irq2
                0x00000000100001cc                isr_irq10
                0x00000000100001cc                isr_irq8
                0x00000000100001cc                isr_irq24
                0x00000000100001cc                isr_irq1
                0x00000000100001cc                isr_irq7
                0x00000000100001cc                isr_irq21
                0x00000000100001cc                isr_irq20
                0x00000000100001cc                isr_irq15
                0x00000000100001cc                isr_irq25
                0x00000000100001cc                isr_irq4
                0x00000000100001cc                isr_irq16
                0x00000000100001cc                isr_irq29
                0x00000000100001cc                isr_irq26
                0x00000000100001cc                __default_isrs_end
                0x00000000100001cc                isr_irq3
                0x00000000100001cc                isr_irq12
                0x00000000100001cc                isr_irq9
                0x00000000100001d2                unhandled_user_irq_num_in_r0
 *(.binary_info_header)
 .binary_info_header
                0x00000000100001d4       0x14 CMakeFiles/psion_recreate.dir/tree/downloaded_tools/pico/pico-sdk/src/rp2_common/pico_standard_link/crt0.S.obj
                0x00000000100001e8                __binary_info_header_end = .
 *(.reset)
 .reset         0x00000000100001e8       0xa8 CMakeFiles/psion_recreate.dir/tree/downloaded_tools/pico/pico-sdk/src/rp2_common/pico_standard_link/crt0.S.obj
                0x00000000100001e8                _entry_point
                0x0000000010000266                __get_current_exception
 .reset         0x0000000010000290       0x30 CMakeFiles/psion_recreate.dir/tree/downloaded_tools/pico/pico-sdk/src/rp2_common/pico_standard_link/binary_info.c.obj
 *(.init)
 .init          0x00000000100002c0        0x4 /usr/lib/gcc/arm-none-eabi/9.2.1/thumb/v6-m/nofp/crti.o
                0x00000000100002c0                _init
 *(EXCLUDE_FILE(*libm.a: *libc.a:*lib_a-mem*.o *libgcc.a:) .text*)
 .text          0x00000000100002c4       0x98 /usr/lib/gcc/arm-none-eabi/9.2.1/thumb/v6-m/nofp/crtbegin.o
 .text.core1_main
                0x000000001000035c       0x80 CMakeFiles/psion_recreate.dir/psion_recreate.c.obj
                0x000000001000035c                core1_main
 .text.latch2_set_mask
                0x00000000100003dc      0x344 CMakeFiles/psion_recreate.dir/psion_recreate.c.obj
                0x00000000100003dc                latch2_set_mask
 .text.latch2_clear_mask
                0x0000000010000720      0x344 CMakeFiles/psion_recreate.dir/psion_recreate.c.obj
                0x0000000010000720                latch2_clear_mask
 .text.read_165
                0x0000000010000a64       0xdc CMakeFiles/psion_recreate.dir/psion_recreate.c.obj
                0x0000000010000a64                read_165
 .text.write_595
                0x0000000010000b40       0x50 CMakeFiles/psion_recreate.dir/psion_recreate.c.obj
                0x0000000010000b40                write_595
 .text.menu_loop_tasks
                0x0000000010000b90       0x1c CMakeFiles/psion_recreate.dir/psion_recreate.c.obj
                0x0000000010000b90                menu_loop_tasks
 .text.startup.main
                0x0000000010000bac      0x2a0 CMakeFiles/psion_recreate.dir/psion_recreate.c.obj
                0x0000000010000bac                main
 .text.Set_Page_Address
                0x0000000010000e4c       0x24 CMakeFiles/psion_recreate.dir/display.c.obj
                0x0000000010000e4c                Set_Page_Address
 .text.Set_Column_Address
                0x0000000010000e70       0x28 CMakeFiles/psion_recreate.dir/display.c.obj
                0x0000000010000e70                Set_Column_Address
 .text.initialise_oled
                0x0000000010000e98      0x1c4 CMakeFiles/psion_recreate.dir/display.c.obj
                0x0000000010000e98                initialise_oled
 .text.clear_oled
                0x000000001000105c       0x74 CMakeFiles/psion_recreate.dir/display.c.obj
                0x000000001000105c                clear_oled
 .text.i_printxy
                0x00000000100010d0       0x90 CMakeFiles/psion_recreate.dir/font.c.obj
                0x00000000100010d0                i_printxy
 .text.printxy  0x0000000010001160        0x8 CMakeFiles/psion_recreate.dir/font.c.obj
                0x0000000010001160                printxy
 .text.printxy_str
                0x0000000010001168       0x24 CMakeFiles/psion_recreate.dir/font.c.obj
                0x0000000010001168                printxy_str
 .text.printxy_hex
                0x000000001000118c       0x34 CMakeFiles/psion_recreate.dir/font.c.obj
                0x000000001000118c                printxy_hex
 .text.display_clear
                0x00000000100011c0       0x30 CMakeFiles/psion_recreate.dir/font.c.obj
                0x00000000100011c0                display_clear
 .text.print_nl
                0x00000000100011f0       0x20 CMakeFiles/psion_recreate.dir/font.c.obj
                0x00000000100011f0                print_nl
 .text.print_str
                0x0000000010001210       0x64 CMakeFiles/psion_recreate.dir/font.c.obj
                0x0000000010001210                print_str
 .text.handle_serial_register_write.part.0
                0x0000000010001274       0x4c CMakeFiles/psion_recreate.dir/emulator.c.obj
 .text.WR_REF.part.0
                0x00000000100012c0       0x24 CMakeFiles/psion_recreate.dir/emulator.c.obj
 .text.handle_power_off
                0x00000000100012e4       0x28 CMakeFiles/psion_recreate.dir/emulator.c.obj
                0x00000000100012e4                handle_power_off
 .text.handle_bank
                0x000000001000130c       0x4c CMakeFiles/psion_recreate.dir/emulator.c.obj
                0x000000001000130c                handle_bank
 .text.handle_sca
                0x0000000010001358       0xf0 CMakeFiles/psion_recreate.dir/emulator.c.obj
                0x0000000010001358                handle_sca
 .text.serial_set_rdrf
                0x0000000010001448       0x1c CMakeFiles/psion_recreate.dir/emulator.c.obj
                0x0000000010001448                serial_set_rdrf
 .text.put_display_char
                0x0000000010001464       0x2c CMakeFiles/psion_recreate.dir/emulator.c.obj
                0x0000000010001464                put_display_char
 .text.write_display_extra
                0x0000000010001490       0x14 CMakeFiles/psion_recreate.dir/emulator.c.obj
                0x0000000010001490                write_display_extra
 .text.dump_lcd
                0x00000000100014a4      0x1dc CMakeFiles/psion_recreate.dir/emulator.c.obj
                0x00000000100014a4                dump_lcd
 .text.handle_lcd_write
                0x0000000010001680      0x1f0 CMakeFiles/psion_recreate.dir/emulator.c.obj
                0x0000000010001680                handle_lcd_write
 .text.display_save
                0x0000000010001870       0x18 CMakeFiles/psion_recreate.dir/emulator.c.obj
                0x0000000010001870                display_save
 .text.display_restore
                0x0000000010001888       0x24 CMakeFiles/psion_recreate.dir/emulator.c.obj
                0x0000000010001888                display_restore
 .text.write_port2
                0x00000000100018ac      0x130 CMakeFiles/psion_recreate.dir/emulator.c.obj
                0x00000000100018ac                write_port2
 .text.port2_ddr
                0x00000000100019dc       0xf8 CMakeFiles/psion_recreate.dir/emulator.c.obj
                0x00000000100019dc                port2_ddr
 .text.write_port6
                0x0000000010001ad4       0xc0 CMakeFiles/psion_recreate.dir/emulator.c.obj
                0x0000000010001ad4                write_port6
 .text.port6_ddr
                0x0000000010001b94      0x11c CMakeFiles/psion_recreate.dir/emulator.c.obj
                0x0000000010001b94                port6_ddr
 .text.RD_REF   0x0000000010001cb0      0x348 CMakeFiles/psion_recreate.dir/emulator.c.obj
                0x0000000010001cb0                RD_REF
 .text.RD_ADDR  0x0000000010001ff8      0x304 CMakeFiles/psion_recreate.dir/emulator.c.obj
                0x0000000010001ff8                RD_ADDR
 .text.WR_ADDR  0x00000000100022fc      0x2ac CMakeFiles/psion_recreate.dir/emulator.c.obj
                0x00000000100022fc                WR_ADDR
 .text.update_interrupts.part.0
                0x00000000100025a8      0x7cc CMakeFiles/psion_recreate.dir/emulator.c.obj
 .text.interrupt_request
                0x0000000010002d74       0x38 CMakeFiles/psion_recreate.dir/emulator.c.obj
                0x0000000010002d74                interrupt_request
 .text.tick_1s  0x0000000010002dac      0x120 CMakeFiles/psion_recreate.dir/emulator.c.obj
                0x0000000010002dac                tick_1s
 .text.initialise_emulator
                0x0000000010002ecc       0xa4 CMakeFiles/psion_recreate.dir/emulator.c.obj
                0x0000000010002ecc                initialise_emulator
 .text.loop_emulator
                0x0000000010002f70     0x9ca0 CMakeFiles/psion_recreate.dir/emulator.c.obj
                0x0000000010002f70                loop_emulator
 .text.ifm_null
                0x000000001000cc10        0x4 CMakeFiles/psion_recreate.dir/wireless.c.obj
                0x000000001000cc10                ifm_null
 .text.rfn_null
                0x000000001000cc14        0x4 CMakeFiles/psion_recreate.dir/wireless.c.obj
                0x000000001000cc14                rfn_null
 .text.rfn_send_done
                0x000000001000cc18        0xc CMakeFiles/psion_recreate.dir/wireless.c.obj
                0x000000001000cc18                rfn_send_done
 .text.btfn_key
                0x000000001000cc24       0x30 CMakeFiles/psion_recreate.dir/wireless.c.obj
                0x000000001000cc24                btfn_key
 .text.ifm_ipd  0x000000001000cc54       0x18 CMakeFiles/psion_recreate.dir/wireless.c.obj
                0x000000001000cc54                ifm_ipd
 .text.ifm_recv
                0x000000001000cc6c       0x18 CMakeFiles/psion_recreate.dir/wireless.c.obj
                0x000000001000cc6c                ifm_recv
 .text.on_uart_rx
                0x000000001000cc84       0x78 CMakeFiles/psion_recreate.dir/wireless.c.obj
                0x000000001000cc84                on_uart_rx
 .text.ufn_ram  0x000000001000ccfc        0x4 CMakeFiles/psion_recreate.dir/wireless.c.obj
                0x000000001000ccfc                ufn_ram
 .text.ifn2_ipd
                0x000000001000cd00       0x34 CMakeFiles/psion_recreate.dir/wireless.c.obj
                0x000000001000cd00                ifn2_ipd
 .text.ufn_eeprom_read
                0x000000001000cd34      0x1bc CMakeFiles/psion_recreate.dir/wireless.c.obj
                0x000000001000cd34                ufn_eeprom_read
 .text.ifn2_btdata
                0x000000001000cef0      0x134 CMakeFiles/psion_recreate.dir/wireless.c.obj
                0x000000001000cef0                ifn2_btdata
 .text.ifn_next_is_ok
                0x000000001000d024       0x50 CMakeFiles/psion_recreate.dir/wireless.c.obj
                0x000000001000d024                ifn_next_is_ok
 .text.ifn_ready
                0x000000001000d074       0xa0 CMakeFiles/psion_recreate.dir/wireless.c.obj
                0x000000001000d074                ifn_ready
 .text.ifn_check_ok
                0x000000001000d114       0x84 CMakeFiles/psion_recreate.dir/wireless.c.obj
                0x000000001000d114                ifn_check_ok
 .text.ifn_startdisc
                0x000000001000d198      0x174 CMakeFiles/psion_recreate.dir/wireless.c.obj
                0x000000001000d198                ifn_startdisc
 .text.ifn_busy
                0x000000001000d30c       0x60 CMakeFiles/psion_recreate.dir/wireless.c.obj
                0x000000001000d30c                ifn_busy
 .text.ifn_closed
                0x000000001000d36c       0x60 CMakeFiles/psion_recreate.dir/wireless.c.obj
                0x000000001000d36c                ifn_closed
 .text.ifn_recv
                0x000000001000d3cc       0xb0 CMakeFiles/psion_recreate.dir/wireless.c.obj
                0x000000001000d3cc                ifn_recv
 .text.ifn_ignore
                0x000000001000d47c       0x68 CMakeFiles/psion_recreate.dir/wireless.c.obj
                0x000000001000d47c                ifn_ignore
 .text.ifn_connect
                0x000000001000d4e4       0x78 CMakeFiles/psion_recreate.dir/wireless.c.obj
                0x000000001000d4e4                ifn_connect
 .text.ifn_cipsend
                0x000000001000d55c       0xb0 CMakeFiles/psion_recreate.dir/wireless.c.obj
                0x000000001000d55c                ifn_cipsend
 .text.wireless_init
                0x000000001000d60c       0xa8 CMakeFiles/psion_recreate.dir/wireless.c.obj
                0x000000001000d60c                wireless_init
 .text.stringify_float
                0x000000001000d6b4      0x118 CMakeFiles/psion_recreate.dir/wireless.c.obj
                0x000000001000d6b4                stringify_float
 .text.ufn_index
                0x000000001000d7cc      0x108 CMakeFiles/psion_recreate.dir/wireless.c.obj
                0x000000001000d7cc                ufn_index
 .text.get_n_bytes_then
                0x000000001000d8d4      0x118 CMakeFiles/psion_recreate.dir/wireless.c.obj
                0x000000001000d8d4                get_n_bytes_then
 .text.ifn_ipd  0x000000001000d9ec       0x70 CMakeFiles/psion_recreate.dir/wireless.c.obj
                0x000000001000d9ec                ifn_ipd
 .text.ifn_btdata
                0x000000001000da5c       0x70 CMakeFiles/psion_recreate.dir/wireless.c.obj
                0x000000001000da5c                ifn_btdata
 .text.send_bt_reply
                0x000000001000dacc       0x8c CMakeFiles/psion_recreate.dir/wireless.c.obj
                0x000000001000dacc                send_bt_reply
 .text.btfn_hello
                0x000000001000db58       0x1c CMakeFiles/psion_recreate.dir/wireless.c.obj
                0x000000001000db58                btfn_hello
 .text.btfn_mem_wr
                0x000000001000db74       0x2c CMakeFiles/psion_recreate.dir/wireless.c.obj
                0x000000001000db74                btfn_mem_wr
 .text.btfn_eeprom_rd
                0x000000001000dba0      0x158 CMakeFiles/psion_recreate.dir/wireless.c.obj
                0x000000001000dba0                btfn_eeprom_rd
 .text.btfn_display
                0x000000001000dcf8       0x3c CMakeFiles/psion_recreate.dir/wireless.c.obj
                0x000000001000dcf8                btfn_display
 .text.btfn_eeprom_wr
                0x000000001000dd34       0x40 CMakeFiles/psion_recreate.dir/wireless.c.obj
                0x000000001000dd34                btfn_eeprom_wr
 .text.btfn_processor_status
                0x000000001000dd74      0x214 CMakeFiles/psion_recreate.dir/wireless.c.obj
                0x000000001000dd74                btfn_processor_status
 .text.send_reply
                0x000000001000df88       0x84 CMakeFiles/psion_recreate.dir/wireless.c.obj
                0x000000001000df88                send_reply
 .text.ufn_memory_write
                0x000000001000e00c       0x40 CMakeFiles/psion_recreate.dir/wireless.c.obj
                0x000000001000e00c                ufn_memory_write
 .text.ufn_memory_0
                0x000000001000e04c      0x124 CMakeFiles/psion_recreate.dir/wireless.c.obj
                0x000000001000e04c                ufn_memory_0
 .text.ufn_eeprom_write
                0x000000001000e170       0x54 CMakeFiles/psion_recreate.dir/wireless.c.obj
                0x000000001000e170                ufn_eeprom_write
 .text.ufn_memory_addr
                0x000000001000e1c4      0x104 CMakeFiles/psion_recreate.dir/wireless.c.obj
                0x000000001000e1c4                ufn_memory_addr
 .text.ufn_memory_at
                0x000000001000e2c8       0x3c CMakeFiles/psion_recreate.dir/wireless.c.obj
                0x000000001000e2c8                ufn_memory_at
 .text.btfn_mem_rd
                0x000000001000e304       0x2c CMakeFiles/psion_recreate.dir/wireless.c.obj
                0x000000001000e304                btfn_mem_rd
 .text.wireless_taskloop
                0x000000001000e330      0x4e8 CMakeFiles/psion_recreate.dir/wireless.c.obj
                0x000000001000e330                wireless_taskloop
 .text.rtc_tasks
                0x000000001000e818      0x290 CMakeFiles/psion_recreate.dir/rtc.c.obj
                0x000000001000e818                rtc_tasks
 .text.i2c_set_delay_value
                0x000000001000eaa8        0xc CMakeFiles/psion_recreate.dir/i2c.c.obj
                0x000000001000eaa8                i2c_set_delay_value
 .text.i2c_start
                0x000000001000eab4       0x68 CMakeFiles/psion_recreate.dir/i2c.c.obj
                0x000000001000eab4                i2c_start
 .text.i2c_stop
                0x000000001000eb1c       0x80 CMakeFiles/psion_recreate.dir/i2c.c.obj
                0x000000001000eb1c                i2c_stop
 .text.i2c_send_byte
                0x000000001000eb9c       0xe0 CMakeFiles/psion_recreate.dir/i2c.c.obj
                0x000000001000eb9c                i2c_send_byte
 .text.i2c_recv_byte
                0x000000001000ec7c      0x108 CMakeFiles/psion_recreate.dir/i2c.c.obj
                0x000000001000ec7c                i2c_recv_byte
 .text.i2c_read_bytes
                0x000000001000ed84      0x184 CMakeFiles/psion_recreate.dir/i2c.c.obj
                0x000000001000ed84                i2c_read_bytes
 .text.i2c_send_bytes
                0x000000001000ef08       0xe8 CMakeFiles/psion_recreate.dir/i2c.c.obj
                0x000000001000ef08                i2c_send_bytes
 .text.match    0x000000001000eff0      0x464 CMakeFiles/psion_recreate.dir/match.c.obj
                0x000000001000eff0                match
 .text.read_eeprom
                0x000000001000f454       0x34 CMakeFiles/psion_recreate.dir/eeprom.c.obj
                0x000000001000f454                read_eeprom
 .text.write_eeprom
                0x000000001000f488       0x48 CMakeFiles/psion_recreate.dir/eeprom.c.obj
                0x000000001000f488                write_eeprom
 .text.eeprom_ram_dump
                0x000000001000f4d0       0xdc CMakeFiles/psion_recreate.dir/eeprom.c.obj
                0x000000001000f4d0                eeprom_ram_dump
 .text.eeprom_perform_dump
                0x000000001000f5ac       0x1c CMakeFiles/psion_recreate.dir/eeprom.c.obj
                0x000000001000f5ac                eeprom_perform_dump
 .text.eeprom_tasks
                0x000000001000f5c8       0x90 CMakeFiles/psion_recreate.dir/eeprom.c.obj
                0x000000001000f5c8                eeprom_tasks
 .text.init_menu_top
                0x000000001000f658        0x4 CMakeFiles/psion_recreate.dir/menu.c.obj
                0x000000001000f658                init_menu_top
 .text.menu_exit
                0x000000001000f65c        0xc CMakeFiles/psion_recreate.dir/menu.c.obj
                0x000000001000f65c                menu_exit
 .text.menu_back
                0x000000001000f668       0x18 CMakeFiles/psion_recreate.dir/menu.c.obj
                0x000000001000f668                menu_back
 .text.menu_goto_eeprom
                0x000000001000f680       0x1c CMakeFiles/psion_recreate.dir/menu.c.obj
                0x000000001000f680                menu_goto_eeprom
 .text.menu_goto_mems
                0x000000001000f69c       0x1c CMakeFiles/psion_recreate.dir/menu.c.obj
                0x000000001000f69c                menu_goto_mems
 .text.menu_goto_rtc
                0x000000001000f6b8       0x1c CMakeFiles/psion_recreate.dir/menu.c.obj
                0x000000001000f6b8                menu_goto_rtc
 .text.menu_rtc_varset
                0x000000001000f6d4        0xc CMakeFiles/psion_recreate.dir/menu.c.obj
                0x000000001000f6d4                menu_rtc_varset
 .text.menu_rtc_regset
                0x000000001000f6e0        0xc CMakeFiles/psion_recreate.dir/menu.c.obj
                0x000000001000f6e0                menu_rtc_regset
 .text.menu_scan_test
                0x000000001000f6ec       0x54 CMakeFiles/psion_recreate.dir/menu.c.obj
                0x000000001000f6ec                menu_scan_test
 .text.menu_instant_off
                0x000000001000f740       0x2c CMakeFiles/psion_recreate.dir/menu.c.obj
                0x000000001000f740                menu_instant_off
 .text.menu_eeprom_save_mems
                0x000000001000f76c       0x18 CMakeFiles/psion_recreate.dir/menu.c.obj
                0x000000001000f76c                menu_eeprom_save_mems
 .text.menu_eeprom_invalidate
                0x000000001000f784       0x50 CMakeFiles/psion_recreate.dir/menu.c.obj
                0x000000001000f784                menu_eeprom_invalidate
 .text.menu_eeprom_load_mems
                0x000000001000f7d4       0x18 CMakeFiles/psion_recreate.dir/menu.c.obj
                0x000000001000f7d4                menu_eeprom_load_mems
 .text.menu_eeprom_extract_mems
                0x000000001000f7ec       0x28 CMakeFiles/psion_recreate.dir/menu.c.obj
                0x000000001000f7ec                menu_eeprom_extract_mems
 .text.menu_null
                0x000000001000f814        0x4 CMakeFiles/psion_recreate.dir/menu.c.obj
                0x000000001000f814                menu_null
 .text.init_menu_eeprom
                0x000000001000f818        0x4 CMakeFiles/psion_recreate.dir/menu.c.obj
                0x000000001000f818                init_menu_eeprom
 .text.init_menu_rtc
                0x000000001000f81c        0x4 CMakeFiles/psion_recreate.dir/menu.c.obj
                0x000000001000f81c                init_menu_rtc
 .text.init_menu_mems
                0x000000001000f820        0x4 CMakeFiles/psion_recreate.dir/menu.c.obj
                0x000000001000f820                init_menu_mems
 .text.scan_keys
                0x000000001000f824       0xf4 CMakeFiles/psion_recreate.dir/menu.c.obj
                0x000000001000f824                scan_keys
 .text.menu_process
                0x000000001000f918       0xb4 CMakeFiles/psion_recreate.dir/menu.c.obj
                0x000000001000f918                menu_process
 .text.menu_enter
                0x000000001000f9cc       0x40 CMakeFiles/psion_recreate.dir/menu.c.obj
                0x000000001000f9cc                menu_enter
 .text.menu_loop
                0x000000001000fa0c       0xf8 CMakeFiles/psion_recreate.dir/menu.c.obj
                0x000000001000fa0c                menu_loop
 .text.menu_leave
                0x000000001000fb04       0x28 CMakeFiles/psion_recreate.dir/menu.c.obj
                0x000000001000fb04                menu_leave
 .text.check_menu_launch
                0x000000001000fb2c       0x84 CMakeFiles/psion_recreate.dir/menu.c.obj
                0x000000001000fb2c                check_menu_launch
 .text.cli_zero_parameter
                0x000000001000fbb0        0xc CMakeFiles/psion_recreate.dir/serial.c.obj
                0x000000001000fbb0                cli_zero_parameter
 .text.cli_dump_memory
                0x000000001000fbbc       0xb4 CMakeFiles/psion_recreate.dir/serial.c.obj
                0x000000001000fbbc                cli_dump_memory
 .text.cli_info
                0x000000001000fc70       0x60 CMakeFiles/psion_recreate.dir/serial.c.obj
                0x000000001000fc70                cli_info
 .text.cli_digit
                0x000000001000fcd0       0x48 CMakeFiles/psion_recreate.dir/serial.c.obj
                0x000000001000fcd0                cli_digit
 .text.cli_trace_dump_from
                0x000000001000fd18       0x88 CMakeFiles/psion_recreate.dir/serial.c.obj
                0x000000001000fd18                cli_trace_dump_from
 .text.cli_trace_dump_to
                0x000000001000fda0       0x94 CMakeFiles/psion_recreate.dir/serial.c.obj
                0x000000001000fda0                cli_trace_dump_to
 .text.serial_help
                0x000000001000fe34       0x44 CMakeFiles/psion_recreate.dir/serial.c.obj
                0x000000001000fe34                serial_help
 .text.cli_boot_mass
                0x000000001000fe78       0x14 CMakeFiles/psion_recreate.dir/serial.c.obj
                0x000000001000fe78                cli_boot_mass
 .text.serial_loop
                0x000000001000fe8c       0x50 CMakeFiles/psion_recreate.dir/serial.c.obj
                0x000000001000fe8c                serial_loop
 .text.gpio_set_function
                0x000000001000fedc       0x30 CMakeFiles/psion_recreate.dir/tree/downloaded_tools/pico/pico-sdk/src/rp2_common/hardware_gpio/gpio.c.obj
                0x000000001000fedc                gpio_set_function
 .text.gpio_set_pulls
                0x000000001000ff0c       0x30 CMakeFiles/psion_recreate.dir/tree/downloaded_tools/pico/pico-sdk/src/rp2_common/hardware_gpio/gpio.c.obj
                0x000000001000ff0c                gpio_set_pulls
 .text.gpio_init
                0x000000001000ff3c       0x3c CMakeFiles/psion_recreate.dir/tree/downloaded_tools/pico/pico-sdk/src/rp2_common/hardware_gpio/gpio.c.obj
                0x000000001000ff3c                gpio_init
 .text.hw_claim_or_assert
                0x000000001000ff78       0x48 CMakeFiles/psion_recreate.dir/tree/downloaded_tools/pico/pico-sdk/src/rp2_common/hardware_claim/claim.c.obj
                0x000000001000ff78                hw_claim_or_assert
 .text.hw_claim_unused_from_range
                0x000000001000ffc0       0x9c CMakeFiles/psion_recreate.dir/tree/downloaded_tools/pico/pico-sdk/src/rp2_common/hardware_claim/claim.c.obj
                0x000000001000ffc0                hw_claim_unused_from_range
 .text.running_on_fpga
                0x000000001001005c       0x10 CMakeFiles/psion_recreate.dir/tree/downloaded_tools/pico/pico-sdk/src/rp2_common/pico_platform/platform.c.obj
                0x000000001001005c                running_on_fpga
 .text.spin_locks_reset
                0x000000001001006c       0x1c CMakeFiles/psion_recreate.dir/tree/downloaded_tools/pico/pico-sdk/src/rp2_common/hardware_sync/sync.c.obj
                0x000000001001006c                spin_locks_reset
 .text.next_striped_spin_lock_num
                0x0000000010010088       0x18 CMakeFiles/psion_recreate.dir/tree/downloaded_tools/pico/pico-sdk/src/rp2_common/hardware_sync/sync.c.obj
                0x0000000010010088                next_striped_spin_lock_num
 .text.spin_lock_claim_unused
                0x00000000100100a0       0x20 CMakeFiles/psion_recreate.dir/tree/downloaded_tools/pico/pico-sdk/src/rp2_common/hardware_sync/sync.c.obj
                0x00000000100100a0                spin_lock_claim_unused
 .text.irq_set_enabled
                0x00000000100100c0       0x24 CMakeFiles/psion_recreate.dir/tree/downloaded_tools/pico/pico-sdk/src/rp2_common/hardware_irq/irq.c.obj
                0x00000000100100c0                irq_set_enabled
 .text.irq_is_enabled
                0x00000000100100e4       0x18 CMakeFiles/psion_recreate.dir/tree/downloaded_tools/pico/pico-sdk/src/rp2_common/hardware_irq/irq.c.obj
                0x00000000100100e4                irq_is_enabled
 .text.irq_set_pending
                0x00000000100100fc       0x10 CMakeFiles/psion_recreate.dir/tree/downloaded_tools/pico/pico-sdk/src/rp2_common/hardware_irq/irq.c.obj
                0x00000000100100fc                irq_set_pending
 .text.irq_has_shared_handler
                0x000000001001010c       0x2c CMakeFiles/psion_recreate.dir/tree/downloaded_tools/pico/pico-sdk/src/rp2_common/hardware_irq/irq.c.obj
                0x000000001001010c                irq_has_shared_handler
 .text.irq_get_vtable_handler
                0x0000000010010138       0x10 CMakeFiles/psion_recreate.dir/tree/downloaded_tools/pico/pico-sdk/src/rp2_common/hardware_irq/irq.c.obj
                0x0000000010010138                irq_get_vtable_handler
 .text.irq_set_exclusive_handler
                0x0000000010010148       0x54 CMakeFiles/psion_recreate.dir/tree/downloaded_tools/pico/pico-sdk/src/rp2_common/hardware_irq/irq.c.obj
                0x0000000010010148                irq_set_exclusive_handler
 .text.irq_add_shared_handler
                0x000000001001019c      0x1c0 CMakeFiles/psion_recreate.dir/tree/downloaded_tools/pico/pico-sdk/src/rp2_common/hardware_irq/irq.c.obj
                0x000000001001019c                irq_add_shared_handler
 .text.irq_remove_handler
                0x000000001001035c      0x1b4 CMakeFiles/psion_recreate.dir/tree/downloaded_tools/pico/pico-sdk/src/rp2_common/hardware_irq/irq.c.obj
                0x000000001001035c                irq_remove_handler
 .text.irq_add_tail_to_free_list
                0x0000000010010510       0xb8 CMakeFiles/psion_recreate.dir/tree/downloaded_tools/pico/pico-sdk/src/rp2_common/hardware_irq/irq.c.obj
                0x0000000010010510                irq_add_tail_to_free_list
 .text.irq_init_priorities
                0x00000000100105c8       0x24 CMakeFiles/psion_recreate.dir/tree/downloaded_tools/pico/pico-sdk/src/rp2_common/hardware_irq/irq.c.obj
                0x00000000100105c8                irq_init_priorities
 .text.user_irq_claim_unused
                0x00000000100105ec       0x30 CMakeFiles/psion_recreate.dir/tree/downloaded_tools/pico/pico-sdk/src/rp2_common/hardware_irq/irq.c.obj
                0x00000000100105ec                user_irq_claim_unused
 .text.lock_init
                0x000000001001061c       0x10 CMakeFiles/psion_recreate.dir/tree/downloaded_tools/pico/pico-sdk/src/common/pico_sync/lock_core.c.obj
                0x000000001001061c                lock_init
 .text.timer_pool_entry_comparator
                0x000000001001062c       0x34 CMakeFiles/psion_recreate.dir/tree/downloaded_tools/pico/pico-sdk/src/common/pico_time/time.c.obj
                0x000000001001062c                timer_pool_entry_comparator
 .text.sleep_until_callback
                0x0000000010010660       0x30 CMakeFiles/psion_recreate.dir/tree/downloaded_tools/pico/pico-sdk/src/common/pico_time/time.c.obj
 .text.alarm_pool_add_alarm_at.constprop.0
                0x0000000010010690      0x128 CMakeFiles/psion_recreate.dir/tree/downloaded_tools/pico/pico-sdk/src/common/pico_time/time.c.obj
 .text.add_alarm_under_lock
                0x00000000100107b8      0x108 CMakeFiles/psion_recreate.dir/tree/downloaded_tools/pico/pico-sdk/src/common/pico_time/time.c.obj
 .text.alarm_pool_alarm_callback
                0x00000000100108c0      0x1c8 CMakeFiles/psion_recreate.dir/tree/downloaded_tools/pico/pico-sdk/src/common/pico_time/time.c.obj
 .text.alarm_pool_init_default
                0x0000000010010a88       0x64 CMakeFiles/psion_recreate.dir/tree/downloaded_tools/pico/pico-sdk/src/common/pico_time/time.c.obj
                0x0000000010010a88                alarm_pool_init_default
 .text.alarm_pool_get_default
                0x0000000010010aec        0x8 CMakeFiles/psion_recreate.dir/tree/downloaded_tools/pico/pico-sdk/src/common/pico_time/time.c.obj
                0x0000000010010aec                alarm_pool_get_default
 .text.alarm_pool_add_alarm_at
                0x0000000010010af4      0x1ac CMakeFiles/psion_recreate.dir/tree/downloaded_tools/pico/pico-sdk/src/common/pico_time/time.c.obj
                0x0000000010010af4                alarm_pool_add_alarm_at
 .text.sleep_until
                0x0000000010010ca0       0xac CMakeFiles/psion_recreate.dir/tree/downloaded_tools/pico/pico-sdk/src/common/pico_time/time.c.obj
                0x0000000010010ca0                sleep_until
 .text.sleep_us
                0x0000000010010d4c       0x30 CMakeFiles/psion_recreate.dir/tree/downloaded_tools/pico/pico-sdk/src/common/pico_time/time.c.obj
                0x0000000010010d4c                sleep_us
 .text.sleep_ms
                0x0000000010010d7c       0x38 CMakeFiles/psion_recreate.dir/tree/downloaded_tools/pico/pico-sdk/src/common/pico_time/time.c.obj
                0x0000000010010d7c                sleep_ms
 .text.best_effort_wfe_or_timeout
                0x0000000010010db4       0xd4 CMakeFiles/psion_recreate.dir/tree/downloaded_tools/pico/pico-sdk/src/common/pico_time/time.c.obj
                0x0000000010010db4                best_effort_wfe_or_timeout
 .text.hardware_alarm_irq_handler
                0x0000000010010e88       0xb8 CMakeFiles/psion_recreate.dir/tree/downloaded_tools/pico/pico-sdk/src/rp2_common/hardware_timer/timer.c.obj
 .text.hardware_alarm_claim
                0x0000000010010f40       0x18 CMakeFiles/psion_recreate.dir/tree/downloaded_tools/pico/pico-sdk/src/rp2_common/hardware_timer/timer.c.obj
                0x0000000010010f40                hardware_alarm_claim
 .text.time_us_64
                0x0000000010010f58       0x14 CMakeFiles/psion_recreate.dir/tree/downloaded_tools/pico/pico-sdk/src/rp2_common/hardware_timer/timer.c.obj
                0x0000000010010f58                time_us_64
 .text.busy_wait_us
                0x0000000010010f6c       0x54 CMakeFiles/psion_recreate.dir/tree/downloaded_tools/pico/pico-sdk/src/rp2_common/hardware_timer/timer.c.obj
                0x0000000010010f6c                busy_wait_us
 .text.busy_wait_until
                0x0000000010010fc0       0x20 CMakeFiles/psion_recreate.dir/tree/downloaded_tools/pico/pico-sdk/src/rp2_common/hardware_timer/timer.c.obj
                0x0000000010010fc0                busy_wait_until
 .text.hardware_alarm_set_callback
                0x0000000010010fe0       0x8c CMakeFiles/psion_recreate.dir/tree/downloaded_tools/pico/pico-sdk/src/rp2_common/hardware_timer/timer.c.obj
                0x0000000010010fe0                hardware_alarm_set_callback
 .text.hardware_alarm_set_target
                0x000000001001106c       0xe4 CMakeFiles/psion_recreate.dir/tree/downloaded_tools/pico/pico-sdk/src/rp2_common/hardware_timer/timer.c.obj
                0x000000001001106c                hardware_alarm_set_target
 .text.hardware_alarm_cancel
                0x0000000010011150       0x40 CMakeFiles/psion_recreate.dir/tree/downloaded_tools/pico/pico-sdk/src/rp2_common/hardware_timer/timer.c.obj
                0x0000000010011150                hardware_alarm_cancel
 .text.ph_merge_nodes
                0x0000000010011190       0x68 CMakeFiles/psion_recreate.dir/tree/downloaded_tools/pico/pico-sdk/src/common/pico_util/pheap.c.obj
 .text.ph_post_alloc_init
                0x00000000100111f8       0x3c CMakeFiles/psion_recreate.dir/tree/downloaded_tools/pico/pico-sdk/src/common/pico_util/pheap.c.obj
                0x00000000100111f8                ph_post_alloc_init
 .text.ph_merge_two_pass
                0x0000000010011234       0x90 CMakeFiles/psion_recreate.dir/tree/downloaded_tools/pico/pico-sdk/src/common/pico_util/pheap.c.obj
                0x0000000010011234                ph_merge_two_pass
 .text.ph_remove_any_head
                0x00000000100112c4       0xf8 CMakeFiles/psion_recreate.dir/tree/downloaded_tools/pico/pico-sdk/src/common/pico_util/pheap.c.obj
 .text.ph_remove_head
                0x00000000100113bc      0x13c CMakeFiles/psion_recreate.dir/tree/downloaded_tools/pico/pico-sdk/src/common/pico_util/pheap.c.obj
                0x00000000100113bc                ph_remove_head
 .text.ph_remove_and_free_node
                0x00000000100114f8       0x7c CMakeFiles/psion_recreate.dir/tree/downloaded_tools/pico/pico-sdk/src/common/pico_util/pheap.c.obj
                0x00000000100114f8                ph_remove_and_free_node
 .text.mutex_init
                0x0000000010011574       0x1c CMakeFiles/psion_recreate.dir/tree/downloaded_tools/pico/pico-sdk/src/common/pico_sync/mutex.c.obj
                0x0000000010011574                mutex_init
 .text.recursive_mutex_init
                0x0000000010011590       0x1c CMakeFiles/psion_recreate.dir/tree/downloaded_tools/pico/pico-sdk/src/common/pico_sync/mutex.c.obj
                0x0000000010011590                recursive_mutex_init
 .text.critical_section_init
                0x00000000100115ac       0x1c CMakeFiles/psion_recreate.dir/tree/downloaded_tools/pico/pico-sdk/src/common/pico_sync/critical_section.c.obj
                0x00000000100115ac                critical_section_init
 .text.uart_init
                0x00000000100115c8       0xe4 CMakeFiles/psion_recreate.dir/tree/downloaded_tools/pico/pico-sdk/src/rp2_common/hardware_uart/uart.c.obj
                0x00000000100115c8                uart_init
 .text.runtime_init
                0x00000000100116ac       0xf0 CMakeFiles/psion_recreate.dir/tree/downloaded_tools/pico/pico-sdk/src/rp2_common/pico_runtime/runtime.c.obj
                0x00000000100116ac                runtime_init
 .text._sbrk    0x000000001001179c       0x34 CMakeFiles/psion_recreate.dir/tree/downloaded_tools/pico/pico-sdk/src/rp2_common/pico_runtime/runtime.c.obj
                0x000000001001179c                _sbrk
 .text.exit     0x00000000100117d0        0x4 CMakeFiles/psion_recreate.dir/tree/downloaded_tools/pico/pico-sdk/src/rp2_common/pico_runtime/runtime.c.obj
                0x00000000100117d0                exit
 .text.__assert_func
                0x00000000100117d4       0x34 CMakeFiles/psion_recreate.dir/tree/downloaded_tools/pico/pico-sdk/src/rp2_common/pico_runtime/runtime.c.obj
                0x00000000100117d4                __assert_func
 .text.panic    0x0000000010011808       0x30 CMakeFiles/psion_recreate.dir/tree/downloaded_tools/pico/pico-sdk/src/rp2_common/pico_runtime/runtime.c.obj
                0x0000000010011808                panic
 .text.hard_assertion_failure
                0x0000000010011838        0xc CMakeFiles/psion_recreate.dir/tree/downloaded_tools/pico/pico-sdk/src/rp2_common/pico_runtime/runtime.c.obj
                0x0000000010011838                hard_assertion_failure
 .text.clocks_init
                0x0000000010011844      0x2bc CMakeFiles/psion_recreate.dir/tree/downloaded_tools/pico/pico-sdk/src/rp2_common/hardware_clocks/clocks.c.obj
                0x0000000010011844                clocks_init
 .text.clock_get_hz
                0x0000000010011b00        0xc CMakeFiles/psion_recreate.dir/tree/downloaded_tools/pico/pico-sdk/src/rp2_common/hardware_clocks/clocks.c.obj
                0x0000000010011b00                clock_get_hz
 .text.pll_init
                0x0000000010011b0c       0xa8 CMakeFiles/psion_recreate.dir/tree/downloaded_tools/pico/pico-sdk/src/rp2_common/hardware_pll/pll.c.obj
                0x0000000010011b0c                pll_init
 .text.watchdog_start_tick
                0x0000000010011bb4       0x10 CMakeFiles/psion_recreate.dir/tree/downloaded_tools/pico/pico-sdk/src/rp2_common/hardware_watchdog/watchdog.c.obj
                0x0000000010011bb4                watchdog_start_tick
 .text.watchdog_reboot
                0x0000000010011bc4       0x98 CMakeFiles/psion_recreate.dir/tree/downloaded_tools/pico/pico-sdk/src/rp2_common/hardware_watchdog/watchdog.c.obj
                0x0000000010011bc4                watchdog_reboot
 .text.xosc_init
                0x0000000010011c5c       0x28 CMakeFiles/psion_recreate.dir/tree/downloaded_tools/pico/pico-sdk/src/rp2_common/hardware_xosc/xosc.c.obj
                0x0000000010011c5c                xosc_init
 .text._out_buffer
                0x0000000010011c84        0x8 CMakeFiles/psion_recreate.dir/tree/downloaded_tools/pico/pico-sdk/src/rp2_common/pico_printf/printf.c.obj
 .text._out_null
                0x0000000010011c8c        0x4 CMakeFiles/psion_recreate.dir/tree/downloaded_tools/pico/pico-sdk/src/rp2_common/pico_printf/printf.c.obj
 .text._out_rev
                0x0000000010011c90       0xd0 CMakeFiles/psion_recreate.dir/tree/downloaded_tools/pico/pico-sdk/src/rp2_common/pico_printf/printf.c.obj
 .text._ntoa_format
                0x0000000010011d60      0x1d0 CMakeFiles/psion_recreate.dir/tree/downloaded_tools/pico/pico-sdk/src/rp2_common/pico_printf/printf.c.obj
 .text._out_char
                0x0000000010011f30       0x10 CMakeFiles/psion_recreate.dir/tree/downloaded_tools/pico/pico-sdk/src/rp2_common/pico_printf/printf.c.obj
 .text._out_fct
                0x0000000010011f40       0x10 CMakeFiles/psion_recreate.dir/tree/downloaded_tools/pico/pico-sdk/src/rp2_common/pico_printf/printf.c.obj
 .text._etoa    0x0000000010011f50      0x478 CMakeFiles/psion_recreate.dir/tree/downloaded_tools/pico/pico-sdk/src/rp2_common/pico_printf/printf.c.obj
 .text._ftoa    0x00000000100123c8      0x3e0 CMakeFiles/psion_recreate.dir/tree/downloaded_tools/pico/pico-sdk/src/rp2_common/pico_printf/printf.c.obj
 .text._vsnprintf
                0x00000000100127a8      0xb08 CMakeFiles/psion_recreate.dir/tree/downloaded_tools/pico/pico-sdk/src/rp2_common/pico_printf/printf.c.obj
 .text.__wrap_sprintf
                0x00000000100132b0       0x28 CMakeFiles/psion_recreate.dir/tree/downloaded_tools/pico/pico-sdk/src/rp2_common/pico_printf/printf.c.obj
                0x00000000100132b0                __wrap_sprintf
 .text.vfctprintf
                0x00000000100132d8       0x20 CMakeFiles/psion_recreate.dir/tree/downloaded_tools/pico/pico-sdk/src/rp2_common/pico_printf/printf.c.obj
                0x00000000100132d8                vfctprintf
 .text.weak_raw_printf
                0x00000000100132f8       0x40 CMakeFiles/psion_recreate.dir/tree/downloaded_tools/pico/pico-sdk/src/rp2_common/pico_printf/printf.c.obj
                0x00000000100132f8                weak_raw_printf
 .text.weak_raw_vprintf
                0x0000000010013338       0x30 CMakeFiles/psion_recreate.dir/tree/downloaded_tools/pico/pico-sdk/src/rp2_common/pico_printf/printf.c.obj
                0x0000000010013338                weak_raw_vprintf
 .text          0x0000000010013368       0x10 CMakeFiles/psion_recreate.dir/tree/downloaded_tools/pico/pico-sdk/src/rp2_common/pico_bit_ops/bit_ops_aeabi.S.obj
 .text.rom_func_lookup
                0x0000000010013378       0x10 CMakeFiles/psion_recreate.dir/tree/downloaded_tools/pico/pico-sdk/src/rp2_common/pico_bootrom/bootrom.c.obj
                0x0000000010013378                rom_func_lookup
 .text.rom_data_lookup
                0x0000000010013388       0x10 CMakeFiles/psion_recreate.dir/tree/downloaded_tools/pico/pico-sdk/src/rp2_common/pico_bootrom/bootrom.c.obj
                0x0000000010013388                rom_data_lookup
 .text.rom_funcs_lookup
                0x0000000010013398       0x3c CMakeFiles/psion_recreate.dir/tree/downloaded_tools/pico/pico-sdk/src/rp2_common/pico_bootrom/bootrom.c.obj
                0x0000000010013398                rom_funcs_lookup
 .text.__wrap___aeabi_idiv
                0x00000000100133d4       0x50 CMakeFiles/psion_recreate.dir/tree/downloaded_tools/pico/pico-sdk/src/rp2_common/pico_divider/divider.S.obj
                0x00000000100133d4                __wrap___aeabi_idivmod
                0x00000000100133d4                divmod_s32s32
                0x00000000100133d4                div_s32s32
                0x00000000100133d4                __wrap___aeabi_idiv
                0x00000000100133dc                divmod_s32s32_unsafe
                0x0000000010013408                divmod_s32s32_savestate
 .text.__wrap___aeabi_uidiv
                0x0000000010013424       0x4c CMakeFiles/psion_recreate.dir/tree/downloaded_tools/pico/pico-sdk/src/rp2_common/pico_divider/divider.S.obj
                0x0000000010013424                __wrap___aeabi_uidiv
                0x0000000010013424                __wrap___aeabi_uidivmod
                0x0000000010013424                div_u32u32
                0x0000000010013424                divmod_u32u32
                0x000000001001342c                divmod_u32u32_unsafe
                0x0000000010013454                divmod_u32u32_savestate
 .text.__wrap___aeabi_ldiv
                0x0000000010013470      0x434 CMakeFiles/psion_recreate.dir/tree/downloaded_tools/pico/pico-sdk/src/rp2_common/pico_divider/divider.S.obj
                0x0000000010013470                div_s64s64
                0x0000000010013470                divmod_s64s64
                0x0000000010013470                __wrap___aeabi_ldivmod
                0x00000000100134a8                div_u64u64
                0x00000000100134a8                divmod_u64u64
                0x00000000100134a8                __wrap___aeabi_uldivmod
                0x00000000100134b8                divmod_u64u64_savestate
                0x00000000100134e0                divmod_s64s64_unsafe
                0x0000000010013568                divmod_u64u64_unsafe
 .text.__wrap___aeabi_darithmetic
                0x00000000100138a4       0x80 CMakeFiles/psion_recreate.dir/tree/downloaded_tools/pico/pico-sdk/src/rp2_common/pico_double/double_aeabi.S.obj
                0x00000000100138a4                __wrap___aeabi_drsub
                0x00000000100138aa                __wrap___aeabi_dsub
                0x00000000100138bc                __wrap___aeabi_dadd
                0x00000000100138ce                __wrap___aeabi_ddiv
                0x000000001001390a                __wrap___aeabi_dmul
 .text.__wrap___aeabi_cdcmple
                0x0000000010013924       0x6c CMakeFiles/psion_recreate.dir/tree/downloaded_tools/pico/pico-sdk/src/rp2_common/pico_double/double_aeabi.S.obj
                0x0000000010013924                __wrap___aeabi_cdrcmple
                0x0000000010013934                __wrap___aeabi_cdcmple
                0x0000000010013934                __wrap___aeabi_cdcmpeq
 .text.__wrap___aeabi_dcmpeq
                0x0000000010013990       0x10 CMakeFiles/psion_recreate.dir/tree/downloaded_tools/pico/pico-sdk/src/rp2_common/pico_double/double_aeabi.S.obj
                0x0000000010013990                __wrap___aeabi_dcmpeq
 .text.__wrap___aeabi_dcmplt
                0x00000000100139a0        0xc CMakeFiles/psion_recreate.dir/tree/downloaded_tools/pico/pico-sdk/src/rp2_common/pico_double/double_aeabi.S.obj
                0x00000000100139a0                __wrap___aeabi_dcmplt
 .text.__wrap___aeabi_dcmple
                0x00000000100139ac       0x10 CMakeFiles/psion_recreate.dir/tree/downloaded_tools/pico/pico-sdk/src/rp2_common/pico_double/double_aeabi.S.obj
                0x00000000100139ac                __wrap___aeabi_dcmple
 .text.__wrap___aeabi_dcmpge
                0x00000000100139bc       0x10 CMakeFiles/psion_recreate.dir/tree/downloaded_tools/pico/pico-sdk/src/rp2_common/pico_double/double_aeabi.S.obj
                0x00000000100139bc                __wrap___aeabi_dcmpge
 .text.__wrap___aeabi_dcmpgt
                0x00000000100139cc        0xa CMakeFiles/psion_recreate.dir/tree/downloaded_tools/pico/pico-sdk/src/rp2_common/pico_double/double_aeabi.S.obj
                0x00000000100139cc                __wrap___aeabi_dcmpgt
 .text.__wrap___aeabi_dcmpun
                0x00000000100139d6       0x1c CMakeFiles/psion_recreate.dir/tree/downloaded_tools/pico/pico-sdk/src/rp2_common/pico_double/double_aeabi.S.obj
                0x00000000100139d6                __wrap___aeabi_dcmpun
 *fill*         0x00000000100139f2        0x2 
 .text.__wrap___aeabi_i2d
                0x00000000100139f4       0x38 CMakeFiles/psion_recreate.dir/tree/downloaded_tools/pico/pico-sdk/src/rp2_common/pico_double/double_aeabi.S.obj
                0x00000000100139f4                __wrap___aeabi_ui2d
                0x00000000100139fc                __wrap___aeabi_i2d
 .text.__wrap___aeabi_d2iz
                0x0000000010013a2c       0x48 CMakeFiles/psion_recreate.dir/tree/downloaded_tools/pico/pico-sdk/src/rp2_common/pico_double/double_aeabi.S.obj
                0x0000000010013a2c                __wrap___aeabi_d2iz
                0x0000000010013a2c                double2int_z
 .text.__wrap___aeabi_d2uiz
                0x0000000010013a74       0x18 CMakeFiles/psion_recreate.dir/tree/downloaded_tools/pico/pico-sdk/src/rp2_common/pico_double/double_aeabi.S.obj
                0x0000000010013a74                double2uint
                0x0000000010013a74                __wrap___aeabi_d2uiz
 .text.__wrap___aeabi_l2d
                0x0000000010013a8c       0x18 CMakeFiles/psion_recreate.dir/tree/downloaded_tools/pico/pico-sdk/src/rp2_common/pico_double/double_aeabi.S.obj
                0x0000000010013a8c                __wrap___aeabi_l2d
 .text.__wrap___aeabi_d2lz
                0x0000000010013aa4       0x26 CMakeFiles/psion_recreate.dir/tree/downloaded_tools/pico/pico-sdk/src/rp2_common/pico_double/double_aeabi.S.obj
                0x0000000010013aa4                __wrap___aeabi_d2lz
                0x0000000010013aa4                double2int64_z
 *fill*         0x0000000010013aca        0x2 
 .text.double2int64
                0x0000000010013acc       0x18 CMakeFiles/psion_recreate.dir/tree/downloaded_tools/pico/pico-sdk/src/rp2_common/pico_double/double_aeabi.S.obj
                0x0000000010013acc                double2int64
 .text.double2ufix64
                0x0000000010013ae4       0x18 CMakeFiles/psion_recreate.dir/tree/downloaded_tools/pico/pico-sdk/src/rp2_common/pico_double/double_aeabi.S.obj
                0x0000000010013ae4                double2ufix64
 .text.__wrap___aeabi_d2f
                0x0000000010013afc       0x18 CMakeFiles/psion_recreate.dir/tree/downloaded_tools/pico/pico-sdk/src/rp2_common/pico_double/double_aeabi.S.obj
                0x0000000010013afc                __wrap___aeabi_d2f
 .text.__aeabi_double_init
                0x0000000010013b14       0xc0 CMakeFiles/psion_recreate.dir/tree/downloaded_tools/pico/pico-sdk/src/rp2_common/pico_double/double_init_rom.c.obj
                0x0000000010013b14                __aeabi_double_init
 .text.double_table_shim_on_use_helper
                0x0000000010013bd4       0x2c CMakeFiles/psion_recreate.dir/tree/downloaded_tools/pico/pico-sdk/src/rp2_common/pico_double/double_v1_rom_shim.S.obj
                0x0000000010013bd4                double_table_shim_on_use_helper
 .text.__wrap___aeabi_dsub
                0x0000000010013c00       0x10 CMakeFiles/psion_recreate.dir/tree/downloaded_tools/pico/pico-sdk/src/rp2_common/pico_double/double_v1_rom_shim.S.obj
                0x0000000010013c00                drsub_shim
                0x0000000010013c06                dsub_shim
 .text.dadd_shim
                0x0000000010013c10      0x15c CMakeFiles/psion_recreate.dir/tree/downloaded_tools/pico/pico-sdk/src/rp2_common/pico_double/double_v1_rom_shim.S.obj
                0x0000000010013c10                dadd_shim
 .text.dmul_shim
                0x0000000010013d6c      0x15c CMakeFiles/psion_recreate.dir/tree/downloaded_tools/pico/pico-sdk/src/rp2_common/pico_double/double_v1_rom_shim.S.obj
                0x0000000010013d6c                dmul_shim
 .text.ddiv_shim
                0x0000000010013ec8      0x1b0 CMakeFiles/psion_recreate.dir/tree/downloaded_tools/pico/pico-sdk/src/rp2_common/pico_double/double_v1_rom_shim.S.obj
                0x0000000010013ec8                ddiv_shim
 .text.double2uint_shim
                0x0000000010014078        0xe CMakeFiles/psion_recreate.dir/tree/downloaded_tools/pico/pico-sdk/src/rp2_common/pico_double/double_v1_rom_shim.S.obj
                0x0000000010014078                double2uint_shim
                0x000000001001407a                double2ufix_shim
 .text.double2int64_shim
                0x0000000010014086       0x1a CMakeFiles/psion_recreate.dir/tree/downloaded_tools/pico/pico-sdk/src/rp2_common/pico_double/double_v1_rom_shim.S.obj
                0x0000000010014086                double2int64_shim
                0x0000000010014088                double2fix64_shim
 .text.double2uint64_shim
                0x00000000100140a0       0x70 CMakeFiles/psion_recreate.dir/tree/downloaded_tools/pico/pico-sdk/src/rp2_common/pico_double/double_v1_rom_shim.S.obj
                0x00000000100140a0                double2uint64_shim
                0x00000000100140a2                double2ufix64_shim
                0x00000000100140c2                d2fix_a
 .text.double2float_shim
                0x0000000010014110       0x5c CMakeFiles/psion_recreate.dir/tree/downloaded_tools/pico/pico-sdk/src/rp2_common/pico_double/double_v1_rom_shim.S.obj
                0x0000000010014110                double2float_shim
 .text.x2double_shims
                0x000000001001416c       0x90 CMakeFiles/psion_recreate.dir/tree/downloaded_tools/pico/pico-sdk/src/rp2_common/pico_double/double_v1_rom_shim.S.obj
                0x000000001001416c                uint2double_shim
                0x000000001001416e                ufix2double_shim
                0x0000000010014174                int2double_shim
                0x0000000010014176                fix2double_shim
                0x000000001001417c                uint642double_shim
                0x000000001001417e                ufix642double_shim
                0x0000000010014184                int642double_shim
                0x0000000010014186                fix642double_shim
 .text.dunpacks
                0x00000000100141fc       0x3c CMakeFiles/psion_recreate.dir/tree/downloaded_tools/pico/pico-sdk/src/rp2_common/pico_double/double_v1_rom_shim.S.obj
                0x00000000100141fc                dunpacks
 .text.__aeabi_lmul
                0x0000000010014238       0x32 CMakeFiles/psion_recreate.dir/tree/downloaded_tools/pico/pico-sdk/src/rp2_common/pico_int64_ops/pico_int64_ops_aeabi.S.obj
                0x0000000010014238                __wrap___aeabi_lmul
 *fill*         0x000000001001426a        0x2 
 .text.__wrap___aeabi_cfcmple
                0x000000001001426c       0x50 CMakeFiles/psion_recreate.dir/tree/downloaded_tools/pico/pico-sdk/src/rp2_common/pico_float/float_aeabi.S.obj
                0x000000001001426c                __wrap___aeabi_cfrcmple
                0x0000000010014278                __wrap___aeabi_cfcmpeq
                0x0000000010014278                __wrap___aeabi_cfcmple
 .text.__wrap___aeabi_fcmple
                0x00000000100142bc       0x10 CMakeFiles/psion_recreate.dir/tree/downloaded_tools/pico/pico-sdk/src/rp2_common/pico_float/float_aeabi.S.obj
                0x00000000100142bc                __wrap___aeabi_fcmple
 .text.__wrap___aeabi_fcmpun
                0x00000000100142cc       0x18 CMakeFiles/psion_recreate.dir/tree/downloaded_tools/pico/pico-sdk/src/rp2_common/pico_float/float_aeabi.S.obj
                0x00000000100142cc                __wrap___aeabi_fcmpun
 .text.__aeabi_float_init
                0x00000000100142e4       0x64 CMakeFiles/psion_recreate.dir/tree/downloaded_tools/pico/pico-sdk/src/rp2_common/pico_float/float_init_rom.c.obj
                0x00000000100142e4                __aeabi_float_init
 .text.float_table_shim_on_use_helper
                0x0000000010014348       0x2c CMakeFiles/psion_recreate.dir/tree/downloaded_tools/pico/pico-sdk/src/rp2_common/pico_float/float_v1_rom_shim.S.obj
                0x0000000010014348                float_table_shim_on_use_helper
 .text          0x0000000010014374       0x10 CMakeFiles/psion_recreate.dir/tree/downloaded_tools/pico/pico-sdk/src/rp2_common/pico_mem_ops/mem_ops_aeabi.S.obj
                0x0000000010014374                __aeabi_mem_init
 .text.memset   0x0000000010014384        0xc CMakeFiles/psion_recreate.dir/tree/downloaded_tools/pico/pico-sdk/src/rp2_common/pico_mem_ops/mem_ops_aeabi.S.obj
                0x0000000010014384                __wrap_memset
 .text.memcpy   0x0000000010014390        0xc CMakeFiles/psion_recreate.dir/tree/downloaded_tools/pico/pico-sdk/src/rp2_common/pico_mem_ops/mem_ops_aeabi.S.obj
                0x0000000010014390                __wrap___aeabi_memcpy
                0x0000000010014390                __wrap_memcpy
 .text.stdio_out_chars_no_crlf
                0x000000001001439c       0x10 CMakeFiles/psion_recreate.dir/tree/downloaded_tools/pico/pico-sdk/src/rp2_common/pico_stdio/stdio.c.obj
 .text.stdio_out_chars_crlf
                0x00000000100143ac       0x94 CMakeFiles/psion_recreate.dir/tree/downloaded_tools/pico/pico-sdk/src/rp2_common/pico_stdio/stdio.c.obj
 .text.stdio_buffered_printer
                0x0000000010014440       0x64 CMakeFiles/psion_recreate.dir/tree/downloaded_tools/pico/pico-sdk/src/rp2_common/pico_stdio/stdio.c.obj
 .text.stdio_put_string
                0x00000000100144a4      0x100 CMakeFiles/psion_recreate.dir/tree/downloaded_tools/pico/pico-sdk/src/rp2_common/pico_stdio/stdio.c.obj
 .text.__wrap_putchar
                0x00000000100145a4       0xa4 CMakeFiles/psion_recreate.dir/tree/downloaded_tools/pico/pico-sdk/src/rp2_common/pico_stdio/stdio.c.obj
                0x00000000100145a4                __wrap_putchar
 .text.__wrap_puts
                0x0000000010014648       0x3c CMakeFiles/psion_recreate.dir/tree/downloaded_tools/pico/pico-sdk/src/rp2_common/pico_stdio/stdio.c.obj
                0x0000000010014648                __wrap_puts
 .text._read    0x0000000010014684       0x94 CMakeFiles/psion_recreate.dir/tree/downloaded_tools/pico/pico-sdk/src/rp2_common/pico_stdio/stdio.c.obj
                0x0000000010014684                _read
 .text._write   0x0000000010014718       0xac CMakeFiles/psion_recreate.dir/tree/downloaded_tools/pico/pico-sdk/src/rp2_common/pico_stdio/stdio.c.obj
                0x0000000010014718                _write
 .text.stdio_set_driver_enabled
                0x00000000100147c4       0x30 CMakeFiles/psion_recreate.dir/tree/downloaded_tools/pico/pico-sdk/src/rp2_common/pico_stdio/stdio.c.obj
                0x00000000100147c4                stdio_set_driver_enabled
 .text.stdio_flush
                0x00000000100147f4       0x28 CMakeFiles/psion_recreate.dir/tree/downloaded_tools/pico/pico-sdk/src/rp2_common/pico_stdio/stdio.c.obj
                0x00000000100147f4                stdio_flush
 .text.__wrap_vprintf
                0x000000001001481c       0xd8 CMakeFiles/psion_recreate.dir/tree/downloaded_tools/pico/pico-sdk/src/rp2_common/pico_stdio/stdio.c.obj
                0x000000001001481c                __wrap_vprintf
 .text.__wrap_printf
                0x00000000100148f4       0x18 CMakeFiles/psion_recreate.dir/tree/downloaded_tools/pico/pico-sdk/src/rp2_common/pico_stdio/stdio.c.obj
                0x00000000100148f4                __wrap_printf
 .text.stdio_init_all
                0x000000001001490c        0xc CMakeFiles/psion_recreate.dir/tree/downloaded_tools/pico/pico-sdk/src/rp2_common/pico_stdio/stdio.c.obj
                0x000000001001490c                stdio_init_all
 .text.getchar_timeout_us
                0x0000000010014918       0xa4 CMakeFiles/psion_recreate.dir/tree/downloaded_tools/pico/pico-sdk/src/rp2_common/pico_stdio/stdio.c.obj
                0x0000000010014918                getchar_timeout_us
 .text.stdio_uart_out_chars
                0x00000000100149bc       0x4c CMakeFiles/psion_recreate.dir/tree/downloaded_tools/pico/pico-sdk/src/rp2_common/pico_stdio_uart/stdio_uart.c.obj
 .text.stdio_uart_in_chars
                0x0000000010014a08       0x38 CMakeFiles/psion_recreate.dir/tree/downloaded_tools/pico/pico-sdk/src/rp2_common/pico_stdio_uart/stdio_uart.c.obj
                0x0000000010014a08                stdio_uart_in_chars
 .text.stdio_uart_init
                0x0000000010014a40       0x48 CMakeFiles/psion_recreate.dir/tree/downloaded_tools/pico/pico-sdk/src/rp2_common/pico_stdio_uart/stdio_uart.c.obj
                0x0000000010014a40                stdio_uart_init
 .text.resetd_init
                0x0000000010014a88        0x4 CMakeFiles/psion_recreate.dir/tree/downloaded_tools/pico/pico-sdk/src/rp2_common/pico_stdio_usb/reset_interface.c.obj
 .text.resetd_reset
                0x0000000010014a8c        0xc CMakeFiles/psion_recreate.dir/tree/downloaded_tools/pico/pico-sdk/src/rp2_common/pico_stdio_usb/reset_interface.c.obj
 .text.resetd_open
                0x0000000010014a98       0x28 CMakeFiles/psion_recreate.dir/tree/downloaded_tools/pico/pico-sdk/src/rp2_common/pico_stdio_usb/reset_interface.c.obj
 .text.resetd_xfer_cb
                0x0000000010014ac0        0x4 CMakeFiles/psion_recreate.dir/tree/downloaded_tools/pico/pico-sdk/src/rp2_common/pico_stdio_usb/reset_interface.c.obj
 .text.resetd_control_xfer_cb
                0x0000000010014ac4       0x64 CMakeFiles/psion_recreate.dir/tree/downloaded_tools/pico/pico-sdk/src/rp2_common/pico_stdio_usb/reset_interface.c.obj
 .text.usbd_app_driver_get_cb
                0x0000000010014b28        0xc CMakeFiles/psion_recreate.dir/tree/downloaded_tools/pico/pico-sdk/src/rp2_common/pico_stdio_usb/reset_interface.c.obj
                0x0000000010014b28                usbd_app_driver_get_cb
 .text.tud_cdc_line_coding_cb
                0x0000000010014b34       0x34 CMakeFiles/psion_recreate.dir/tree/downloaded_tools/pico/pico-sdk/src/rp2_common/pico_stdio_usb/reset_interface.c.obj
                0x0000000010014b34                tud_cdc_line_coding_cb
 .text.stdio_usb_in_chars
                0x0000000010014b68       0x68 CMakeFiles/psion_recreate.dir/tree/downloaded_tools/pico/pico-sdk/src/rp2_common/pico_stdio_usb/stdio_usb.c.obj
                0x0000000010014b68                stdio_usb_in_chars
 .text.stdio_usb_out_chars
                0x0000000010014bd0       0xec CMakeFiles/psion_recreate.dir/tree/downloaded_tools/pico/pico-sdk/src/rp2_common/pico_stdio_usb/stdio_usb.c.obj
 .text.timer_task
                0x0000000010014cbc       0x18 CMakeFiles/psion_recreate.dir/tree/downloaded_tools/pico/pico-sdk/src/rp2_common/pico_stdio_usb/stdio_usb.c.obj
 .text.usb_irq  0x0000000010014cd4       0x10 CMakeFiles/psion_recreate.dir/tree/downloaded_tools/pico/pico-sdk/src/rp2_common/pico_stdio_usb/stdio_usb.c.obj
 .text.low_priority_worker_irq
                0x0000000010014ce4       0x24 CMakeFiles/psion_recreate.dir/tree/downloaded_tools/pico/pico-sdk/src/rp2_common/pico_stdio_usb/stdio_usb.c.obj
 .text.stdio_usb_init
                0x0000000010014d08       0xb0 CMakeFiles/psion_recreate.dir/tree/downloaded_tools/pico/pico-sdk/src/rp2_common/pico_stdio_usb/stdio_usb.c.obj
                0x0000000010014d08                stdio_usb_init
 .text.tud_descriptor_device_cb
                0x0000000010014db8        0x8 CMakeFiles/psion_recreate.dir/tree/downloaded_tools/pico/pico-sdk/src/rp2_common/pico_stdio_usb/stdio_usb_descriptors.c.obj
                0x0000000010014db8                tud_descriptor_device_cb
 .text.tud_descriptor_configuration_cb
                0x0000000010014dc0        0x8 CMakeFiles/psion_recreate.dir/tree/downloaded_tools/pico/pico-sdk/src/rp2_common/pico_stdio_usb/stdio_usb_descriptors.c.obj
                0x0000000010014dc0                tud_descriptor_configuration_cb
 .text.tud_descriptor_string_cb
                0x0000000010014dc8       0x70 CMakeFiles/psion_recreate.dir/tree/downloaded_tools/pico/pico-sdk/src/rp2_common/pico_stdio_usb/stdio_usb_descriptors.c.obj
                0x0000000010014dc8                tud_descriptor_string_cb
 .text.dcd_rp2040_irq
                0x0000000010014e38      0x21c CMakeFiles/psion_recreate.dir/tree/downloaded_tools/pico/pico-sdk/lib/tinyusb/src/portable/raspberrypi/rp2040/dcd_rp2040.c.obj
 .text.dcd_int_enable
                0x0000000010015054        0xc CMakeFiles/psion_recreate.dir/tree/downloaded_tools/pico/pico-sdk/lib/tinyusb/src/portable/raspberrypi/rp2040/dcd_rp2040.c.obj
                0x0000000010015054                dcd_int_enable
 .text.dcd_set_address
                0x0000000010015060       0x14 CMakeFiles/psion_recreate.dir/tree/downloaded_tools/pico/pico-sdk/lib/tinyusb/src/portable/raspberrypi/rp2040/dcd_rp2040.c.obj
                0x0000000010015060                dcd_set_address
 .text.dcd_connect
                0x0000000010015074       0x10 CMakeFiles/psion_recreate.dir/tree/downloaded_tools/pico/pico-sdk/lib/tinyusb/src/portable/raspberrypi/rp2040/dcd_rp2040.c.obj
                0x0000000010015074                dcd_connect
 .text.dcd_init
                0x0000000010015084      0x148 CMakeFiles/psion_recreate.dir/tree/downloaded_tools/pico/pico-sdk/lib/tinyusb/src/portable/raspberrypi/rp2040/dcd_rp2040.c.obj
                0x0000000010015084                dcd_init
 .text.dcd_edpt0_status_complete
                0x00000000100151cc       0x1c CMakeFiles/psion_recreate.dir/tree/downloaded_tools/pico/pico-sdk/lib/tinyusb/src/portable/raspberrypi/rp2040/dcd_rp2040.c.obj
                0x00000000100151cc                dcd_edpt0_status_complete
 .text.dcd_edpt_open
                0x00000000100151e8       0xf0 CMakeFiles/psion_recreate.dir/tree/downloaded_tools/pico/pico-sdk/lib/tinyusb/src/portable/raspberrypi/rp2040/dcd_rp2040.c.obj
                0x00000000100151e8                dcd_edpt_open
 .text.dcd_edpt_close_all
                0x00000000100152d8       0xbc CMakeFiles/psion_recreate.dir/tree/downloaded_tools/pico/pico-sdk/lib/tinyusb/src/portable/raspberrypi/rp2040/dcd_rp2040.c.obj
                0x00000000100152d8                dcd_edpt_close_all
 .text.dcd_edpt_xfer
                0x0000000010015394       0x24 CMakeFiles/psion_recreate.dir/tree/downloaded_tools/pico/pico-sdk/lib/tinyusb/src/portable/raspberrypi/rp2040/dcd_rp2040.c.obj
                0x0000000010015394                dcd_edpt_xfer
 .text.dcd_edpt_stall
                0x00000000100153b8       0x38 CMakeFiles/psion_recreate.dir/tree/downloaded_tools/pico/pico-sdk/lib/tinyusb/src/portable/raspberrypi/rp2040/dcd_rp2040.c.obj
                0x00000000100153b8                dcd_edpt_stall
 .text.dcd_edpt_clear_stall
                0x00000000100153f0       0x30 CMakeFiles/psion_recreate.dir/tree/downloaded_tools/pico/pico-sdk/lib/tinyusb/src/portable/raspberrypi/rp2040/dcd_rp2040.c.obj
                0x00000000100153f0                dcd_edpt_clear_stall
 .text._hw_endpoint_buffer_control_update32.part.0
                0x0000000010015420       0x20 CMakeFiles/psion_recreate.dir/tree/downloaded_tools/pico/pico-sdk/lib/tinyusb/src/portable/raspberrypi/rp2040/rp2040_usb.c.obj
 .text.rp2040_usb_init
                0x0000000010015440       0x4c CMakeFiles/psion_recreate.dir/tree/downloaded_tools/pico/pico-sdk/lib/tinyusb/src/portable/raspberrypi/rp2040/rp2040_usb.c.obj
                0x0000000010015440                rp2040_usb_init
 .text.hw_endpoint_reset_transfer
                0x000000001001548c        0xc CMakeFiles/psion_recreate.dir/tree/downloaded_tools/pico/pico-sdk/lib/tinyusb/src/portable/raspberrypi/rp2040/rp2040_usb.c.obj
                0x000000001001548c                hw_endpoint_reset_transfer
 .text._hw_endpoint_buffer_control_update32
                0x0000000010015498       0x40 CMakeFiles/psion_recreate.dir/tree/downloaded_tools/pico/pico-sdk/lib/tinyusb/src/portable/raspberrypi/rp2040/rp2040_usb.c.obj
                0x0000000010015498                _hw_endpoint_buffer_control_update32
 .text.hw_endpoint_xfer_start
                0x00000000100154d8      0x138 CMakeFiles/psion_recreate.dir/tree/downloaded_tools/pico/pico-sdk/lib/tinyusb/src/portable/raspberrypi/rp2040/rp2040_usb.c.obj
                0x00000000100154d8                hw_endpoint_xfer_start
 .text.hw_endpoint_xfer_continue
                0x0000000010015610      0x1e4 CMakeFiles/psion_recreate.dir/tree/downloaded_tools/pico/pico-sdk/lib/tinyusb/src/portable/raspberrypi/rp2040/rp2040_usb.c.obj
                0x0000000010015610                hw_endpoint_xfer_continue
 .text.tud_mounted
                0x00000000100157f4       0x10 CMakeFiles/psion_recreate.dir/tree/downloaded_tools/pico/pico-sdk/lib/tinyusb/src/device/usbd.c.obj
                0x00000000100157f4                tud_mounted
 .text.tud_suspended
                0x0000000010015804       0x10 CMakeFiles/psion_recreate.dir/tree/downloaded_tools/pico/pico-sdk/lib/tinyusb/src/device/usbd.c.obj
                0x0000000010015804                tud_suspended
 .text.tud_inited
                0x0000000010015814        0xc CMakeFiles/psion_recreate.dir/tree/downloaded_tools/pico/pico-sdk/lib/tinyusb/src/device/usbd.c.obj
                0x0000000010015814                tud_inited
 .text.tud_init
                0x0000000010015820       0xd8 CMakeFiles/psion_recreate.dir/tree/downloaded_tools/pico/pico-sdk/lib/tinyusb/src/device/usbd.c.obj
                0x0000000010015820                tud_init
 .text.tud_task
                0x00000000100158f8      0x8ec CMakeFiles/psion_recreate.dir/tree/downloaded_tools/pico/pico-sdk/lib/tinyusb/src/device/usbd.c.obj
                0x00000000100158f8                tud_task
 .text.dcd_event_bus_signal
                0x00000000100161e4      0x120 CMakeFiles/psion_recreate.dir/tree/downloaded_tools/pico/pico-sdk/lib/tinyusb/src/device/usbd.c.obj
                0x00000000100161e4                dcd_event_bus_signal
 .text.dcd_event_bus_reset
                0x0000000010016304       0x54 CMakeFiles/psion_recreate.dir/tree/downloaded_tools/pico/pico-sdk/lib/tinyusb/src/device/usbd.c.obj
                0x0000000010016304                dcd_event_bus_reset
 .text.dcd_event_setup_received
                0x0000000010016358       0x50 CMakeFiles/psion_recreate.dir/tree/downloaded_tools/pico/pico-sdk/lib/tinyusb/src/device/usbd.c.obj
                0x0000000010016358                dcd_event_setup_received
 .text.dcd_event_xfer_complete
                0x00000000100163a8       0x68 CMakeFiles/psion_recreate.dir/tree/downloaded_tools/pico/pico-sdk/lib/tinyusb/src/device/usbd.c.obj
                0x00000000100163a8                dcd_event_xfer_complete
 .text.usbd_open_edpt_pair
                0x0000000010016410       0x80 CMakeFiles/psion_recreate.dir/tree/downloaded_tools/pico/pico-sdk/lib/tinyusb/src/device/usbd.c.obj
                0x0000000010016410                usbd_open_edpt_pair
 .text.usbd_edpt_open
                0x0000000010016490       0x30 CMakeFiles/psion_recreate.dir/tree/downloaded_tools/pico/pico-sdk/lib/tinyusb/src/device/usbd.c.obj
                0x0000000010016490                usbd_edpt_open
 .text.usbd_edpt_claim
                0x00000000100164c0       0x64 CMakeFiles/psion_recreate.dir/tree/downloaded_tools/pico/pico-sdk/lib/tinyusb/src/device/usbd.c.obj
                0x00000000100164c0                usbd_edpt_claim
 .text.usbd_edpt_release
                0x0000000010016524       0x4c CMakeFiles/psion_recreate.dir/tree/downloaded_tools/pico/pico-sdk/lib/tinyusb/src/device/usbd.c.obj
                0x0000000010016524                usbd_edpt_release
 .text.usbd_edpt_xfer
                0x0000000010016570       0x48 CMakeFiles/psion_recreate.dir/tree/downloaded_tools/pico/pico-sdk/lib/tinyusb/src/device/usbd.c.obj
                0x0000000010016570                usbd_edpt_xfer
 .text.tud_control_status
                0x00000000100165b8       0x30 CMakeFiles/psion_recreate.dir/tree/downloaded_tools/pico/pico-sdk/lib/tinyusb/src/device/usbd_control.c.obj
                0x00000000100165b8                tud_control_status
 .text.tud_control_xfer
                0x00000000100165e8       0xb8 CMakeFiles/psion_recreate.dir/tree/downloaded_tools/pico/pico-sdk/lib/tinyusb/src/device/usbd_control.c.obj
                0x00000000100165e8                tud_control_xfer
 .text.usbd_control_reset
                0x00000000100166a0       0x14 CMakeFiles/psion_recreate.dir/tree/downloaded_tools/pico/pico-sdk/lib/tinyusb/src/device/usbd_control.c.obj
                0x00000000100166a0                usbd_control_reset
 .text.usbd_control_set_complete_callback
                0x00000000100166b4        0xc CMakeFiles/psion_recreate.dir/tree/downloaded_tools/pico/pico-sdk/lib/tinyusb/src/device/usbd_control.c.obj
                0x00000000100166b4                usbd_control_set_complete_callback
 .text.usbd_control_set_request
                0x00000000100166c0       0x1c CMakeFiles/psion_recreate.dir/tree/downloaded_tools/pico/pico-sdk/lib/tinyusb/src/device/usbd_control.c.obj
                0x00000000100166c0                usbd_control_set_request
 .text.usbd_control_xfer_cb
                0x00000000100166dc       0xf8 CMakeFiles/psion_recreate.dir/tree/downloaded_tools/pico/pico-sdk/lib/tinyusb/src/device/usbd_control.c.obj
                0x00000000100166dc                usbd_control_xfer_cb
 .text.tud_cdc_n_connected
                0x00000000100167d4       0x30 CMakeFiles/psion_recreate.dir/tree/downloaded_tools/pico/pico-sdk/lib/tinyusb/src/class/cdc/cdc_device.c.obj
                0x00000000100167d4                tud_cdc_n_connected
 .text.tud_cdc_n_available
                0x0000000010016804       0x18 CMakeFiles/psion_recreate.dir/tree/downloaded_tools/pico/pico-sdk/lib/tinyusb/src/class/cdc/cdc_device.c.obj
                0x0000000010016804                tud_cdc_n_available
 .text.tud_cdc_n_read
                0x000000001001681c       0x70 CMakeFiles/psion_recreate.dir/tree/downloaded_tools/pico/pico-sdk/lib/tinyusb/src/class/cdc/cdc_device.c.obj
                0x000000001001681c                tud_cdc_n_read
 .text.tud_cdc_n_write_flush
                0x000000001001688c       0x78 CMakeFiles/psion_recreate.dir/tree/downloaded_tools/pico/pico-sdk/lib/tinyusb/src/class/cdc/cdc_device.c.obj
                0x000000001001688c                tud_cdc_n_write_flush
 .text.tud_cdc_n_write
                0x0000000010016904       0x34 CMakeFiles/psion_recreate.dir/tree/downloaded_tools/pico/pico-sdk/lib/tinyusb/src/class/cdc/cdc_device.c.obj
                0x0000000010016904                tud_cdc_n_write
 .text.tud_cdc_n_write_available
                0x0000000010016938       0x18 CMakeFiles/psion_recreate.dir/tree/downloaded_tools/pico/pico-sdk/lib/tinyusb/src/class/cdc/cdc_device.c.obj
                0x0000000010016938                tud_cdc_n_write_available
 .text.cdcd_init
                0x0000000010016950       0x7c CMakeFiles/psion_recreate.dir/tree/downloaded_tools/pico/pico-sdk/lib/tinyusb/src/class/cdc/cdc_device.c.obj
                0x0000000010016950                cdcd_init
 .text.cdcd_reset
                0x00000000100169cc       0x2c CMakeFiles/psion_recreate.dir/tree/downloaded_tools/pico/pico-sdk/lib/tinyusb/src/class/cdc/cdc_device.c.obj
                0x00000000100169cc                cdcd_reset
 .text.cdcd_open
                0x00000000100169f8       0xe4 CMakeFiles/psion_recreate.dir/tree/downloaded_tools/pico/pico-sdk/lib/tinyusb/src/class/cdc/cdc_device.c.obj
                0x00000000100169f8                cdcd_open
 .text.cdcd_control_xfer_cb
                0x0000000010016adc       0xe4 CMakeFiles/psion_recreate.dir/tree/downloaded_tools/pico/pico-sdk/lib/tinyusb/src/class/cdc/cdc_device.c.obj
                0x0000000010016adc                cdcd_control_xfer_cb
 .text.cdcd_xfer_cb
                0x0000000010016bc0      0x198 CMakeFiles/psion_recreate.dir/tree/downloaded_tools/pico/pico-sdk/lib/tinyusb/src/class/cdc/cdc_device.c.obj
                0x0000000010016bc0                cdcd_xfer_cb
 .text.tusb_init
                0x0000000010016d58        0xc CMakeFiles/psion_recreate.dir/tree/downloaded_tools/pico/pico-sdk/lib/tinyusb/src/tusb.c.obj
                0x0000000010016d58                tusb_init
 .text.tusb_inited
                0x0000000010016d64        0x8 CMakeFiles/psion_recreate.dir/tree/downloaded_tools/pico/pico-sdk/lib/tinyusb/src/tusb.c.obj
                0x0000000010016d64                tusb_inited
 .text.tu_edpt_validate
                0x0000000010016d6c       0x78 CMakeFiles/psion_recreate.dir/tree/downloaded_tools/pico/pico-sdk/lib/tinyusb/src/tusb.c.obj
                0x0000000010016d6c                tu_edpt_validate
 .text.tu_edpt_bind_driver
                0x0000000010016de4       0x2c CMakeFiles/psion_recreate.dir/tree/downloaded_tools/pico/pico-sdk/lib/tinyusb/src/tusb.c.obj
                0x0000000010016de4                tu_edpt_bind_driver
 .text.tu_fifo_config
                0x0000000010016e10       0x78 CMakeFiles/psion_recreate.dir/tree/downloaded_tools/pico/pico-sdk/lib/tinyusb/src/common/tusb_fifo.c.obj
                0x0000000010016e10                tu_fifo_config
 .text.tu_fifo_count
                0x0000000010016e88       0x20 CMakeFiles/psion_recreate.dir/tree/downloaded_tools/pico/pico-sdk/lib/tinyusb/src/common/tusb_fifo.c.obj
                0x0000000010016e88                tu_fifo_count
 .text.tu_fifo_empty
                0x0000000010016ea8       0x10 CMakeFiles/psion_recreate.dir/tree/downloaded_tools/pico/pico-sdk/lib/tinyusb/src/common/tusb_fifo.c.obj
                0x0000000010016ea8                tu_fifo_empty
 .text.tu_fifo_remaining
                0x0000000010016eb8       0x1c CMakeFiles/psion_recreate.dir/tree/downloaded_tools/pico/pico-sdk/lib/tinyusb/src/common/tusb_fifo.c.obj
                0x0000000010016eb8                tu_fifo_remaining
 .text.tu_fifo_read
                0x0000000010016ed4       0x9c CMakeFiles/psion_recreate.dir/tree/downloaded_tools/pico/pico-sdk/lib/tinyusb/src/common/tusb_fifo.c.obj
                0x0000000010016ed4                tu_fifo_read
 .text.tu_fifo_read_n
                0x0000000010016f70      0x100 CMakeFiles/psion_recreate.dir/tree/downloaded_tools/pico/pico-sdk/lib/tinyusb/src/common/tusb_fifo.c.obj
                0x0000000010016f70                tu_fifo_read_n
 .text.tu_fifo_write
                0x0000000010017070       0x7c CMakeFiles/psion_recreate.dir/tree/downloaded_tools/pico/pico-sdk/lib/tinyusb/src/common/tusb_fifo.c.obj
                0x0000000010017070                tu_fifo_write
 .text.tu_fifo_write_n
                0x00000000100170ec       0xf8 CMakeFiles/psion_recreate.dir/tree/downloaded_tools/pico/pico-sdk/lib/tinyusb/src/common/tusb_fifo.c.obj
                0x00000000100170ec                tu_fifo_write_n
 .text.tu_fifo_clear
                0x00000000100171e4       0x4c CMakeFiles/psion_recreate.dir/tree/downloaded_tools/pico/pico-sdk/lib/tinyusb/src/common/tusb_fifo.c.obj
                0x00000000100171e4                tu_fifo_clear
 .text.tu_fifo_set_overwritable
                0x0000000010017230       0x3c CMakeFiles/psion_recreate.dir/tree/downloaded_tools/pico/pico-sdk/lib/tinyusb/src/common/tusb_fifo.c.obj
                0x0000000010017230                tu_fifo_set_overwritable
 .text.startup._retrieve_unique_id_on_boot
                0x000000001001726c       0x10 CMakeFiles/psion_recreate.dir/tree/downloaded_tools/pico/pico-sdk/src/rp2_common/pico_unique_id/unique_id.c.obj
 .text.pico_get_unique_board_id_string
                0x000000001001727c      0x1bc CMakeFiles/psion_recreate.dir/tree/downloaded_tools/pico/pico-sdk/src/rp2_common/pico_unique_id/unique_id.c.obj
                0x000000001001727c                pico_get_unique_board_id_string
 .text.flash_get_unique_id
                0x0000000010017438       0x40 CMakeFiles/psion_recreate.dir/tree/downloaded_tools/pico/pico-sdk/src/rp2_common/hardware_flash/flash.c.obj
                0x0000000010017438                flash_get_unique_id
 .text.core1_trampoline
                0x0000000010017478        0x4 CMakeFiles/psion_recreate.dir/tree/downloaded_tools/pico/pico-sdk/src/rp2_common/pico_multicore/multicore.c.obj
 .text.core1_wrapper
                0x000000001001747c        0xc CMakeFiles/psion_recreate.dir/tree/downloaded_tools/pico/pico-sdk/src/rp2_common/pico_multicore/multicore.c.obj
                0x000000001001747c                core1_wrapper
 .text.multicore_launch_core1_raw
                0x0000000010017488       0x84 CMakeFiles/psion_recreate.dir/tree/downloaded_tools/pico/pico-sdk/src/rp2_common/pico_multicore/multicore.c.obj
                0x0000000010017488                multicore_launch_core1_raw
 .text.multicore_launch_core1
                0x000000001001750c       0x4c CMakeFiles/psion_recreate.dir/tree/downloaded_tools/pico/pico-sdk/src/rp2_common/pico_multicore/multicore.c.obj
                0x000000001001750c                multicore_launch_core1
 .text          0x0000000010017558       0x18 /usr/lib/gcc/arm-none-eabi/9.2.1/../../../arm-none-eabi/lib/thumb/v6-m/nofp/libc.a(lib_a-atoi.o)
                0x0000000010017558                atoi
                0x0000000010017564                _atoi_r
 .text          0x0000000010017570       0x5c /usr/lib/gcc/arm-none-eabi/9.2.1/../../../arm-none-eabi/lib/thumb/v6-m/nofp/libc.a(lib_a-callocr.o)
                0x0000000010017570                _calloc_r
 .text          0x00000000100175cc       0xac /usr/lib/gcc/arm-none-eabi/9.2.1/../../../arm-none-eabi/lib/thumb/v6-m/nofp/libc.a(lib_a-fclose.o)
                0x00000000100175cc                _fclose_r
                0x0000000010017664                fclose
 .text          0x0000000010017678      0x1b4 /usr/lib/gcc/arm-none-eabi/9.2.1/../../../arm-none-eabi/lib/thumb/v6-m/nofp/libc.a(lib_a-fflush.o)
                0x0000000010017678                __sflush_r
                0x00000000100177d8                _fflush_r
                0x0000000010017804                fflush
 .text          0x000000001001782c      0x220 /usr/lib/gcc/arm-none-eabi/9.2.1/../../../arm-none-eabi/lib/thumb/v6-m/nofp/libc.a(lib_a-findfp.o)
                0x0000000010017830                _cleanup_r
                0x000000001001792c                __sfmoreglue
                0x000000001001795c                __sfp
                0x00000000100179e4                _cleanup
                0x00000000100179fc                __sinit
                0x0000000010017a0c                __sfp_lock_acquire
                0x0000000010017a10                __sfp_lock_release
                0x0000000010017a14                __sinit_lock_acquire
                0x0000000010017a18                __sinit_lock_release
                0x0000000010017a1c                __fp_lock_all
                0x0000000010017a34                __fp_unlock_all
 .text          0x0000000010017a4c      0x27c /usr/lib/gcc/arm-none-eabi/9.2.1/../../../arm-none-eabi/lib/thumb/v6-m/nofp/libc.a(lib_a-freer.o)
                0x0000000010017a4c                _malloc_trim_r
                0x0000000010017aec                _free_r
 .text          0x0000000010017cc8       0x90 /usr/lib/gcc/arm-none-eabi/9.2.1/../../../arm-none-eabi/lib/thumb/v6-m/nofp/libc.a(lib_a-fwalk.o)
                0x0000000010017cc8                _fwalk
                0x0000000010017d0c                _fwalk_reent
 .text          0x0000000010017d58      0x58c /usr/lib/gcc/arm-none-eabi/9.2.1/../../../arm-none-eabi/lib/thumb/v6-m/nofp/libc.a(lib_a-mallocr.o)
                0x0000000010017d58                _malloc_r
 .text          0x00000000100182e4        0x8 /usr/lib/gcc/arm-none-eabi/9.2.1/../../../arm-none-eabi/lib/thumb/v6-m/nofp/libc.a(lib_a-mlock.o)
                0x00000000100182e4                __malloc_lock
                0x00000000100182e8                __malloc_unlock
 .text          0x00000000100182ec      0x35c /usr/lib/gcc/arm-none-eabi/9.2.1/../../../arm-none-eabi/lib/thumb/v6-m/nofp/libc.a(lib_a-reallocr.o)
                0x00000000100182ec                _realloc_r
 .text          0x0000000010018648       0x24 /usr/lib/gcc/arm-none-eabi/9.2.1/../../../arm-none-eabi/lib/thumb/v6-m/nofp/libc.a(lib_a-sbrkr.o)
                0x0000000010018648                _sbrk_r
 .text          0x000000001001866c       0x9c /usr/lib/gcc/arm-none-eabi/9.2.1/../../../arm-none-eabi/lib/thumb/v6-m/nofp/libc.a(lib_a-sscanf.o)
                0x000000001001866c                sscanf
                0x00000000100186bc                _sscanf_r
 .text          0x0000000010018708       0xa4 /usr/lib/gcc/arm-none-eabi/9.2.1/../../../arm-none-eabi/lib/thumb/v6-m/nofp/libc.a(lib_a-stdio.o)
                0x0000000010018708                __sread
                0x0000000010018730                __seofread
                0x0000000010018734                __swrite
                0x0000000010018774                __sseek
                0x00000000100187a0                __sclose
 .text          0x00000000100187ac       0x48 /usr/lib/gcc/arm-none-eabi/9.2.1/../../../arm-none-eabi/lib/thumb/v6-m/nofp/libc.a(lib_a-stpcpy.o)
                0x00000000100187ac                stpcpy
 .text          0x00000000100187f4       0x50 /usr/lib/gcc/arm-none-eabi/9.2.1/../../../arm-none-eabi/lib/thumb/v6-m/nofp/libc.a(lib_a-strcat.o)
                0x00000000100187f4                strcat
 .text          0x0000000010018844       0x88 /usr/lib/gcc/arm-none-eabi/9.2.1/../../../arm-none-eabi/lib/thumb/v6-m/nofp/libc.a(lib_a-strcmp.o)
                0x0000000010018844                strcmp
 .text          0x00000000100188cc       0x10 /usr/lib/gcc/arm-none-eabi/9.2.1/../../../arm-none-eabi/lib/thumb/v6-m/nofp/libc.a(lib_a-strcpy.o)
                0x00000000100188cc                strcpy
 .text          0x00000000100188dc       0x68 /usr/lib/gcc/arm-none-eabi/9.2.1/../../../arm-none-eabi/lib/thumb/v6-m/nofp/libc.a(lib_a-strlen-stub.o)
                0x00000000100188dc                strlen
 .text          0x0000000010018944       0x94 /usr/lib/gcc/arm-none-eabi/9.2.1/../../../arm-none-eabi/lib/thumb/v6-m/nofp/libc.a(lib_a-strncmp.o)
                0x0000000010018944                strncmp
 .text          0x00000000100189d8      0x184 /usr/lib/gcc/arm-none-eabi/9.2.1/../../../arm-none-eabi/lib/thumb/v6-m/nofp/libc.a(lib_a-strtol.o)
                0x0000000010018b24                _strtol_r
                0x0000000010018b2c                strtol_l
                0x0000000010018b44                strtol
 .text          0x0000000010018b5c      0x180 /usr/lib/gcc/arm-none-eabi/9.2.1/../../../arm-none-eabi/lib/thumb/v6-m/nofp/libc.a(lib_a-strtoul.o)
                0x0000000010018ca4                _strtoul_r
                0x0000000010018cac                strtoul_l
                0x0000000010018cc4                strtoul
 .text          0x0000000010018cdc      0xf7c /usr/lib/gcc/arm-none-eabi/9.2.1/../../../arm-none-eabi/lib/thumb/v6-m/nofp/libc.a(lib_a-svfscanf.o)
                0x0000000010018cdc                __ssvfscanf_r
 .text          0x0000000010019c58       0x28 /usr/lib/gcc/arm-none-eabi/9.2.1/../../../arm-none-eabi/lib/thumb/v6-m/nofp/libc.a(lib_a-writer.o)
                0x0000000010019c58                _write_r
 .text          0x0000000010019c80       0x24 /usr/lib/gcc/arm-none-eabi/9.2.1/../../../arm-none-eabi/lib/thumb/v6-m/nofp/libc.a(lib_a-closer.o)
                0x0000000010019c80                _close_r
 .text          0x0000000010019ca4        0xc /usr/lib/gcc/arm-none-eabi/9.2.1/../../../arm-none-eabi/lib/thumb/v6-m/nofp/libc.a(lib_a-errno.o)
                0x0000000010019ca4                __errno
 .text          0x0000000010019cb0        0xc /usr/lib/gcc/arm-none-eabi/9.2.1/../../../arm-none-eabi/lib/thumb/v6-m/nofp/libc.a(lib_a-iswspace.o)
                0x0000000010019cb0                iswspace
 .text          0x0000000010019cbc       0x18 /usr/lib/gcc/arm-none-eabi/9.2.1/../../../arm-none-eabi/lib/thumb/v6-m/nofp/libc.a(lib_a-iswspace_l.o)
                0x0000000010019cbc                iswspace_l
 .text          0x0000000010019cd4       0x6c /usr/lib/gcc/arm-none-eabi/9.2.1/../../../arm-none-eabi/lib/thumb/v6-m/nofp/libc.a(lib_a-locale.o)
                0x0000000010019cd4                _setlocale_r
                0x0000000010019d18                __locale_mb_cur_max
                0x0000000010019d28                setlocale
 .text          0x0000000010019d40       0x14 /usr/lib/gcc/arm-none-eabi/9.2.1/../../../arm-none-eabi/lib/thumb/v6-m/nofp/libc.a(lib_a-localeconv.o)
                0x0000000010019d40                __localeconv_l
                0x0000000010019d44                _localeconv_r
                0x0000000010019d4c                localeconv
 .text          0x0000000010019d54       0x28 /usr/lib/gcc/arm-none-eabi/9.2.1/../../../arm-none-eabi/lib/thumb/v6-m/nofp/libc.a(lib_a-lseekr.o)
                0x0000000010019d54                _lseek_r
 .text          0x0000000010019d7c       0x94 /usr/lib/gcc/arm-none-eabi/9.2.1/../../../arm-none-eabi/lib/thumb/v6-m/nofp/libc.a(lib_a-mbrtowc.o)
                0x0000000010019d7c                _mbrtowc_r
                0x0000000010019dc4                mbrtowc
 .text          0x0000000010019e10       0x44 /usr/lib/gcc/arm-none-eabi/9.2.1/../../../arm-none-eabi/lib/thumb/v6-m/nofp/libc.a(lib_a-mbtowc_r.o)
                0x0000000010019e10                _mbtowc_r
                0x0000000010019e28                __ascii_mbtowc
 .text          0x0000000010019e54      0xa38 /usr/lib/gcc/arm-none-eabi/9.2.1/../../../arm-none-eabi/lib/thumb/v6-m/nofp/libc.a(lib_a-mprec.o)
                0x0000000010019e54                _Balloc
                0x0000000010019ea4                _Bfree
                0x0000000010019eb8                __multadd
                0x0000000010019f68                __s2b
                0x000000001001a014                __hi0bits
                0x000000001001a04c                __lo0bits
                0x000000001001a0a8                __i2b
                0x000000001001a0d4                __multiply
                0x000000001001a260                __pow5mult
                0x000000001001a314                __lshift
                0x000000001001a3f8                __mcmp
                0x000000001001a42c                __mdiff
                0x000000001001a574                __ulp
                0x000000001001a5bc                __b2d
                0x000000001001a674                __d2b
                0x000000001001a74c                __ratio
                0x000000001001a7c0                _mprec_log10
                0x000000001001a7f4                __copybits
                0x000000001001a834                __any_on
 .text          0x000000001001a88c       0x28 /usr/lib/gcc/arm-none-eabi/9.2.1/../../../arm-none-eabi/lib/thumb/v6-m/nofp/libc.a(lib_a-readr.o)
                0x000000001001a88c                _read_r
 .text          0x000000001001a8b4       0x6c /usr/lib/gcc/arm-none-eabi/9.2.1/../../../arm-none-eabi/lib/thumb/v6-m/nofp/libc.a(lib_a-sccl.o)
                0x000000001001a8b4                __sccl
 .text          0x000000001001a920        0x8 /usr/lib/gcc/arm-none-eabi/9.2.1/../../../arm-none-eabi/lib/thumb/v6-m/nofp/libc.a(lib_a-sf_nan.o)
                0x000000001001a920                nanf
 .text          0x000000001001a928     0x10b8 /usr/lib/gcc/arm-none-eabi/9.2.1/../../../arm-none-eabi/lib/thumb/v6-m/nofp/libc.a(lib_a-strtod.o)
                0x000000001001a958                _strtod_l
                0x000000001001b838                _strtod_r
                0x000000001001b848                strtod_l
                0x000000001001b860                strtod
                0x000000001001b87c                strtof_l
                0x000000001001b92c                strtof
 .text          0x000000001001b9e0      0x1d8 /usr/lib/gcc/arm-none-eabi/9.2.1/../../../arm-none-eabi/lib/thumb/v6-m/nofp/libc.a(lib_a-strtoll.o)
                0x000000001001bb80                _strtoll_r
                0x000000001001bb88                strtoll_l
                0x000000001001bba0                strtoll
 .text          0x000000001001bbb8      0x1f4 /usr/lib/gcc/arm-none-eabi/9.2.1/../../../arm-none-eabi/lib/thumb/v6-m/nofp/libc.a(lib_a-strtoull.o)
                0x000000001001bd74                _strtoull_r
                0x000000001001bd7c                strtoull_l
                0x000000001001bd94                strtoull
 .text          0x000000001001bdac      0xc18 /usr/lib/gcc/arm-none-eabi/9.2.1/../../../arm-none-eabi/lib/thumb/v6-m/nofp/libc.a(lib_a-svfiscanf.o)