Archive member included to satisfy reference by file (symbol)

/usr/lib/gcc/arm-none-eabi/9.2.1/thumb/v6-m/nofp/libgcc.a(_dvmd_tls.o)
                              CMakeFiles/psion_recreate.dir/tree/downloaded_tools/pico/pico-sdk/src/rp2_common/pico_divider/divider.S.obj (__aeabi_idiv0)
/usr/lib/gcc/arm-none-eabi/9.2.1/../../../arm-none-eabi/lib/thumb/v6-m/nofp/libg.a(lib_a-atexit.o)
                              /usr/lib/gcc/arm-none-eabi/9.2.1/../../../arm-none-eabi/lib/thumb/v6-m/nofp/crt0.o (atexit)
/usr/lib/gcc/arm-none-eabi/9.2.1/../../../arm-none-eabi/lib/thumb/v6-m/nofp/libg.a(lib_a-calloc.o)
                              CMakeFiles/psion_recreate.dir/tree/downloaded_tools/pico/pico-sdk/src/rp2_common/pico_malloc/pico_malloc.c.obj (calloc)
/usr/lib/gcc/arm-none-eabi/9.2.1/../../../arm-none-eabi/lib/thumb/v6-m/nofp/libg.a(lib_a-callocr.o)
                              /usr/lib/gcc/arm-none-eabi/9.2.1/../../../arm-none-eabi/lib/thumb/v6-m/nofp/libg.a(lib_a-calloc.o) (_calloc_r)
/usr/lib/gcc/arm-none-eabi/9.2.1/../../../arm-none-eabi/lib/thumb/v6-m/nofp/libg.a(lib_a-ctype_.o)
                              CMakeFiles/psion_recreate.dir/emulator.c.obj (_ctype_)
/usr/lib/gcc/arm-none-eabi/9.2.1/../../../arm-none-eabi/lib/thumb/v6-m/nofp/libg.a(lib_a-fclose.o)
                              CMakeFiles/psion_recreate.dir/emulator.c.obj (fclose)
/usr/lib/gcc/arm-none-eabi/9.2.1/../../../arm-none-eabi/lib/thumb/v6-m/nofp/libg.a(lib_a-fflush.o)
                              /usr/lib/gcc/arm-none-eabi/9.2.1/../../../arm-none-eabi/lib/thumb/v6-m/nofp/libg.a(lib_a-fclose.o) (__sflush_r)
/usr/lib/gcc/arm-none-eabi/9.2.1/../../../arm-none-eabi/lib/thumb/v6-m/nofp/libg.a(lib_a-findfp.o)
                              /usr/lib/gcc/arm-none-eabi/9.2.1/../../../arm-none-eabi/lib/thumb/v6-m/nofp/libg.a(lib_a-fclose.o) (__sinit)
/usr/lib/gcc/arm-none-eabi/9.2.1/../../../arm-none-eabi/lib/thumb/v6-m/nofp/libg.a(lib_a-fini.o)
                              /usr/lib/gcc/arm-none-eabi/9.2.1/../../../arm-none-eabi/lib/thumb/v6-m/nofp/crt0.o (__libc_fini_array)
/usr/lib/gcc/arm-none-eabi/9.2.1/../../../arm-none-eabi/lib/thumb/v6-m/nofp/libg.a(lib_a-fopen.o)
                              CMakeFiles/psion_recreate.dir/emulator.c.obj (fopen)
/usr/lib/gcc/arm-none-eabi/9.2.1/../../../arm-none-eabi/lib/thumb/v6-m/nofp/libg.a(lib_a-fprintf.o)
                              CMakeFiles/psion_recreate.dir/emulator.c.obj (fprintf)
/usr/lib/gcc/arm-none-eabi/9.2.1/../../../arm-none-eabi/lib/thumb/v6-m/nofp/libg.a(lib_a-fputc.o)
                              CMakeFiles/psion_recreate.dir/emulator.c.obj (fputc)
/usr/lib/gcc/arm-none-eabi/9.2.1/../../../arm-none-eabi/lib/thumb/v6-m/nofp/libg.a(lib_a-freer.o)
                              /usr/lib/gcc/arm-none-eabi/9.2.1/../../../arm-none-eabi/lib/thumb/v6-m/nofp/libg.a(lib_a-fclose.o) (_free_r)
/usr/lib/gcc/arm-none-eabi/9.2.1/../../../arm-none-eabi/lib/thumb/v6-m/nofp/libg.a(lib_a-fseek.o)
                              /usr/lib/gcc/arm-none-eabi/9.2.1/../../../arm-none-eabi/lib/thumb/v6-m/nofp/libg.a(lib_a-fopen.o) (_fseek_r)
/usr/lib/gcc/arm-none-eabi/9.2.1/../../../arm-none-eabi/lib/thumb/v6-m/nofp/libg.a(lib_a-fseeko.o)
                              /usr/lib/gcc/arm-none-eabi/9.2.1/../../../arm-none-eabi/lib/thumb/v6-m/nofp/libg.a(lib_a-fseek.o) (_fseeko_r)
/usr/lib/gcc/arm-none-eabi/9.2.1/../../../arm-none-eabi/lib/thumb/v6-m/nofp/libg.a(lib_a-fstatr.o)
                              /usr/lib/gcc/arm-none-eabi/9.2.1/../../../arm-none-eabi/lib/thumb/v6-m/nofp/libg.a(lib_a-fseeko.o) (_fstat_r)
/usr/lib/gcc/arm-none-eabi/9.2.1/../../../arm-none-eabi/lib/thumb/v6-m/nofp/libg.a(lib_a-ftello.o)
                              /usr/lib/gcc/arm-none-eabi/9.2.1/../../../arm-none-eabi/lib/thumb/v6-m/nofp/libg.a(lib_a-fseeko.o) (_ftello_r)
/usr/lib/gcc/arm-none-eabi/9.2.1/../../../arm-none-eabi/lib/thumb/v6-m/nofp/libg.a(lib_a-fwalk.o)
                              /usr/lib/gcc/arm-none-eabi/9.2.1/../../../arm-none-eabi/lib/thumb/v6-m/nofp/libg.a(lib_a-findfp.o) (_fwalk)
/usr/lib/gcc/arm-none-eabi/9.2.1/../../../arm-none-eabi/lib/thumb/v6-m/nofp/libg.a(lib_a-impure.o)
                              /usr/lib/gcc/arm-none-eabi/9.2.1/../../../arm-none-eabi/lib/thumb/v6-m/nofp/libg.a(lib_a-fflush.o) (_global_impure_ptr)
/usr/lib/gcc/arm-none-eabi/9.2.1/../../../arm-none-eabi/lib/thumb/v6-m/nofp/libg.a(lib_a-init.o)
                              /usr/lib/gcc/arm-none-eabi/9.2.1/../../../arm-none-eabi/lib/thumb/v6-m/nofp/crt0.o (__libc_init_array)
/usr/lib/gcc/arm-none-eabi/9.2.1/../../../arm-none-eabi/lib/thumb/v6-m/nofp/libg.a(lib_a-makebuf.o)
                              /usr/lib/gcc/arm-none-eabi/9.2.1/../../../arm-none-eabi/lib/thumb/v6-m/nofp/libg.a(lib_a-fseeko.o) (__smakebuf_r)
/usr/lib/gcc/arm-none-eabi/9.2.1/../../../arm-none-eabi/lib/thumb/v6-m/nofp/libg.a(lib_a-malloc.o)
[...]
Memory Configuration

Name             Origin             Length             Attributes
FLASH            0x0000000010000000 0x0000000000200000 xr
RAM              0x0000000020000000 0x0000000000040000 xrw
SCRATCH_X        0x0000000020040000 0x0000000000001000 xrw
SCRATCH_Y        0x0000000020041000 0x0000000000001000 xrw
*default*        0x0000000000000000 0xffffffffffffffff

Linker script and memory map

LOAD /usr/lib/gcc/arm-none-eabi/9.2.1/thumb/v6-m/nofp/crti.o
LOAD /usr/lib/gcc/arm-none-eabi/9.2.1/thumb/v6-m/nofp/crtbegin.o
LOAD /usr/lib/gcc/arm-none-eabi/9.2.1/../../../arm-none-eabi/lib/thumb/v6-m/nofp/crt0.o

.flash_begin    0x0000000010000000        0x0
                0x0000000010000000                __flash_binary_start = .

.boot2          0x0000000010000000      0x100
                0x0000000010000000                __boot2_start__ = .
 *(.boot2)
 .boot2         0x0000000010000000      0x100 /tmp/ccpUsRUV.o
                0x0000000010000100                __boot2_end__ = .
                0x0000000000000001                ASSERT (((__boot2_end__ - __boot2_start__) == 0x100), ERROR: Pico second stage bootloader must be 256 bytes in size)

.text           0x0000000010000100     0xa6f0
                0x0000000010000100                __logical_binary_start = .
 *(.vectors)
 .vectors       0x0000000010000100       0xd4 CMakeFiles/psion_recreate.dir/tree/downloaded_tools/pico/pico-sdk/src/rp2_common/pico_standard_link/crt0.S.obj
                0x0000000010000100                __vectors
                0x0000000010000100                __VECTOR_TABLE
                0x00000000100001c0                isr_invalid
                0x00000000100001c0                __default_isrs_start
                0x00000000100001c2                isr_nmi
                0x00000000100001c4                isr_hardfault
                0x00000000100001c6                isr_svcall
                0x00000000100001c8                isr_pendsv
                0x00000000100001ca                isr_systick
                0x00000000100001cc                isr_irq30
                0x00000000100001cc                __unhandled_user_irq
                0x00000000100001cc                isr_irq13
                0x00000000100001cc                isr_irq27
                0x00000000100001cc                isr_irq31
                0x00000000100001cc                isr_irq5
                0x00000000100001cc                isr_irq11
                0x00000000100001cc                isr_irq23
                0x00000000100001cc                isr_irq18
                0x00000000100001cc                isr_irq28
                0x00000000100001cc                isr_irq19
                0x00000000100001cc                isr_irq0
                0x00000000100001cc                isr_irq6
                0x00000000100001cc                isr_irq22
                0x00000000100001cc                isr_irq17
                0x00000000100001cc                isr_irq14
                0x00000000100001cc                isr_irq2
                0x00000000100001cc                isr_irq10
                0x00000000100001cc                isr_irq8
                0x00000000100001cc                isr_irq24
                0x00000000100001cc                isr_irq1
                0x00000000100001cc                isr_irq7
                0x00000000100001cc                isr_irq21
                0x00000000100001cc                isr_irq20
                0x00000000100001cc                isr_irq15
                0x00000000100001cc                isr_irq25
                0x00000000100001cc                isr_irq4
                0x00000000100001cc                isr_irq16
                0x00000000100001cc                isr_irq29
                0x00000000100001cc                isr_irq26
                0x00000000100001cc                __default_isrs_end
                0x00000000100001cc                isr_irq3
                0x00000000100001cc                isr_irq12
                0x00000000100001cc                isr_irq9
                0x00000000100001d2                unhandled_user_irq_num_in_r0
 *(.binary_info_header)
 .binary_info_header
                0x00000000100001d4       0x14 CMakeFiles/psion_recreate.dir/tree/downloaded_tools/pico/pico-sdk/src/rp2_common/pico_standard_link/crt0.S.obj
                0x00000000100001e8                __binary_info_header_end = .
 *(.reset)
 .reset         0x00000000100001e8       0xa8 CMakeFiles/psion_recreate.dir/tree/downloaded_tools/pico/pico-sdk/src/rp2_common/pico_standard_link/crt0.S.obj
                0x00000000100001e8                _entry_point
                0x0000000010000266                __get_current_exception
 .reset         0x0000000010000290       0x30 CMakeFiles/psion_recreate.dir/tree/downloaded_tools/pico/pico-sdk/src/rp2_common/pico_standard_link/binary_info.c.obj
 *(.init)
 .init          0x00000000100002c0        0x4 /usr/lib/gcc/arm-none-eabi/9.2.1/thumb/v6-m/nofp/crti.o
                0x00000000100002c0                _init
 *(EXCLUDE_FILE(*libm.a: *libc.a:*lib_a-mem*.o *libgcc.a:) .text*)
 .text          0x00000000100002c4       0x98 /usr/lib/gcc/arm-none-eabi/9.2.1/thumb/v6-m/nofp/crtbegin.o
 .text.write_595
                0x000000001000035c       0x4e CMakeFiles/psion_recreate.dir/psion_recreate.c.obj
                0x000000001000035c                write_595
 .text.main     0x00000000100003aa       0x7e CMakeFiles/psion_recreate.dir/psion_recreate.c.obj
                0x00000000100003aa                main
 .text.Delay    0x0000000010000428       0x16 CMakeFiles/psion_recreate.dir/display.c.obj
                0x0000000010000428                Delay
 *fill*         0x000000001000043e        0x2 
 .text.SDA0     0x0000000010000440       0x18 CMakeFiles/psion_recreate.dir/display.c.obj
                0x0000000010000440                SDA0
 .text.SDA1     0x0000000010000458       0x18 CMakeFiles/psion_recreate.dir/display.c.obj
                0x0000000010000458                SDA1
 .text.SCL0     0x0000000010000470       0x18 CMakeFiles/psion_recreate.dir/display.c.obj
                0x0000000010000470                SCL0
 .text.SCL1     0x0000000010000488       0x18 CMakeFiles/psion_recreate.dir/display.c.obj
                0x0000000010000488                SCL1
 .text.READSDA  0x00000000100004a0       0x1c CMakeFiles/psion_recreate.dir/display.c.obj
                0x00000000100004a0                READSDA
 .text._nop_    0x00000000100004bc       0x1a CMakeFiles/psion_recreate.dir/display.c.obj
                0x00000000100004bc                _nop_
 .text.Start    0x00000000100004d6       0x20 CMakeFiles/psion_recreate.dir/display.c.obj
                0x00000000100004d6                Start
 .text.Stop     0x00000000100004f6       0x1c CMakeFiles/psion_recreate.dir/display.c.obj
                0x00000000100004f6                Stop
 *fill*         0x0000000010000512        0x2 
 .text.Check_Ack
                0x0000000010000514       0x34 CMakeFiles/psion_recreate.dir/display.c.obj
                0x0000000010000514                Check_Ack
 .text.SentByte
                0x0000000010000548       0x3e CMakeFiles/psion_recreate.dir/display.c.obj
                0x0000000010000548                SentByte
 .text.Set_Page_Address
                0x0000000010000586       0x2e CMakeFiles/psion_recreate.dir/display.c.obj
                0x0000000010000586                Set_Page_Address
 .text.Set_Column_Address
                0x00000000100005b4       0x34 CMakeFiles/psion_recreate.dir/display.c.obj
                0x00000000100005b4                Set_Column_Address
 .text.RST0     0x00000000100005e8       0x14 CMakeFiles/psion_recreate.dir/display.c.obj
                0x00000000100005e8                RST0
 .text.RST1     0x00000000100005fc       0x14 CMakeFiles/psion_recreate.dir/display.c.obj
                0x00000000100005fc                RST1
 .text.initialise_oled
                0x0000000010000610      0x198 CMakeFiles/psion_recreate.dir/display.c.obj
                0x0000000010000610                initialise_oled
 .text.clear_oled
                0x00000000100007a8       0x44 CMakeFiles/psion_recreate.dir/display.c.obj
                0x00000000100007a8                clear_oled
 .text.invert_byte
                0x00000000100007ec       0x1a CMakeFiles/psion_recreate.dir/font.c.obj
                0x00000000100007ec                invert_byte
 *fill*         0x0000000010000806        0x2 
 .text.printxy  0x0000000010000808       0x60 CMakeFiles/psion_recreate.dir/font.c.obj
                0x0000000010000808                printxy
 .text.op_null  0x0000000010000868        0x2 CMakeFiles/psion_recreate.dir/emulator.c.obj
                0x0000000010000868                op_null
 .text.op_nop   0x000000001000086a        0x2 CMakeFiles/psion_recreate.dir/emulator.c.obj
                0x000000001000086a                op_nop
 .text.op_slp   0x000000001000086c        0x2 CMakeFiles/psion_recreate.dir/emulator.c.obj
                0x000000001000086c                op_slp
 *fill*         0x000000001000086e        0x2 
 .text.op_abx   0x0000000010000870       0x10 CMakeFiles/psion_recreate.dir/emulator.c.obj
                0x0000000010000870                op_abx
 .text.op_xgdx  0x0000000010000880       0x1c CMakeFiles/psion_recreate.dir/emulator.c.obj
                0x0000000010000880                op_xgdx
 .text.op_txs   0x000000001000089c       0x10 CMakeFiles/psion_recreate.dir/emulator.c.obj
                0x000000001000089c                op_txs
 .text.op_tsx   0x00000000100008ac       0x10 CMakeFiles/psion_recreate.dir/emulator.c.obj
                0x00000000100008ac                op_tsx
 .text.op_tab   0x00000000100008bc       0x44 CMakeFiles/psion_recreate.dir/emulator.c.obj
                0x00000000100008bc                op_tab
 .text.op_tba   0x0000000010000900       0x44 CMakeFiles/psion_recreate.dir/emulator.c.obj
                0x0000000010000900                op_tba
 .text.op_tap   0x0000000010000944        0xc CMakeFiles/psion_recreate.dir/emulator.c.obj
                0x0000000010000944                op_tap
 .text.op_tpa   0x0000000010000950        0xc CMakeFiles/psion_recreate.dir/emulator.c.obj
                0x0000000010000950                op_tpa
 .text.op_clc   0x000000001000095c       0x10 CMakeFiles/psion_recreate.dir/emulator.c.obj
                0x000000001000095c                op_clc
 .text.op_sec   0x000000001000096c       0x10 CMakeFiles/psion_recreate.dir/emulator.c.obj
                0x000000001000096c                op_sec
 .text.op_sei   0x000000001000097c       0x10 CMakeFiles/psion_recreate.dir/emulator.c.obj
                0x000000001000097c                op_sei
 .text.op_cli   0x000000001000098c       0x10 CMakeFiles/psion_recreate.dir/emulator.c.obj
                0x000000001000098c                op_cli
 .text.op_dec16
                0x000000001000099c       0x3c CMakeFiles/psion_recreate.dir/emulator.c.obj
                0x000000001000099c                op_dec16
 .text.op_inc16
                0x00000000100009d8       0x3c CMakeFiles/psion_recreate.dir/emulator.c.obj
                0x00000000100009d8                op_inc16
 .text.op_br    0x0000000010000a14      0x184 CMakeFiles/psion_recreate.dir/emulator.c.obj
                0x0000000010000a14                op_br
 .text.op_daa   0x0000000010000b98       0x88 CMakeFiles/psion_recreate.dir/emulator.c.obj
                0x0000000010000b98                op_daa
 .text.op_mul   0x0000000010000c20       0x2c CMakeFiles/psion_recreate.dir/emulator.c.obj
                0x0000000010000c20                op_mul
 .text.op_cba   0x0000000010000c4c       0xb8 CMakeFiles/psion_recreate.dir/emulator.c.obj
                0x0000000010000c4c                op_cba
 .text.op_sba   0x0000000010000d04       0xb8 CMakeFiles/psion_recreate.dir/emulator.c.obj
                0x0000000010000d04                op_sba
 .text.op_lsrd  0x0000000010000dbc       0x6c CMakeFiles/psion_recreate.dir/emulator.c.obj
                0x0000000010000dbc                op_lsrd
 .text.op_asld  0x0000000010000e28       0x78 CMakeFiles/psion_recreate.dir/emulator.c.obj
                0x0000000010000e28                op_asld
 .text.op_jmp   0x0000000010000ea0       0x28 CMakeFiles/psion_recreate.dir/emulator.c.obj
                0x0000000010000ea0                op_jmp
 .text.handle_sca
                0x0000000010000ec8       0x78 CMakeFiles/psion_recreate.dir/emulator.c.obj
                0x0000000010000ec8                handle_sca
 .text.handle_lcd_read
                0x0000000010000f40       0x24 CMakeFiles/psion_recreate.dir/emulator.c.obj
                0x0000000010000f40                handle_lcd_read
 .text.dump_lcd
                0x0000000010000f64       0x6c CMakeFiles/psion_recreate.dir/emulator.c.obj
                0x0000000010000f64                dump_lcd
 .text.handle_lcd_write
                0x0000000010000fd0       0xe0 CMakeFiles/psion_recreate.dir/emulator.c.obj
                0x0000000010000fd0                handle_lcd_write
 .text.REF_ADDR
                0x00000000100010b0       0x30 CMakeFiles/psion_recreate.dir/emulator.c.obj
                0x00000000100010b0                REF_ADDR
 .text.RD_REF   0x00000000100010e0       0x3c CMakeFiles/psion_recreate.dir/emulator.c.obj
                0x00000000100010e0                RD_REF
 .text.op_tst   0x000000001000111c       0xb4 CMakeFiles/psion_recreate.dir/emulator.c.obj
                0x000000001000111c                op_tst
 .text.WR_REF   0x00000000100011d0       0x38 CMakeFiles/psion_recreate.dir/emulator.c.obj
                0x00000000100011d0                WR_REF
 .text.op_dec8  0x0000000010001208       0xe0 CMakeFiles/psion_recreate.dir/emulator.c.obj
                0x0000000010001208                op_dec8
 .text.op_inc8  0x00000000100012e8       0xe0 CMakeFiles/psion_recreate.dir/emulator.c.obj
                0x00000000100012e8                op_inc8
 .text.op_clr   0x00000000100013c8       0xa0 CMakeFiles/psion_recreate.dir/emulator.c.obj
                0x00000000100013c8                op_clr
 .text.op_neg   0x0000000010001468       0xa0 CMakeFiles/psion_recreate.dir/emulator.c.obj
                0x0000000010001468                op_neg
 .text.op_asl   0x0000000010001508      0x104 CMakeFiles/psion_recreate.dir/emulator.c.obj
                0x0000000010001508                op_asl
 .text.op_com   0x000000001000160c       0xd0 CMakeFiles/psion_recreate.dir/emulator.c.obj
                0x000000001000160c                op_com
 .text.op_lsr   0x00000000100016dc       0xe4 CMakeFiles/psion_recreate.dir/emulator.c.obj
                0x00000000100016dc                op_lsr
 .text.op_asr   0x00000000100017c0       0xf4 CMakeFiles/psion_recreate.dir/emulator.c.obj
                0x00000000100017c0                op_asr
 .text.op_rol   0x00000000100018b4      0x114 CMakeFiles/psion_recreate.dir/emulator.c.obj
                0x00000000100018b4                op_rol
 .text.op_ror   0x00000000100019c8      0x110 CMakeFiles/psion_recreate.dir/emulator.c.obj
                0x00000000100019c8                op_ror
 .text.RD_ADDR  0x0000000010001ad8       0x60 CMakeFiles/psion_recreate.dir/emulator.c.obj
                0x0000000010001ad8                RD_ADDR
 .text.op_tim   0x0000000010001b38       0x78 CMakeFiles/psion_recreate.dir/emulator.c.obj
                0x0000000010001b38                op_tim
 .text.op_pul   0x0000000010001bb0       0x64 CMakeFiles/psion_recreate.dir/emulator.c.obj
                0x0000000010001bb0                op_pul
 .text.op_and   0x0000000010001c14      0x114 CMakeFiles/psion_recreate.dir/emulator.c.obj
                0x0000000010001c14                op_and
 .text.op_eor   0x0000000010001d28      0x114 CMakeFiles/psion_recreate.dir/emulator.c.obj
                0x0000000010001d28                op_eor
 .text.op_ora   0x0000000010001e3c      0x114 CMakeFiles/psion_recreate.dir/emulator.c.obj
                0x0000000010001e3c                op_ora
 .text.op_bit   0x0000000010001f50      0x10c CMakeFiles/psion_recreate.dir/emulator.c.obj
                0x0000000010001f50                op_bit
 .text.op_addd  0x000000001000205c      0x170 CMakeFiles/psion_recreate.dir/emulator.c.obj
                0x000000001000205c                op_addd
 .text.op_cpx   0x00000000100021cc      0x15c CMakeFiles/psion_recreate.dir/emulator.c.obj
                0x00000000100021cc                op_cpx
 .text.op_subd  0x0000000010002328      0x174 CMakeFiles/psion_recreate.dir/emulator.c.obj
                0x0000000010002328                op_subd
 .text.op_rti   0x000000001000249c       0x84 CMakeFiles/psion_recreate.dir/emulator.c.obj
                0x000000001000249c                op_rti
 .text.op_rts   0x0000000010002520       0x34 CMakeFiles/psion_recreate.dir/emulator.c.obj
                0x0000000010002520                op_rts
 .text.op_ldd   0x0000000010002554       0xd8 CMakeFiles/psion_recreate.dir/emulator.c.obj
                0x0000000010002554                op_ldd
 .text.op_adc   0x000000001000262c      0x1d0 CMakeFiles/psion_recreate.dir/emulator.c.obj
                0x000000001000262c                op_adc
 .text.op_add   0x00000000100027fc      0x1d0 CMakeFiles/psion_recreate.dir/emulator.c.obj
                0x00000000100027fc                op_add
 .text.op_lda   0x00000000100029cc      0x11c CMakeFiles/psion_recreate.dir/emulator.c.obj
                0x00000000100029cc                op_lda
 .text.op_cmp   0x0000000010002ae8      0x17c CMakeFiles/psion_recreate.dir/emulator.c.obj
                0x0000000010002ae8                op_cmp
 .text.op_sbc   0x0000000010002c64      0x198 CMakeFiles/psion_recreate.dir/emulator.c.obj
                0x0000000010002c64                op_sbc
 .text.op_sub   0x0000000010002dfc      0x188 CMakeFiles/psion_recreate.dir/emulator.c.obj
                0x0000000010002dfc                op_sub
 .text.RDW_ADDR
                0x0000000010002f84       0x40 CMakeFiles/psion_recreate.dir/emulator.c.obj
                0x0000000010002f84                RDW_ADDR
 .text.op_ld16  0x0000000010002fc4      0x12c CMakeFiles/psion_recreate.dir/emulator.c.obj
                0x0000000010002fc4                op_ld16
 .text.WR_ADDR  0x00000000100030f0       0x5c CMakeFiles/psion_recreate.dir/emulator.c.obj
                0x00000000100030f0                WR_ADDR
 .text.op_oim   0x000000001000314c       0x8c CMakeFiles/psion_recreate.dir/emulator.c.obj
                0x000000001000314c                op_oim
 .text.op_aim   0x00000000100031d8       0x8c CMakeFiles/psion_recreate.dir/emulator.c.obj
                0x00000000100031d8                op_aim
 .text.op_eim   0x0000000010003264       0x8c CMakeFiles/psion_recreate.dir/emulator.c.obj
                0x0000000010003264                op_eim
 .text.op_psh   0x00000000100032f0       0x54 CMakeFiles/psion_recreate.dir/emulator.c.obj
                0x00000000100032f0                op_psh
 .text.op_sta   0x0000000010003344       0xd4 CMakeFiles/psion_recreate.dir/emulator.c.obj
                0x0000000010003344                op_sta
 .text.op_swi   0x0000000010003418       0xa4 CMakeFiles/psion_recreate.dir/emulator.c.obj
                0x0000000010003418                op_swi
 .text.op_trap  0x00000000100034bc       0x98 CMakeFiles/psion_recreate.dir/emulator.c.obj
                0x00000000100034bc                op_trap
 .text.op_jsr   0x0000000010003554      0x100 CMakeFiles/psion_recreate.dir/emulator.c.obj
                0x0000000010003554                op_jsr
 .text.WRW_ADDR
                0x0000000010003654       0x1a CMakeFiles/psion_recreate.dir/emulator.c.obj
                0x0000000010003654                WRW_ADDR
 *fill*         0x000000001000366e        0x2 
 .text.op_stx   0x0000000010003670       0x90 CMakeFiles/psion_recreate.dir/emulator.c.obj
                0x0000000010003670                op_stx
 .text.op_sts   0x0000000010003700       0x90 CMakeFiles/psion_recreate.dir/emulator.c.obj
                0x0000000010003700                op_sts
 .text.op_std   0x0000000010003790       0xa4 CMakeFiles/psion_recreate.dir/emulator.c.obj
                0x0000000010003790                op_std
 .text.interrupt
                0x0000000010003834       0x8c CMakeFiles/psion_recreate.dir/emulator.c.obj
                0x0000000010003834                interrupt
 .text.update_timers
                0x00000000100038c0       0x40 CMakeFiles/psion_recreate.dir/emulator.c.obj
                0x00000000100038c0                update_timers
 .text.update_counter
                0x0000000010003900       0x40 CMakeFiles/psion_recreate.dir/emulator.c.obj
                0x0000000010003900                update_counter
 .text.initialise_emulator
                0x0000000010003940       0x44 CMakeFiles/psion_recreate.dir/emulator.c.obj
                0x0000000010003940                initialise_emulator
 .text.loop_emulator
                0x0000000010003984       0x60 CMakeFiles/psion_recreate.dir/emulator.c.obj
                0x0000000010003984                loop_emulator
 .text.gpio_set_function
                0x00000000100039e4       0x30 CMakeFiles/psion_recreate.dir/tree/downloaded_tools/pico/pico-sdk/src/rp2_common/hardware_gpio/gpio.c.obj
                0x00000000100039e4                gpio_set_function
 .text.gpio_init
                0x0000000010003a14       0x16 CMakeFiles/psion_recreate.dir/tree/downloaded_tools/pico/pico-sdk/src/rp2_common/hardware_gpio/gpio.c.obj
                0x0000000010003a14                gpio_init
 *fill*         0x0000000010003a2a        0x2 
 .text.hw_claim_lock
                0x0000000010003a2c       0x18 CMakeFiles/psion_recreate.dir/tree/downloaded_tools/pico/pico-sdk/src/rp2_common/hardware_claim/claim.c.obj
                0x0000000010003a2c                hw_claim_lock
 .text.hw_claim_unlock
                0x0000000010003a44       0x14 CMakeFiles/psion_recreate.dir/tree/downloaded_tools/pico/pico-sdk/src/rp2_common/hardware_claim/claim.c.obj
                0x0000000010003a44                hw_claim_unlock
 .text.hw_claim_or_assert
                0x0000000010003a58       0x32 CMakeFiles/psion_recreate.dir/tree/downloaded_tools/pico/pico-sdk/src/rp2_common/hardware_claim/claim.c.obj
                0x0000000010003a58                hw_claim_or_assert
 .text.hw_claim_unused_from_range
                0x0000000010003a8a       0x50 CMakeFiles/psion_recreate.dir/tree/downloaded_tools/pico/pico-sdk/src/rp2_common/hardware_claim/claim.c.obj
                0x0000000010003a8a                hw_claim_unused_from_range
 *fill*         0x0000000010003ada        0x2 
 .text.running_on_fpga
                0x0000000010003adc       0x14 CMakeFiles/psion_recreate.dir/tree/downloaded_tools/pico/pico-sdk/src/rp2_common/pico_platform/platform.c.obj
                0x0000000010003adc                running_on_fpga
 .text.spin_locks_reset
                0x0000000010003af0       0x20 CMakeFiles/psion_recreate.dir/tree/downloaded_tools/pico/pico-sdk/src/rp2_common/hardware_sync/sync.c.obj
                0x0000000010003af0                spin_locks_reset
 .text.next_striped_spin_lock_num
                0x0000000010003b10       0x1c CMakeFiles/psion_recreate.dir/tree/downloaded_tools/pico/pico-sdk/src/rp2_common/hardware_sync/sync.c.obj
                0x0000000010003b10                next_striped_spin_lock_num
 .text.spin_lock_claim_unused
                0x0000000010003b2c       0x20 CMakeFiles/psion_recreate.dir/tree/downloaded_tools/pico/pico-sdk/src/rp2_common/hardware_sync/sync.c.obj
                0x0000000010003b2c                spin_lock_claim_unused
 .text.uart_set_baudrate
                0x0000000010003b4c       0x5c CMakeFiles/psion_recreate.dir/tree/downloaded_tools/pico/pico-sdk/src/rp2_common/hardware_uart/uart.c.obj
                0x0000000010003b4c                uart_set_baudrate
 .text.uart_set_translate_crlf
                0x0000000010003ba8       0x28 CMakeFiles/psion_recreate.dir/tree/downloaded_tools/pico/pico-sdk/src/rp2_common/hardware_uart/uart.c.obj
                0x0000000010003ba8                uart_set_translate_crlf
 .text.uart_init
                0x0000000010003bd0       0x80 CMakeFiles/psion_recreate.dir/tree/downloaded_tools/pico/pico-sdk/src/rp2_common/hardware_uart/uart.c.obj
                0x0000000010003bd0                uart_init
 .text.alarm_pool_post_alloc_init
                0x0000000010003c50       0x40 CMakeFiles/psion_recreate.dir/tree/downloaded_tools/pico/pico-sdk/src/common/pico_time/time.c.obj
 .text.sleep_until_callback
                0x0000000010003c90       0x30 CMakeFiles/psion_recreate.dir/tree/downloaded_tools/pico/pico-sdk/src/common/pico_time/time.c.obj
 .text.timer_pool_entry_comparator
                0x0000000010003cc0       0x7c CMakeFiles/psion_recreate.dir/tree/downloaded_tools/pico/pico-sdk/src/common/pico_time/time.c.obj
                0x0000000010003cc0                timer_pool_entry_comparator
 .text.ph_add_child_node
                0x0000000010003d3c       0xa4 CMakeFiles/psion_recreate.dir/tree/downloaded_tools/pico/pico-sdk/src/common/pico_time/time.c.obj
 .text.ph_merge_nodes
                0x0000000010003de0       0x3e CMakeFiles/psion_recreate.dir/tree/downloaded_tools/pico/pico-sdk/src/common/pico_time/time.c.obj
 *fill*         0x0000000010003e1e        0x2 
 .text.add_alarm_under_lock
                0x0000000010003e20      0x174 CMakeFiles/psion_recreate.dir/tree/downloaded_tools/pico/pico-sdk/src/common/pico_time/time.c.obj
 .text.alarm_pool_alarm_callback
                0x0000000010003f94      0x32c CMakeFiles/psion_recreate.dir/tree/downloaded_tools/pico/pico-sdk/src/common/pico_time/time.c.obj
 .text.alarm_pool_init_default
                0x00000000100042c0       0x38 CMakeFiles/psion_recreate.dir/tree/downloaded_tools/pico/pico-sdk/src/common/pico_time/time.c.obj
                0x00000000100042c0                alarm_pool_init_default
 .text.alarm_pool_get_default
                0x00000000100042f8       0x2c CMakeFiles/psion_recreate.dir/tree/downloaded_tools/pico/pico-sdk/src/common/pico_time/time.c.obj
                0x00000000100042f8                alarm_pool_get_default
 .text.alarm_pool_add_alarm_at
                0x0000000010004324      0x170 CMakeFiles/psion_recreate.dir/tree/downloaded_tools/pico/pico-sdk/src/common/pico_time/time.c.obj
                0x0000000010004324                alarm_pool_add_alarm_at
 .text.alarm_pool_cancel_alarm
                0x0000000010004494       0xec CMakeFiles/psion_recreate.dir/tree/downloaded_tools/pico/pico-sdk/src/common/pico_time/time.c.obj
                0x0000000010004494                alarm_pool_cancel_alarm
 .text.best_effort_wfe_or_timeout
                0x0000000010004580       0x80 CMakeFiles/psion_recreate.dir/tree/downloaded_tools/pico/pico-sdk/src/common/pico_time/time.c.obj
                0x0000000010004580                best_effort_wfe_or_timeout
 .text.hardware_alarm_irq_handler
                0x0000000010004600       0x8c CMakeFiles/psion_recreate.dir/tree/downloaded_tools/pico/pico-sdk/src/rp2_common/hardware_timer/timer.c.obj
 .text.hardware_alarm_claim
                0x000000001000468c       0x18 CMakeFiles/psion_recreate.dir/tree/downloaded_tools/pico/pico-sdk/src/rp2_common/hardware_timer/timer.c.obj
                0x000000001000468c                hardware_alarm_claim
 .text.time_us_64
                0x00000000100046a4       0x18 CMakeFiles/psion_recreate.dir/tree/downloaded_tools/pico/pico-sdk/src/rp2_common/hardware_timer/timer.c.obj
                0x00000000100046a4                time_us_64
 .text.hardware_alarm_set_callback
                0x00000000100046bc       0x90 CMakeFiles/psion_recreate.dir/tree/downloaded_tools/pico/pico-sdk/src/rp2_common/hardware_timer/timer.c.obj
                0x00000000100046bc                hardware_alarm_set_callback
 .text.hardware_alarm_set_target
                0x000000001000474c       0xe8 CMakeFiles/psion_recreate.dir/tree/downloaded_tools/pico/pico-sdk/src/rp2_common/hardware_timer/timer.c.obj
                0x000000001000474c                hardware_alarm_set_target
 .text.hardware_alarm_cancel
                0x0000000010004834       0x40 CMakeFiles/psion_recreate.dir/tree/downloaded_tools/pico/pico-sdk/src/rp2_common/hardware_timer/timer.c.obj
                0x0000000010004834                hardware_alarm_cancel
 .text.lock_init
                0x0000000010004874       0x10 CMakeFiles/psion_recreate.dir/tree/downloaded_tools/pico/pico-sdk/src/common/pico_sync/lock_core.c.obj
                0x0000000010004874                lock_init
 .text.mutex_init_internal
                0x0000000010004884       0x1e CMakeFiles/psion_recreate.dir/tree/downloaded_tools/pico/pico-sdk/src/common/pico_sync/mutex.c.obj
 .text.mutex_init
                0x00000000100048a2        0xa CMakeFiles/psion_recreate.dir/tree/downloaded_tools/pico/pico-sdk/src/common/pico_sync/mutex.c.obj
                0x00000000100048a2                mutex_init
 .text.recursive_mutex_init
                0x00000000100048ac        0xa CMakeFiles/psion_recreate.dir/tree/downloaded_tools/pico/pico-sdk/src/common/pico_sync/mutex.c.obj
                0x00000000100048ac                recursive_mutex_init
 *fill*         0x00000000100048b6        0x2 
 .text.critical_section_init_with_lock_num
                0x00000000100048b8       0x14 CMakeFiles/psion_recreate.dir/tree/downloaded_tools/pico/pico-sdk/src/common/pico_sync/critical_section.c.obj
                0x00000000100048b8                critical_section_init_with_lock_num
 .text.critical_section_init
                0x00000000100048cc       0x14 CMakeFiles/psion_recreate.dir/tree/downloaded_tools/pico/pico-sdk/src/common/pico_sync/critical_section.c.obj
                0x00000000100048cc                critical_section_init
 .text.ph_add_child_node
                0x00000000100048e0       0xa4 CMakeFiles/psion_recreate.dir/tree/downloaded_tools/pico/pico-sdk/src/common/pico_util/pheap.c.obj
 .text.ph_merge_nodes
                0x0000000010004984       0x3e CMakeFiles/psion_recreate.dir/tree/downloaded_tools/pico/pico-sdk/src/common/pico_util/pheap.c.obj
 *fill*         0x00000000100049c2        0x2 
 .text.ph_clear
                0x00000000100049c4       0x70 CMakeFiles/psion_recreate.dir/tree/downloaded_tools/pico/pico-sdk/src/common/pico_util/pheap.c.obj
                0x00000000100049c4                ph_clear
 .text.ph_post_alloc_init
                0x0000000010004a34        0xe CMakeFiles/psion_recreate.dir/tree/downloaded_tools/pico/pico-sdk/src/common/pico_util/pheap.c.obj
                0x0000000010004a34                ph_post_alloc_init
 *fill*         0x0000000010004a42        0x2 
 .text.ph_merge_two_pass
                0x0000000010004a44       0xa8 CMakeFiles/psion_recreate.dir/tree/downloaded_tools/pico/pico-sdk/src/common/pico_util/pheap.c.obj
                0x0000000010004a44                ph_merge_two_pass
 .text.ph_remove_any_head
                0x0000000010004aec      0x108 CMakeFiles/psion_recreate.dir/tree/downloaded_tools/pico/pico-sdk/src/common/pico_util/pheap.c.obj
 .text.ph_remove_head
                0x0000000010004bf4       0x14 CMakeFiles/psion_recreate.dir/tree/downloaded_tools/pico/pico-sdk/src/common/pico_util/pheap.c.obj
                0x0000000010004bf4                ph_remove_head
 .text.ph_remove_and_free_node
                0x0000000010004c08       0xf8 CMakeFiles/psion_recreate.dir/tree/downloaded_tools/pico/pico-sdk/src/common/pico_util/pheap.c.obj
                0x0000000010004c08                ph_remove_and_free_node
 .text.runtime_init
                0x0000000010004d00       0xd8 CMakeFiles/psion_recreate.dir/tree/downloaded_tools/pico/pico-sdk/src/rp2_common/pico_runtime/runtime.c.obj
                0x0000000010004d00                runtime_init
 .text._exit    0x0000000010004dd8        0x4 CMakeFiles/psion_recreate.dir/tree/downloaded_tools/pico/pico-sdk/src/rp2_common/pico_runtime/runtime.c.obj
                0x0000000010004dd8                _exit
 .text.exit     0x0000000010004ddc        0x6 CMakeFiles/psion_recreate.dir/tree/downloaded_tools/pico/pico-sdk/src/rp2_common/pico_runtime/runtime.c.obj
                0x0000000010004ddc                exit
 *fill*         0x0000000010004de2        0x2 
 .text.__assert_func
                0x0000000010004de4       0x3c CMakeFiles/psion_recreate.dir/tree/downloaded_tools/pico/pico-sdk/src/rp2_common/pico_runtime/runtime.c.obj
                0x0000000010004de4                __assert_func
 .text.panic    0x0000000010004e20       0x30 CMakeFiles/psion_recreate.dir/tree/downloaded_tools/pico/pico-sdk/src/rp2_common/pico_runtime/runtime.c.obj
                0x0000000010004e20                panic
 .text.clock_configure
                0x0000000010004e50      0x104 CMakeFiles/psion_recreate.dir/tree/downloaded_tools/pico/pico-sdk/src/rp2_common/hardware_clocks/clocks.c.obj
                0x0000000010004e50                clock_configure
 .text.clocks_init
                0x0000000010004f54      0x100 CMakeFiles/psion_recreate.dir/tree/downloaded_tools/pico/pico-sdk/src/rp2_common/hardware_clocks/clocks.c.obj
                0x0000000010004f54                clocks_init
 .text.clock_get_hz
                0x0000000010005054        0xc CMakeFiles/psion_recreate.dir/tree/downloaded_tools/pico/pico-sdk/src/rp2_common/hardware_clocks/clocks.c.obj
                0x0000000010005054                clock_get_hz
 .text.set_raw_irq_handler_and_unlock
                0x0000000010005060       0x28 CMakeFiles/psion_recreate.dir/tree/downloaded_tools/pico/pico-sdk/src/rp2_common/hardware_irq/irq.c.obj
 .text.make_branch
                0x0000000010005088       0x34 CMakeFiles/psion_recreate.dir/tree/downloaded_tools/pico/pico-sdk/src/rp2_common/hardware_irq/irq.c.obj
 .text.insert_branch_and_link
                0x00000000100050bc       0x40 CMakeFiles/psion_recreate.dir/tree/downloaded_tools/pico/pico-sdk/src/rp2_common/hardware_irq/irq.c.obj
 .text.irq_is_enabled
                0x00000000100050fc       0x18 CMakeFiles/psion_recreate.dir/tree/downloaded_tools/pico/pico-sdk/src/rp2_common/hardware_irq/irq.c.obj
                0x00000000100050fc                irq_is_enabled
 .text.irq_set_mask_enabled
                0x0000000010005114       0x20 CMakeFiles/psion_recreate.dir/tree/downloaded_tools/pico/pico-sdk/src/rp2_common/hardware_irq/irq.c.obj
                0x0000000010005114                irq_set_mask_enabled
 .text.irq_set_enabled
                0x0000000010005134        0xe CMakeFiles/psion_recreate.dir/tree/downloaded_tools/pico/pico-sdk/src/rp2_common/hardware_irq/irq.c.obj
                0x0000000010005134                irq_set_enabled
 *fill*         0x0000000010005142        0x2 
 .text.irq_set_pending
                0x0000000010005144       0x10 CMakeFiles/psion_recreate.dir/tree/downloaded_tools/pico/pico-sdk/src/rp2_common/hardware_irq/irq.c.obj
                0x0000000010005144                irq_set_pending
 .text.irq_get_vtable_handler
                0x0000000010005154       0x10 CMakeFiles/psion_recreate.dir/tree/downloaded_tools/pico/pico-sdk/src/rp2_common/hardware_irq/irq.c.obj
                0x0000000010005154                irq_get_vtable_handler
 .text.irq_set_exclusive_handler
                0x0000000010005164       0x54 CMakeFiles/psion_recreate.dir/tree/downloaded_tools/pico/pico-sdk/src/rp2_common/hardware_irq/irq.c.obj
                0x0000000010005164                irq_set_exclusive_handler
 .text.irq_remove_handler
                0x00000000100051b8      0x1ac CMakeFiles/psion_recreate.dir/tree/downloaded_tools/pico/pico-sdk/src/rp2_common/hardware_irq/irq.c.obj
                0x00000000100051b8                irq_remove_handler
 .text.irq_set_priority
                0x0000000010005364       0x28 CMakeFiles/psion_recreate.dir/tree/downloaded_tools/pico/pico-sdk/src/rp2_common/hardware_irq/irq.c.obj
                0x0000000010005364                irq_set_priority
 .text.irq_add_tail_to_free_list
                0x000000001000538c       0xf0 CMakeFiles/psion_recreate.dir/tree/downloaded_tools/pico/pico-sdk/src/rp2_common/hardware_irq/irq.c.obj
                0x000000001000538c                irq_add_tail_to_free_list
 .text.irq_init_priorities
                0x000000001000547c       0x16 CMakeFiles/psion_recreate.dir/tree/downloaded_tools/pico/pico-sdk/src/rp2_common/hardware_irq/irq.c.obj
                0x000000001000547c                irq_init_priorities
 *fill*         0x0000000010005492        0x2 
 .text.pll_init
                0x0000000010005494      0x118 CMakeFiles/psion_recreate.dir/tree/downloaded_tools/pico/pico-sdk/src/rp2_common/hardware_pll/pll.c.obj
                0x0000000010005494                pll_init
 .text.watchdog_start_tick
                0x00000000100055ac       0x10 CMakeFiles/psion_recreate.dir/tree/downloaded_tools/pico/pico-sdk/src/rp2_common/hardware_watchdog/watchdog.c.obj
                0x00000000100055ac                watchdog_start_tick
 .text.watchdog_update
                0x00000000100055bc       0x14 CMakeFiles/psion_recreate.dir/tree/downloaded_tools/pico/pico-sdk/src/rp2_common/hardware_watchdog/watchdog.c.obj
                0x00000000100055bc                watchdog_update
 .text._watchdog_enable
                0x00000000100055d0       0x70 CMakeFiles/psion_recreate.dir/tree/downloaded_tools/pico/pico-sdk/src/rp2_common/hardware_watchdog/watchdog.c.obj
                0x00000000100055d0                _watchdog_enable
 .text.watchdog_reboot
                0x0000000010005640       0x48 CMakeFiles/psion_recreate.dir/tree/downloaded_tools/pico/pico-sdk/src/rp2_common/hardware_watchdog/watchdog.c.obj
                0x0000000010005640                watchdog_reboot
 .text.xosc_init
                0x0000000010005688       0x28 CMakeFiles/psion_recreate.dir/tree/downloaded_tools/pico/pico-sdk/src/rp2_common/hardware_xosc/xosc.c.obj
                0x0000000010005688                xosc_init
 .text._out_null
                0x00000000100056b0        0x2 CMakeFiles/psion_recreate.dir/tree/downloaded_tools/pico/pico-sdk/src/rp2_common/pico_printf/printf.c.obj
 .text._out_fct
                0x00000000100056b2        0xe CMakeFiles/psion_recreate.dir/tree/downloaded_tools/pico/pico-sdk/src/rp2_common/pico_printf/printf.c.obj
 .text._atoi    0x00000000100056c0       0x24 CMakeFiles/psion_recreate.dir/tree/downloaded_tools/pico/pico-sdk/src/rp2_common/pico_printf/printf.c.obj
 .text._out_rev
                0x00000000100056e4       0xae CMakeFiles/psion_recreate.dir/tree/downloaded_tools/pico/pico-sdk/src/rp2_common/pico_printf/printf.c.obj
 .text._ntoa_format
                0x0000000010005792      0x110 CMakeFiles/psion_recreate.dir/tree/downloaded_tools/pico/pico-sdk/src/rp2_common/pico_printf/printf.c.obj
 .text._ntoa_long
                0x00000000100058a2       0xbc CMakeFiles/psion_recreate.dir/tree/downloaded_tools/pico/pico-sdk/src/rp2_common/pico_printf/printf.c.obj
 .text._ntoa_long_long
                0x000000001000595e       0xe2 CMakeFiles/psion_recreate.dir/tree/downloaded_tools/pico/pico-sdk/src/rp2_common/pico_printf/printf.c.obj
 .text._etoa    0x0000000010005a40      0x40c CMakeFiles/psion_recreate.dir/tree/downloaded_tools/pico/pico-sdk/src/rp2_common/pico_printf/printf.c.obj
 .text._ftoa    0x0000000010005e4c      0x354 CMakeFiles/psion_recreate.dir/tree/downloaded_tools/pico/pico-sdk/src/rp2_common/pico_printf/printf.c.obj
 .text._vsnprintf
                0x00000000100061a0      0x628 CMakeFiles/psion_recreate.dir/tree/downloaded_tools/pico/pico-sdk/src/rp2_common/pico_printf/printf.c.obj
 .text.vfctprintf
                0x00000000100067c8       0x20 CMakeFiles/psion_recreate.dir/tree/downloaded_tools/pico/pico-sdk/src/rp2_common/pico_printf/printf.c.obj
                0x00000000100067c8                vfctprintf
 .text          0x00000000100067e8       0x10 CMakeFiles/psion_recreate.dir/tree/downloaded_tools/pico/pico-sdk/src/rp2_common/pico_bit_ops/bit_ops_aeabi.S.obj
 .text.rom_func_lookup
                0x00000000100067f8       0x10 CMakeFiles/psion_recreate.dir/tree/downloaded_tools/pico/pico-sdk/src/rp2_common/pico_bootrom/bootrom.c.obj
                0x00000000100067f8                rom_func_lookup
 .text.rom_data_lookup
                0x0000000010006808       0x10 CMakeFiles/psion_recreate.dir/tree/downloaded_tools/pico/pico-sdk/src/rp2_common/pico_bootrom/bootrom.c.obj
                0x0000000010006808                rom_data_lookup
 .text.rom_funcs_lookup
                0x0000000010006818       0x36 CMakeFiles/psion_recreate.dir/tree/downloaded_tools/pico/pico-sdk/src/rp2_common/pico_bootrom/bootrom.c.obj
                0x0000000010006818                rom_funcs_lookup
 *fill*         0x000000001000684e        0x2 
 .text.__wrap___aeabi_idiv
                0x0000000010006850       0x50 CMakeFiles/psion_recreate.dir/tree/downloaded_tools/pico/pico-sdk/src/rp2_common/pico_divider/divider.S.obj
                0x0000000010006850                __wrap___aeabi_idivmod
                0x0000000010006850                divmod_s32s32
                0x0000000010006850                div_s32s32
                0x0000000010006850                __wrap___aeabi_idiv
                0x0000000010006858                divmod_s32s32_unsafe
                0x0000000010006884                divmod_s32s32_savestate
 .text.__wrap___aeabi_uidiv
                0x00000000100068a0       0x4c CMakeFiles/psion_recreate.dir/tree/downloaded_tools/pico/pico-sdk/src/rp2_common/pico_divider/divider.S.obj
                0x00000000100068a0                __wrap___aeabi_uidiv
                0x00000000100068a0                __wrap___aeabi_uidivmod
                0x00000000100068a0                div_u32u32
                0x00000000100068a0                divmod_u32u32
                0x00000000100068a8                divmod_u32u32_unsafe
                0x00000000100068d0                divmod_u32u32_savestate
 .text.__wrap___aeabi_ldiv
                0x00000000100068ec      0x430 CMakeFiles/psion_recreate.dir/tree/downloaded_tools/pico/pico-sdk/src/rp2_common/pico_divider/divider.S.obj
                0x00000000100068ec                div_s64s64
                0x00000000100068ec                divmod_s64s64
                0x00000000100068ec                __wrap___aeabi_ldivmod
                0x0000000010006924                div_u64u64
                0x0000000010006924                divmod_u64u64
                0x0000000010006924                __wrap___aeabi_uldivmod
                0x0000000010006934                divmod_u64u64_savestate
                0x000000001000695c                divmod_s64s64_unsafe
                0x00000000100069e4                divmod_u64u64_unsafe
 .text.__wrap___aeabi_darithmetic
                0x0000000010006d1c       0x80 CMakeFiles/psion_recreate.dir/tree/downloaded_tools/pico/pico-sdk/src/rp2_common/pico_double/double_aeabi.S.obj
                0x0000000010006d1c                __wrap___aeabi_drsub
                0x0000000010006d22                __wrap___aeabi_dsub
                0x0000000010006d34                __wrap___aeabi_dadd
                0x0000000010006d46                __wrap___aeabi_ddiv
                0x0000000010006d82                __wrap___aeabi_dmul
 .text.__wrap___aeabi_cdcmple
                0x0000000010006d9c       0x6c CMakeFiles/psion_recreate.dir/tree/downloaded_tools/pico/pico-sdk/src/rp2_common/pico_double/double_aeabi.S.obj
                0x0000000010006d9c                __wrap___aeabi_cdrcmple
                0x0000000010006dac                __wrap___aeabi_cdcmple
                0x0000000010006dac                __wrap___aeabi_cdcmpeq
 .text.__wrap___aeabi_dcmplt
                0x0000000010006e08        0xc CMakeFiles/psion_recreate.dir/tree/downloaded_tools/pico/pico-sdk/src/rp2_common/pico_double/double_aeabi.S.obj
                0x0000000010006e08                __wrap___aeabi_dcmplt
 .text.__wrap___aeabi_dcmple
                0x0000000010006e14       0x10 CMakeFiles/psion_recreate.dir/tree/downloaded_tools/pico/pico-sdk/src/rp2_common/pico_double/double_aeabi.S.obj
                0x0000000010006e14                __wrap___aeabi_dcmple
 .text.__wrap___aeabi_dcmpge
                0x0000000010006e24       0x10 CMakeFiles/psion_recreate.dir/tree/downloaded_tools/pico/pico-sdk/src/rp2_common/pico_double/double_aeabi.S.obj
                0x0000000010006e24                __wrap___aeabi_dcmpge
 .text.__wrap___aeabi_dcmpgt
                0x0000000010006e34        0xa CMakeFiles/psion_recreate.dir/tree/downloaded_tools/pico/pico-sdk/src/rp2_common/pico_double/double_aeabi.S.obj
                0x0000000010006e34                __wrap___aeabi_dcmpgt
 .text.__wrap___aeabi_dcmpun
                0x0000000010006e3e       0x1c CMakeFiles/psion_recreate.dir/tree/downloaded_tools/pico/pico-sdk/src/rp2_common/pico_double/double_aeabi.S.obj
                0x0000000010006e3e                __wrap___aeabi_dcmpun
 *fill*         0x0000000010006e5a        0x2 
 .text.__wrap___aeabi_i2d
                0x0000000010006e5c       0x38 CMakeFiles/psion_recreate.dir/tree/downloaded_tools/pico/pico-sdk/src/rp2_common/pico_double/double_aeabi.S.obj
                0x0000000010006e5c                __wrap___aeabi_ui2d
                0x0000000010006e64                __wrap___aeabi_i2d
 .text.__wrap___aeabi_d2iz
                0x0000000010006e94       0x48 CMakeFiles/psion_recreate.dir/tree/downloaded_tools/pico/pico-sdk/src/rp2_common/pico_double/double_aeabi.S.obj
                0x0000000010006e94                __wrap___aeabi_d2iz
                0x0000000010006e94                double2int_z
 .text.__wrap___aeabi_d2uiz
                0x0000000010006edc       0x18 CMakeFiles/psion_recreate.dir/tree/downloaded_tools/pico/pico-sdk/src/rp2_common/pico_double/double_aeabi.S.obj
                0x0000000010006edc                double2uint
                0x0000000010006edc                __wrap___aeabi_d2uiz
 .text.__aeabi_double_init
                0x0000000010006ef4       0xb4 CMakeFiles/psion_recreate.dir/tree/downloaded_tools/pico/pico-sdk/src/rp2_common/pico_double/double_init_rom.c.obj
                0x0000000010006ef4                __aeabi_double_init
 .text.double_table_shim_on_use_helper
                0x0000000010006fa8       0x34 CMakeFiles/psion_recreate.dir/tree/downloaded_tools/pico/pico-sdk/src/rp2_common/pico_double/double_v1_rom_shim.S.obj
                0x0000000010006fa8                double_table_shim_on_use_helper
 .text.__wrap___aeabi_dsub
                0x0000000010006fdc       0x10 CMakeFiles/psion_recreate.dir/tree/downloaded_tools/pico/pico-sdk/src/rp2_common/pico_double/double_v1_rom_shim.S.obj
                0x0000000010006fdc                drsub_shim
                0x0000000010006fe2                dsub_shim
 .text.dadd_shim
                0x0000000010006fec      0x15c CMakeFiles/psion_recreate.dir/tree/downloaded_tools/pico/pico-sdk/src/rp2_common/pico_double/double_v1_rom_shim.S.obj
                0x0000000010006fec                dadd_shim
 .text.dmul_shim
                0x0000000010007148      0x15c CMakeFiles/psion_recreate.dir/tree/downloaded_tools/pico/pico-sdk/src/rp2_common/pico_double/double_v1_rom_shim.S.obj
                0x0000000010007148                dmul_shim
 .text.ddiv_shim
                0x00000000100072a4      0x1b0 CMakeFiles/psion_recreate.dir/tree/downloaded_tools/pico/pico-sdk/src/rp2_common/pico_double/double_v1_rom_shim.S.obj
                0x00000000100072a4                ddiv_shim
 .text.dcordic_rot_step
                0x0000000010007454       0x7c CMakeFiles/psion_recreate.dir/tree/downloaded_tools/pico/pico-sdk/src/rp2_common/pico_double/double_v1_rom_shim.S.obj
                0x0000000010007454                dcordic_rot_step
 .text.double2uint_shim
                0x00000000100074d0        0xe CMakeFiles/psion_recreate.dir/tree/downloaded_tools/pico/pico-sdk/src/rp2_common/pico_double/double_v1_rom_shim.S.obj
                0x00000000100074d0                double2uint_shim
                0x00000000100074d2                double2ufix_shim
 *fill*         0x00000000100074de        0x2 
 .text.double2uint64_shim
                0x00000000100074e0       0x6c CMakeFiles/psion_recreate.dir/tree/downloaded_tools/pico/pico-sdk/src/rp2_common/pico_double/double_v1_rom_shim.S.obj
                0x00000000100074e0                double2uint64_shim
                0x00000000100074e2                double2ufix64_shim
                0x00000000100074fc                d2fix_a
 .text.dunpacks
                0x000000001000754c       0x3c CMakeFiles/psion_recreate.dir/tree/downloaded_tools/pico/pico-sdk/src/rp2_common/pico_double/double_v1_rom_shim.S.obj
                0x000000001000754c                dunpacks
 .text.__aeabi_lmul
                0x0000000010007588       0x32 CMakeFiles/psion_recreate.dir/tree/downloaded_tools/pico/pico-sdk/src/rp2_common/pico_int64_ops/pico_int64_ops_aeabi.S.obj
                0x0000000010007588                __wrap___aeabi_lmul
 *fill*         0x00000000100075ba        0x2 
 .text.__aeabi_float_init
                0x00000000100075bc       0xfc CMakeFiles/psion_recreate.dir/tree/downloaded_tools/pico/pico-sdk/src/rp2_common/pico_float/float_init_rom.c.obj
                0x00000000100075bc                __aeabi_float_init
 .text.float_table_shim_on_use_helper
                0x00000000100076b8       0x34 CMakeFiles/psion_recreate.dir/tree/downloaded_tools/pico/pico-sdk/src/rp2_common/pico_float/float_v1_rom_shim.S.obj
                0x00000000100076b8                float_table_shim_on_use_helper
 .text          0x00000000100076ec       0x10 CMakeFiles/psion_recreate.dir/tree/downloaded_tools/pico/pico-sdk/src/rp2_common/pico_mem_ops/mem_ops_aeabi.S.obj
                0x00000000100076ec                __aeabi_mem_init
 .text.memset   0x00000000100076fc        0xc CMakeFiles/psion_recreate.dir/tree/downloaded_tools/pico/pico-sdk/src/rp2_common/pico_mem_ops/mem_ops_aeabi.S.obj
                0x00000000100076fc                __wrap_memset
 .text.memcpy   0x0000000010007708        0xc CMakeFiles/psion_recreate.dir/tree/downloaded_tools/pico/pico-sdk/src/rp2_common/pico_mem_ops/mem_ops_aeabi.S.obj
                0x0000000010007708                __wrap___aeabi_memcpy
                0x0000000010007708                __wrap_memcpy
 .text.stdio_out_chars_crlf
                0x0000000010007714       0x80 CMakeFiles/psion_recreate.dir/tree/downloaded_tools/pico/pico-sdk/src/rp2_common/pico_stdio/stdio.c.obj
 .text.stdio_stack_buffer_flush
                0x0000000010007794       0x44 CMakeFiles/psion_recreate.dir/tree/downloaded_tools/pico/pico-sdk/src/rp2_common/pico_stdio/stdio.c.obj
 .text.stdio_buffered_printer
                0x00000000100077d8       0x20 CMakeFiles/psion_recreate.dir/tree/downloaded_tools/pico/pico-sdk/src/rp2_common/pico_stdio/stdio.c.obj
 .text.stdout_serialize_begin
                0x00000000100077f8       0x30 CMakeFiles/psion_recreate.dir/tree/downloaded_tools/pico/pico-sdk/src/rp2_common/pico_stdio/stdio.c.obj
                0x00000000100077f8                stdout_serialize_begin
 .text.stdout_serialize_end
                0x0000000010007828       0x10 CMakeFiles/psion_recreate.dir/tree/downloaded_tools/pico/pico-sdk/src/rp2_common/pico_stdio/stdio.c.obj
                0x0000000010007828                stdout_serialize_end
 .text.stdio_put_string
                0x0000000010007838       0x84 CMakeFiles/psion_recreate.dir/tree/downloaded_tools/pico/pico-sdk/src/rp2_common/pico_stdio/stdio.c.obj
 .text.stdio_set_driver_enabled
                0x00000000100078bc       0x38 CMakeFiles/psion_recreate.dir/tree/downloaded_tools/pico/pico-sdk/src/rp2_common/pico_stdio/stdio.c.obj
                0x00000000100078bc                stdio_set_driver_enabled
 .text.stdio_flush
                0x00000000100078f4       0x20 CMakeFiles/psion_recreate.dir/tree/downloaded_tools/pico/pico-sdk/src/rp2_common/pico_stdio/stdio.c.obj
                0x00000000100078f4                stdio_flush
 .text.__wrap_puts
                0x0000000010007914       0x1c CMakeFiles/psion_recreate.dir/tree/downloaded_tools/pico/pico-sdk/src/rp2_common/pico_stdio/stdio.c.obj
                0x0000000010007914                __wrap_puts
 .text.__wrap_vprintf
                0x0000000010007930       0x44 CMakeFiles/psion_recreate.dir/tree/downloaded_tools/pico/pico-sdk/src/rp2_common/pico_stdio/stdio.c.obj
                0x0000000010007930                __wrap_vprintf
 .text.__wrap_printf
                0x0000000010007974       0x18 CMakeFiles/psion_recreate.dir/tree/downloaded_tools/pico/pico-sdk/src/rp2_common/pico_stdio/stdio.c.obj
                0x0000000010007974                __wrap_printf
 .text.stdio_init_all
                0x000000001000798c        0xc CMakeFiles/psion_recreate.dir/tree/downloaded_tools/pico/pico-sdk/src/rp2_common/pico_stdio/stdio.c.obj
                0x000000001000798c                stdio_init_all
 .text.stdio_uart_out_chars
                0x0000000010007998       0x74 CMakeFiles/psion_recreate.dir/tree/downloaded_tools/pico/pico-sdk/src/rp2_common/pico_stdio_uart/stdio_uart.c.obj
 .text.stdio_uart_in_chars
                0x0000000010007a0c       0x54 CMakeFiles/psion_recreate.dir/tree/downloaded_tools/pico/pico-sdk/src/rp2_common/pico_stdio_uart/stdio_uart.c.obj
                0x0000000010007a0c                stdio_uart_in_chars
 .text.stdio_uart_init_full
                0x0000000010007a60       0x3c CMakeFiles/psion_recreate.dir/tree/downloaded_tools/pico/pico-sdk/src/rp2_common/pico_stdio_uart/stdio_uart.c.obj
                0x0000000010007a60                stdio_uart_init_full
 .text.stdio_uart_init
                0x0000000010007a9c       0x28 CMakeFiles/psion_recreate.dir/tree/downloaded_tools/pico/pico-sdk/src/rp2_common/pico_stdio_uart/stdio_uart.c.obj
                0x0000000010007a9c                stdio_uart_init
 .text.resetd_init
                0x0000000010007ac4        0x2 CMakeFiles/psion_recreate.dir/tree/downloaded_tools/pico/pico-sdk/src/rp2_common/pico_stdio_usb/reset_interface.c.obj
 *fill*         0x0000000010007ac6        0x2 
 .text.resetd_reset
                0x0000000010007ac8        0xc CMakeFiles/psion_recreate.dir/tree/downloaded_tools/pico/pico-sdk/src/rp2_common/pico_stdio_usb/reset_interface.c.obj
 .text.resetd_open
                0x0000000010007ad4       0x34 CMakeFiles/psion_recreate.dir/tree/downloaded_tools/pico/pico-sdk/src/rp2_common/pico_stdio_usb/reset_interface.c.obj
 .text.resetd_xfer_cb
                0x0000000010007b08        0x4 CMakeFiles/psion_recreate.dir/tree/downloaded_tools/pico/pico-sdk/src/rp2_common/pico_stdio_usb/reset_interface.c.obj
 .text.resetd_control_xfer_cb
                0x0000000010007b0c       0x6c CMakeFiles/psion_recreate.dir/tree/downloaded_tools/pico/pico-sdk/src/rp2_common/pico_stdio_usb/reset_interface.c.obj
 .text.usbd_app_driver_get_cb
                0x0000000010007b78        0xc CMakeFiles/psion_recreate.dir/tree/downloaded_tools/pico/pico-sdk/src/rp2_common/pico_stdio_usb/reset_interface.c.obj
                0x0000000010007b78                usbd_app_driver_get_cb
 .text.tud_cdc_line_coding_cb
                0x0000000010007b84       0x34 CMakeFiles/psion_recreate.dir/tree/downloaded_tools/pico/pico-sdk/src/rp2_common/pico_stdio_usb/reset_interface.c.obj
                0x0000000010007b84                tud_cdc_line_coding_cb
 .text.stdio_usb_in_chars
                0x0000000010007bb8       0x70 CMakeFiles/psion_recreate.dir/tree/downloaded_tools/pico/pico-sdk/src/rp2_common/pico_stdio_usb/stdio_usb.c.obj
                0x0000000010007bb8                stdio_usb_in_chars
 .text.low_priority_worker_irq
                0x0000000010007c28       0x20 CMakeFiles/psion_recreate.dir/tree/downloaded_tools/pico/pico-sdk/src/rp2_common/pico_stdio_usb/stdio_usb.c.obj
 .text.stdio_usb_out_chars
                0x0000000010007c48       0xd4 CMakeFiles/psion_recreate.dir/tree/downloaded_tools/pico/pico-sdk/src/rp2_common/pico_stdio_usb/stdio_usb.c.obj
 .text.timer_task
                0x0000000010007d1c       0x10 CMakeFiles/psion_recreate.dir/tree/downloaded_tools/pico/pico-sdk/src/rp2_common/pico_stdio_usb/stdio_usb.c.obj
 .text.stdio_usb_init
                0x0000000010007d2c       0xb8 CMakeFiles/psion_recreate.dir/tree/downloaded_tools/pico/pico-sdk/src/rp2_common/pico_stdio_usb/stdio_usb.c.obj
                0x0000000010007d2c                stdio_usb_init
 .text.tud_descriptor_device_cb
                0x0000000010007de4        0x8 CMakeFiles/psion_recreate.dir/tree/downloaded_tools/pico/pico-sdk/src/rp2_common/pico_stdio_usb/stdio_usb_descriptors.c.obj
                0x0000000010007de4                tud_descriptor_device_cb
 .text.tud_descriptor_configuration_cb
                0x0000000010007dec        0x8 CMakeFiles/psion_recreate.dir/tree/downloaded_tools/pico/pico-sdk/src/rp2_common/pico_stdio_usb/stdio_usb_descriptors.c.obj
                0x0000000010007dec                tud_descriptor_configuration_cb
 .text.tud_descriptor_string_cb
                0x0000000010007df4       0x68 CMakeFiles/psion_recreate.dir/tree/downloaded_tools/pico/pico-sdk/src/rp2_common/pico_stdio_usb/stdio_usb_descriptors.c.obj
                0x0000000010007df4                tud_descriptor_string_cb
 .text.hw_endpoint_get_by_addr
                0x0000000010007e5c       0x18 CMakeFiles/psion_recreate.dir/tree/downloaded_tools/pico/pico-sdk/lib/tinyusb/src/portable/raspberrypi/rp2040/dcd_rp2040.c.obj
 .text.reset_ep0
                0x0000000010007e74       0x2c CMakeFiles/psion_recreate.dir/tree/downloaded_tools/pico/pico-sdk/lib/tinyusb/src/portable/raspberrypi/rp2040/dcd_rp2040.c.obj
 .text._hw_endpoint_alloc
                0x0000000010007ea0       0x80 CMakeFiles/psion_recreate.dir/tree/downloaded_tools/pico/pico-sdk/lib/tinyusb/src/portable/raspberrypi/rp2040/dcd_rp2040.c.obj
 .text._hw_endpoint_init
                0x0000000010007f20       0xbc CMakeFiles/psion_recreate.dir/tree/downloaded_tools/pico/pico-sdk/lib/tinyusb/src/portable/raspberrypi/rp2040/dcd_rp2040.c.obj
 .text.hw_endpoint_init
                0x0000000010007fdc       0x18 CMakeFiles/psion_recreate.dir/tree/downloaded_tools/pico/pico-sdk/lib/tinyusb/src/portable/raspberrypi/rp2040/dcd_rp2040.c.obj
 .text.hw_handle_buff_status
                0x0000000010007ff4       0xb4 CMakeFiles/psion_recreate.dir/tree/downloaded_tools/pico/pico-sdk/lib/tinyusb/src/portable/raspberrypi/rp2040/dcd_rp2040.c.obj
 .text.dcd_rp2040_irq
                0x00000000100080a8       0xa8 CMakeFiles/psion_recreate.dir/tree/downloaded_tools/pico/pico-sdk/lib/tinyusb/src/portable/raspberrypi/rp2040/dcd_rp2040.c.obj
 .text.hw_endpoint_xfer
                0x0000000010008150       0x18 CMakeFiles/psion_recreate.dir/tree/downloaded_tools/pico/pico-sdk/lib/tinyusb/src/portable/raspberrypi/rp2040/dcd_rp2040.c.obj
 .text.ep0_0len_status
                0x0000000010008168       0x14 CMakeFiles/psion_recreate.dir/tree/downloaded_tools/pico/pico-sdk/lib/tinyusb/src/portable/raspberrypi/rp2040/dcd_rp2040.c.obj
 .text._hw_endpoint_stall
                0x000000001000817c       0x54 CMakeFiles/psion_recreate.dir/tree/downloaded_tools/pico/pico-sdk/lib/tinyusb/src/portable/raspberrypi/rp2040/dcd_rp2040.c.obj
 .text.hw_endpoint_stall
                0x00000000100081d0        0xc CMakeFiles/psion_recreate.dir/tree/downloaded_tools/pico/pico-sdk/lib/tinyusb/src/portable/raspberrypi/rp2040/dcd_rp2040.c.obj
 .text._hw_endpoint_clear_stall
                0x00000000100081dc       0x34 CMakeFiles/psion_recreate.dir/tree/downloaded_tools/pico/pico-sdk/lib/tinyusb/src/portable/raspberrypi/rp2040/dcd_rp2040.c.obj
 .text.hw_endpoint_clear_stall
                0x0000000010008210        0xc CMakeFiles/psion_recreate.dir/tree/downloaded_tools/pico/pico-sdk/lib/tinyusb/src/portable/raspberrypi/rp2040/dcd_rp2040.c.obj
 .text.dcd_int_enable
                0x000000001000821c       0x2c CMakeFiles/psion_recreate.dir/tree/downloaded_tools/pico/pico-sdk/lib/tinyusb/src/portable/raspberrypi/rp2040/dcd_rp2040.c.obj
                0x000000001000821c                dcd_int_enable
 .text.dcd_set_address
                0x0000000010008248       0x28 CMakeFiles/psion_recreate.dir/tree/downloaded_tools/pico/pico-sdk/lib/tinyusb/src/portable/raspberrypi/rp2040/dcd_rp2040.c.obj
                0x0000000010008248                dcd_set_address
 .text.dcd_connect
                0x0000000010008270       0x30 CMakeFiles/psion_recreate.dir/tree/downloaded_tools/pico/pico-sdk/lib/tinyusb/src/portable/raspberrypi/rp2040/dcd_rp2040.c.obj
                0x0000000010008270                dcd_connect
 .text.dcd_init
                0x00000000100082a0       0x84 CMakeFiles/psion_recreate.dir/tree/downloaded_tools/pico/pico-sdk/lib/tinyusb/src/portable/raspberrypi/rp2040/dcd_rp2040.c.obj
                0x00000000100082a0                dcd_init
 .text.dcd_edpt0_status_complete
                0x0000000010008324       0x40 CMakeFiles/psion_recreate.dir/tree/downloaded_tools/pico/pico-sdk/lib/tinyusb/src/portable/raspberrypi/rp2040/dcd_rp2040.c.obj
                0x0000000010008324                dcd_edpt0_status_complete
 .text.dcd_edpt_open
                0x0000000010008364       0x40 CMakeFiles/psion_recreate.dir/tree/downloaded_tools/pico/pico-sdk/lib/tinyusb/src/portable/raspberrypi/rp2040/dcd_rp2040.c.obj
                0x0000000010008364                dcd_edpt_open
 .text.dcd_edpt_xfer
                0x00000000100083a4       0x34 CMakeFiles/psion_recreate.dir/tree/downloaded_tools/pico/pico-sdk/lib/tinyusb/src/portable/raspberrypi/rp2040/dcd_rp2040.c.obj
                0x00000000100083a4                dcd_edpt_xfer
 .text.dcd_edpt_stall
                0x00000000100083d8       0x28 CMakeFiles/psion_recreate.dir/tree/downloaded_tools/pico/pico-sdk/lib/tinyusb/src/portable/raspberrypi/rp2040/dcd_rp2040.c.obj
                0x00000000100083d8                dcd_edpt_stall
 .text.dcd_edpt_clear_stall
                0x0000000010008400       0x2c CMakeFiles/psion_recreate.dir/tree/downloaded_tools/pico/pico-sdk/lib/tinyusb/src/portable/raspberrypi/rp2040/dcd_rp2040.c.obj
                0x0000000010008400                dcd_edpt_clear_stall
 .text.rp2040_usb_init
                0x000000001000842c       0x50 CMakeFiles/psion_recreate.dir/tree/downloaded_tools/pico/pico-sdk/lib/tinyusb/src/portable/raspberrypi/rp2040/rp2040_usb.c.obj
                0x000000001000842c                rp2040_usb_init
 .text.hw_endpoint_reset_transfer
                0x000000001000847c       0x10 CMakeFiles/psion_recreate.dir/tree/downloaded_tools/pico/pico-sdk/lib/tinyusb/src/portable/raspberrypi/rp2040/rp2040_usb.c.obj
                0x000000001000847c                hw_endpoint_reset_transfer
 .text._hw_endpoint_buffer_control_update32
                0x000000001000848c       0x58 CMakeFiles/psion_recreate.dir/tree/downloaded_tools/pico/pico-sdk/lib/tinyusb/src/portable/raspberrypi/rp2040/rp2040_usb.c.obj
                0x000000001000848c                _hw_endpoint_buffer_control_update32
 .text._hw_endpoint_start_next_buffer
                0x00000000100084e4       0x50 CMakeFiles/psion_recreate.dir/tree/downloaded_tools/pico/pico-sdk/lib/tinyusb/src/portable/raspberrypi/rp2040/rp2040_usb.c.obj
                0x00000000100084e4                _hw_endpoint_start_next_buffer
 .text._hw_endpoint_xfer_start
                0x0000000010008534       0x3e CMakeFiles/psion_recreate.dir/tree/downloaded_tools/pico/pico-sdk/lib/tinyusb/src/portable/raspberrypi/rp2040/rp2040_usb.c.obj
                0x0000000010008534                _hw_endpoint_xfer_start
 *fill*         0x0000000010008572        0x2 
 .text._hw_endpoint_xfer_sync
                0x0000000010008574       0x74 CMakeFiles/psion_recreate.dir/tree/downloaded_tools/pico/pico-sdk/lib/tinyusb/src/portable/raspberrypi/rp2040/rp2040_usb.c.obj
                0x0000000010008574                _hw_endpoint_xfer_sync
 .text._hw_endpoint_xfer_continue
                0x00000000100085e8       0x60 CMakeFiles/psion_recreate.dir/tree/downloaded_tools/pico/pico-sdk/lib/tinyusb/src/portable/raspberrypi/rp2040/rp2040_usb.c.obj
                0x00000000100085e8                _hw_endpoint_xfer_continue
 .text._hw_endpoint_xfer
                0x0000000010008648       0x34 CMakeFiles/psion_recreate.dir/tree/downloaded_tools/pico/pico-sdk/lib/tinyusb/src/portable/raspberrypi/rp2040/rp2040_usb.c.obj
                0x0000000010008648                _hw_endpoint_xfer
 .text.mark_interface_endpoint
                0x000000001000867c       0x2a CMakeFiles/psion_recreate.dir/tree/downloaded_tools/pico/pico-sdk/lib/tinyusb/src/device/usbd.c.obj
 *fill*         0x00000000100086a6        0x2 
 .text.usbd_reset
                0x00000000100086a8       0x88 CMakeFiles/psion_recreate.dir/tree/downloaded_tools/pico/pico-sdk/lib/tinyusb/src/device/usbd.c.obj
 .text.invoke_class_control
                0x0000000010008730       0x1a CMakeFiles/psion_recreate.dir/tree/downloaded_tools/pico/pico-sdk/lib/tinyusb/src/device/usbd.c.obj
 *fill*         0x000000001000874a        0x2 
 .text.process_set_config
                0x000000001000874c      0x1d0 CMakeFiles/psion_recreate.dir/tree/downloaded_tools/pico/pico-sdk/lib/tinyusb/src/device/usbd.c.obj
 .text.process_get_descriptor
                0x000000001000891c       0xf8 CMakeFiles/psion_recreate.dir/tree/downloaded_tools/pico/pico-sdk/lib/tinyusb/src/device/usbd.c.obj
 .text.tud_mounted
                0x0000000010008a14       0x10 CMakeFiles/psion_recreate.dir/tree/downloaded_tools/pico/pico-sdk/lib/tinyusb/src/device/usbd.c.obj
                0x0000000010008a14                tud_mounted
 .text.tud_suspended
                0x0000000010008a24       0x10 CMakeFiles/psion_recreate.dir/tree/downloaded_tools/pico/pico-sdk/lib/tinyusb/src/device/usbd.c.obj
                0x0000000010008a24                tud_suspended
 .text.tud_inited
                0x0000000010008a34        0xc CMakeFiles/psion_recreate.dir/tree/downloaded_tools/pico/pico-sdk/lib/tinyusb/src/device/usbd.c.obj
                0x0000000010008a34                tud_inited
 .text.tud_init
                0x0000000010008a40       0xcc CMakeFiles/psion_recreate.dir/tree/downloaded_tools/pico/pico-sdk/lib/tinyusb/src/device/usbd.c.obj
                0x0000000010008a40                tud_init
 .text.dcd_event_handler
                0x0000000010008b0c      0x174 CMakeFiles/psion_recreate.dir/tree/downloaded_tools/pico/pico-sdk/lib/tinyusb/src/device/usbd.c.obj
                0x0000000010008b0c                dcd_event_handler
 .text.dcd_event_bus_signal
                0x0000000010008c80       0x26 CMakeFiles/psion_recreate.dir/tree/downloaded_tools/pico/pico-sdk/lib/tinyusb/src/device/usbd.c.obj
                0x0000000010008c80                dcd_event_bus_signal
 .text.dcd_event_bus_reset
                0x0000000010008ca6       0x2a CMakeFiles/psion_recreate.dir/tree/downloaded_tools/pico/pico-sdk/lib/tinyusb/src/device/usbd.c.obj
                0x0000000010008ca6                dcd_event_bus_reset
 .text.dcd_event_setup_received
                0x0000000010008cd0       0x34 CMakeFiles/psion_recreate.dir/tree/downloaded_tools/pico/pico-sdk/lib/tinyusb/src/device/usbd.c.obj
                0x0000000010008cd0                dcd_event_setup_received
 .text.dcd_event_xfer_complete
                0x0000000010008d04       0x44 CMakeFiles/psion_recreate.dir/tree/downloaded_tools/pico/pico-sdk/lib/tinyusb/src/device/usbd.c.obj
                0x0000000010008d04                dcd_event_xfer_complete
 .text.usbd_edpt_open
                0x0000000010008d48       0xe0 CMakeFiles/psion_recreate.dir/tree/downloaded_tools/pico/pico-sdk/lib/tinyusb/src/device/usbd.c.obj
                0x0000000010008d48                usbd_edpt_open
 .text.usbd_open_edpt_pair
                0x0000000010008e28       0x8c CMakeFiles/psion_recreate.dir/tree/downloaded_tools/pico/pico-sdk/lib/tinyusb/src/device/usbd.c.obj
                0x0000000010008e28                usbd_open_edpt_pair
 .text.usbd_edpt_claim
                0x0000000010008eb4       0x8c CMakeFiles/psion_recreate.dir/tree/downloaded_tools/pico/pico-sdk/lib/tinyusb/src/device/usbd.c.obj
                0x0000000010008eb4                usbd_edpt_claim
 .text.usbd_edpt_release
                0x0000000010008f40       0x68 CMakeFiles/psion_recreate.dir/tree/downloaded_tools/pico/pico-sdk/lib/tinyusb/src/device/usbd.c.obj
                0x0000000010008f40                usbd_edpt_release
 .text.usbd_edpt_xfer
                0x0000000010008fa8       0x80 CMakeFiles/psion_recreate.dir/tree/downloaded_tools/pico/pico-sdk/lib/tinyusb/src/device/usbd.c.obj
                0x0000000010008fa8                usbd_edpt_xfer
 .text.usbd_edpt_stall
                0x0000000010009028       0x2c CMakeFiles/psion_recreate.dir/tree/downloaded_tools/pico/pico-sdk/lib/tinyusb/src/device/usbd.c.obj
                0x0000000010009028                usbd_edpt_stall
 .text.usbd_edpt_clear_stall
                0x0000000010009054       0x2c CMakeFiles/psion_recreate.dir/tree/downloaded_tools/pico/pico-sdk/lib/tinyusb/src/device/usbd.c.obj
                0x0000000010009054                usbd_edpt_clear_stall
 .text.usbd_edpt_stalled
                0x0000000010009080       0x1c CMakeFiles/psion_recreate.dir/tree/downloaded_tools/pico/pico-sdk/lib/tinyusb/src/device/usbd.c.obj
                0x0000000010009080                usbd_edpt_stalled
 .text.process_control_request
                0x000000001000909c      0x380 CMakeFiles/psion_recreate.dir/tree/downloaded_tools/pico/pico-sdk/lib/tinyusb/src/device/usbd.c.obj
 .text.tud_task
                0x000000001000941c      0x204 CMakeFiles/psion_recreate.dir/tree/downloaded_tools/pico/pico-sdk/lib/tinyusb/src/device/usbd.c.obj
                0x000000001000941c                tud_task
 .text._data_stage_xact
                0x0000000010009620       0x58 CMakeFiles/psion_recreate.dir/tree/downloaded_tools/pico/pico-sdk/lib/tinyusb/src/device/usbd_control.c.obj
 .text.tud_control_status
                0x0000000010009678       0x38 CMakeFiles/psion_recreate.dir/tree/downloaded_tools/pico/pico-sdk/lib/tinyusb/src/device/usbd_control.c.obj
                0x0000000010009678                tud_control_status
 .text.tud_control_xfer
                0x00000000100096b0       0xa8 CMakeFiles/psion_recreate.dir/tree/downloaded_tools/pico/pico-sdk/lib/tinyusb/src/device/usbd_control.c.obj
                0x00000000100096b0                tud_control_xfer
 .text.usbd_control_reset
                0x0000000010009758       0x14 CMakeFiles/psion_recreate.dir/tree/downloaded_tools/pico/pico-sdk/lib/tinyusb/src/device/usbd_control.c.obj
                0x0000000010009758                usbd_control_reset
 .text.usbd_control_set_complete_callback
                0x000000001000976c        0xc CMakeFiles/psion_recreate.dir/tree/downloaded_tools/pico/pico-sdk/lib/tinyusb/src/device/usbd_control.c.obj
                0x000000001000976c                usbd_control_set_complete_callback
 .text.usbd_control_set_request
                0x0000000010009778       0x1c CMakeFiles/psion_recreate.dir/tree/downloaded_tools/pico/pico-sdk/lib/tinyusb/src/device/usbd_control.c.obj
                0x0000000010009778                usbd_control_set_request
 .text.usbd_control_xfer_cb
                0x0000000010009794       0xfc CMakeFiles/psion_recreate.dir/tree/downloaded_tools/pico/pico-sdk/lib/tinyusb/src/device/usbd_control.c.obj
                0x0000000010009794                usbd_control_xfer_cb
 .text._prep_out_transaction
                0x0000000010009890       0x46 CMakeFiles/psion_recreate.dir/tree/downloaded_tools/pico/pico-sdk/lib/tinyusb/src/class/cdc/cdc_device.c.obj
 *fill*         0x00000000100098d6        0x2 
 .text.tud_cdc_n_connected
                0x00000000100098d8       0x44 CMakeFiles/psion_recreate.dir/tree/downloaded_tools/pico/pico-sdk/lib/tinyusb/src/class/cdc/cdc_device.c.obj
                0x00000000100098d8                tud_cdc_n_connected
 .text.tud_cdc_n_available
                0x000000001000991c       0x18 CMakeFiles/psion_recreate.dir/tree/downloaded_tools/pico/pico-sdk/lib/tinyusb/src/class/cdc/cdc_device.c.obj
                0x000000001000991c                tud_cdc_n_available
 .text.tud_cdc_n_read
                0x0000000010009934       0x28 CMakeFiles/psion_recreate.dir/tree/downloaded_tools/pico/pico-sdk/lib/tinyusb/src/class/cdc/cdc_device.c.obj
                0x0000000010009934                tud_cdc_n_read
 .text.tud_cdc_n_write_flush
                0x000000001000995c       0xcc CMakeFiles/psion_recreate.dir/tree/downloaded_tools/pico/pico-sdk/lib/tinyusb/src/class/cdc/cdc_device.c.obj
                0x000000001000995c                tud_cdc_n_write_flush
 .text.tud_cdc_n_write
                0x0000000010009a28       0x38 CMakeFiles/psion_recreate.dir/tree/downloaded_tools/pico/pico-sdk/lib/tinyusb/src/class/cdc/cdc_device.c.obj
                0x0000000010009a28                tud_cdc_n_write
 .text.tud_cdc_n_write_available
                0x0000000010009a60       0x1c CMakeFiles/psion_recreate.dir/tree/downloaded_tools/pico/pico-sdk/lib/tinyusb/src/class/cdc/cdc_device.c.obj
                0x0000000010009a60                tud_cdc_n_write_available
 .text.cdcd_init
                0x0000000010009a7c       0xbc CMakeFiles/psion_recreate.dir/tree/downloaded_tools/pico/pico-sdk/lib/tinyusb/src/class/cdc/cdc_device.c.obj
                0x0000000010009a7c                cdcd_init
 .text.cdcd_reset
                0x0000000010009b38       0x44 CMakeFiles/psion_recreate.dir/tree/downloaded_tools/pico/pico-sdk/lib/tinyusb/src/class/cdc/cdc_device.c.obj
                0x0000000010009b38                cdcd_reset
 .text.cdcd_open
                0x0000000010009b7c      0x10c CMakeFiles/psion_recreate.dir/tree/downloaded_tools/pico/pico-sdk/lib/tinyusb/src/class/cdc/cdc_device.c.obj
                0x0000000010009b7c                cdcd_open
 .text.cdcd_control_xfer_cb
                0x0000000010009c88      0x134 CMakeFiles/psion_recreate.dir/tree/downloaded_tools/pico/pico-sdk/lib/tinyusb/src/class/cdc/cdc_device.c.obj
                0x0000000010009c88                cdcd_control_xfer_cb
 .text.cdcd_xfer_cb
                0x0000000010009dbc      0x144 CMakeFiles/psion_recreate.dir/tree/downloaded_tools/pico/pico-sdk/lib/tinyusb/src/class/cdc/cdc_device.c.obj
                0x0000000010009dbc                cdcd_xfer_cb
 .text.tusb_init
                0x0000000010009f00       0x24 CMakeFiles/psion_recreate.dir/tree/downloaded_tools/pico/pico-sdk/lib/tinyusb/src/tusb.c.obj
                0x0000000010009f00                tusb_init
 .text.tusb_inited
                0x0000000010009f24        0xe CMakeFiles/psion_recreate.dir/tree/downloaded_tools/pico/pico-sdk/lib/tinyusb/src/tusb.c.obj
                0x0000000010009f24                tusb_inited
 .text.advance_pointer
                0x0000000010009f32       0x1e CMakeFiles/psion_recreate.dir/tree/downloaded_tools/pico/pico-sdk/lib/tinyusb/src/common/tusb_fifo.c.obj
 .text.backward_pointer
                0x0000000010009f50       0x1a CMakeFiles/psion_recreate.dir/tree/downloaded_tools/pico/pico-sdk/lib/tinyusb/src/common/tusb_fifo.c.obj
 .text.get_relative_pointer
                0x0000000010009f6a       0x10 CMakeFiles/psion_recreate.dir/tree/downloaded_tools/pico/pico-sdk/lib/tinyusb/src/common/tusb_fifo.c.obj
 .text._tu_fifo_peek
                0x0000000010009f7a       0x50 CMakeFiles/psion_recreate.dir/tree/downloaded_tools/pico/pico-sdk/lib/tinyusb/src/common/tusb_fifo.c.obj
 .text._ff_pull_const_addr
                0x0000000010009fca       0x4c CMakeFiles/psion_recreate.dir/tree/downloaded_tools/pico/pico-sdk/lib/tinyusb/src/common/tusb_fifo.c.obj
 .text._ff_pull_n
                0x000000001000a016      0x10c CMakeFiles/psion_recreate.dir/tree/downloaded_tools/pico/pico-sdk/lib/tinyusb/src/common/tusb_fifo.c.obj
 .text._tu_fifo_peek_n
                0x000000001000a122       0x5e CMakeFiles/psion_recreate.dir/tree/downloaded_tools/pico/pico-sdk/lib/tinyusb/src/common/tusb_fifo.c.obj
 .text._tu_fifo_read_n
                0x000000001000a180       0x4e CMakeFiles/psion_recreate.dir/tree/downloaded_tools/pico/pico-sdk/lib/tinyusb/src/common/tusb_fifo.c.obj
 .text._ff_push_const_addr
                0x000000001000a1ce       0x40 CMakeFiles/psion_recreate.dir/tree/downloaded_tools/pico/pico-sdk/lib/tinyusb/src/common/tusb_fifo.c.obj
 .text._ff_push_n
                0x000000001000a20e      0x106 CMakeFiles/psion_recreate.dir/tree/downloaded_tools/pico/pico-sdk/lib/tinyusb/src/common/tusb_fifo.c.obj
 .text._tu_fifo_write_n
                0x000000001000a314       0x9e CMakeFiles/psion_recreate.dir/tree/downloaded_tools/pico/pico-sdk/lib/tinyusb/src/common/tusb_fifo.c.obj
 .text.tu_fifo_config
                0x000000001000a3b2       0x72 CMakeFiles/psion_recreate.dir/tree/downloaded_tools/pico/pico-sdk/lib/tinyusb/src/common/tusb_fifo.c.obj
                0x000000001000a3b2                tu_fifo_config
 .text.tu_fifo_count
                0x000000001000a424       0x26 CMakeFiles/psion_recreate.dir/tree/downloaded_tools/pico/pico-sdk/lib/tinyusb/src/common/tusb_fifo.c.obj
                0x000000001000a424                tu_fifo_count
 .text.tu_fifo_empty
                0x000000001000a44a        0xe CMakeFiles/psion_recreate.dir/tree/downloaded_tools/pico/pico-sdk/lib/tinyusb/src/common/tusb_fifo.c.obj
                0x000000001000a44a                tu_fifo_empty
 .text.tu_fifo_remaining
                0x000000001000a458       0x20 CMakeFiles/psion_recreate.dir/tree/downloaded_tools/pico/pico-sdk/lib/tinyusb/src/common/tusb_fifo.c.obj
                0x000000001000a458                tu_fifo_remaining
 .text.tu_fifo_read
                0x000000001000a478       0x42 CMakeFiles/psion_recreate.dir/tree/downloaded_tools/pico/pico-sdk/lib/tinyusb/src/common/tusb_fifo.c.obj
                0x000000001000a478                tu_fifo_read
 .text.tu_fifo_read_n
                0x000000001000a4ba        0xa CMakeFiles/psion_recreate.dir/tree/downloaded_tools/pico/pico-sdk/lib/tinyusb/src/common/tusb_fifo.c.obj
                0x000000001000a4ba                tu_fifo_read_n
 .text.tu_fifo_write
                0x000000001000a4c4       0x6c CMakeFiles/psion_recreate.dir/tree/downloaded_tools/pico/pico-sdk/lib/tinyusb/src/common/tusb_fifo.c.obj
                0x000000001000a4c4                tu_fifo_write
 .text.tu_fifo_write_n
                0x000000001000a530        0xa CMakeFiles/psion_recreate.dir/tree/downloaded_tools/pico/pico-sdk/lib/tinyusb/src/common/tusb_fifo.c.obj
                0x000000001000a530                tu_fifo_write_n
 .text.tu_fifo_clear
                0x000000001000a53a       0x4c CMakeFiles/psion_recreate.dir/tree/downloaded_tools/pico/pico-sdk/lib/tinyusb/src/common/tusb_fifo.c.obj
                0x000000001000a53a                tu_fifo_clear
 .text.tu_fifo_set_overwritable
                0x000000001000a586       0x3c CMakeFiles/psion_recreate.dir/tree/downloaded_tools/pico/pico-sdk/lib/tinyusb/src/common/tusb_fifo.c.obj
                0x000000001000a586                tu_fifo_set_overwritable
 *fill*         0x000000001000a5c2        0x2 
 .text._retrieve_unique_id_on_boot
                0x000000001000a5c4       0x10 CMakeFiles/psion_recreate.dir/tree/downloaded_tools/pico/pico-sdk/src/rp2_common/pico_unique_id/unique_id.c.obj
 .text.pico_get_unique_board_id_string
                0x000000001000a5d4       0x60 CMakeFiles/psion_recreate.dir/tree/downloaded_tools/pico/pico-sdk/src/rp2_common/pico_unique_id/unique_id.c.obj
                0x000000001000a5d4                pico_get_unique_board_id_string
 .text.flash_get_unique_id
                0x000000001000a634       0x46 CMakeFiles/psion_recreate.dir/tree/downloaded_tools/pico/pico-sdk/src/rp2_common/hardware_flash/flash.c.obj
                0x000000001000a634                flash_get_unique_id
 *fill*         0x000000001000a67a        0x2 
 .text          0x000000001000a67c       0x88 /usr/lib/gcc/arm-none-eabi/9.2.1/../../../arm-none-eabi/lib/thumb/v6-m/nofp/libg.a(lib_a-strcmp.o)
                0x000000001000a67c                strcmp
 .text          0x000000001000a704       0x10 /usr/lib/gcc/arm-none-eabi/9.2.1/../../../arm-none-eabi/lib/thumb/v6-m/nofp/libg.a(lib_a-strcpy.o)
                0x000000001000a704                strcpy
 .text          0x000000001000a714       0x68 /usr/lib/gcc/arm-none-eabi/9.2.1/../../../arm-none-eabi/lib/thumb/v6-m/nofp/libg.a(lib_a-strlen-stub.o)
                0x000000001000a714                strlen
 *(.fini)
 .fini          0x000000001000a77c        0x4 /usr/lib/gcc/arm-none-eabi/9.2.1/thumb/v6-m/nofp/crti.o
                0x000000001000a77c                _fini
 .fini.__stub   0x000000001000a780       0x70 linker stubs
 *crtbegin.o(.ctors)
 *crtbegin?.o(.ctors)
 *(EXCLUDE_FILE(*crtend.o *crtend?.o) .ctors)
 *(SORT_BY_NAME(.ctors.*))
 *(.ctors)
 *crtbegin.o(.dtors)
 *crtbegin?.o(.dtors)
 *(EXCLUDE_FILE(*crtend.o *crtend?.o) .dtors)
 *(SORT_BY_NAME(.dtors.*))
 *(.dtors)
 *(.eh_frame*)
 .eh_frame      0x000000001000a7f0        0x0 /usr/lib/gcc/arm-none-eabi/9.2.1/thumb/v6-m/nofp/crtbegin.o
                0x000000001000a7f0                . = ALIGN (0x4)

.glue_7         0x000000001000a7f0        0x0
 .glue_7        0x000000001000a7f0        0x0 linker stubs

.glue_7t        0x000000001000a7f0        0x0
 .glue_7t       0x000000001000a7f0        0x0 linker stubs

.vfp11_veneer   0x000000001000a7f0        0x0
 .vfp11_veneer  0x000000001000a7f0        0x0 linker stubs

.v4_bx          0x000000001000a7f0        0x0
 .v4_bx         0x000000001000a7f0        0x0 linker stubs

.iplt           0x000000001000a7f0        0x0
 .iplt          0x000000001000a7f0        0x0 /usr/lib/gcc/arm-none-eabi/9.2.1/thumb/v6-m/nofp/crtbegin.o

.rodata         0x000000001000a7f0     0x1a14
 *(EXCLUDE_FILE(*libm.a: *libc.a:*lib_a-mem*.o *libgcc.a:) .rodata*)
 .rodata.str1.4
                0x000000001000a7f0       0x25 CMakeFiles/psion_recreate.dir/psion_recreate.c.obj
 *fill*         0x000000001000a815        0x3 
 .rodata.PIN_I2C_SCL
                0x000000001000a818        0x4 CMakeFiles/psion_recreate.dir/psion_recreate.c.obj
                0x000000001000a818                PIN_I2C_SCL
 .rodata.PIN_I2C_SDA
                0x000000001000a81c        0x4 CMakeFiles/psion_recreate.dir/psion_recreate.c.obj
                0x000000001000a81c                PIN_I2C_SDA
 .rodata.PIN_LATCHOUT1
                0x000000001000a820        0x4 CMakeFiles/psion_recreate.dir/psion_recreate.c.obj
                0x000000001000a820                PIN_LATCHOUT1
 .rodata.__bi_108.5980
                0x000000001000a824        0xc CMakeFiles/psion_recreate.dir/psion_recreate.c.obj
 .rodata.__bi_109.5983
                0x000000001000a830        0xc CMakeFiles/psion_recreate.dir/psion_recreate.c.obj
 .rodata.font_5x7_letters
                0x000000001000a83c      0x1e0 CMakeFiles/psion_recreate.dir/font.c.obj
                0x000000001000a83c                font_5x7_letters
 .rodata.op_br  0x000000001000aa1c       0x40 CMakeFiles/psion_recreate.dir/emulator.c.obj
 .rodata.spin_lock_claim_unused.str1.4
                0x000000001000aa5c       0x1b CMakeFiles/psion_recreate.dir/tree/downloaded_tools/pico/pico-sdk/src/rp2_common/hardware_sync/sync.c.obj
 *fill*         0x000000001000aa77        0x1 
 .rodata.repeating_timer_callback.str1.4
                0x000000001000aa78       0x55 CMakeFiles/psion_recreate.dir/tree/downloaded_tools/pico/pico-sdk/src/common/pico_time/time.c.obj
 *fill*         0x000000001000aacd        0x3 
 .rodata.alarm_pool_dump_key.str1.4
                0x000000001000aad0       0x33 CMakeFiles/psion_recreate.dir/tree/downloaded_tools/pico/pico-sdk/src/common/pico_time/time.c.obj
 *fill*         0x000000001000ab03        0x1 
 .rodata.ph_add_child_node.str1.4
                0x000000001000ab04       0x9e CMakeFiles/psion_recreate.dir/tree/downloaded_tools/pico/pico-sdk/src/common/pico_time/time.c.obj
 *fill*         0x000000001000aba2        0x2 
 .rodata.add_alarm_under_lock.str1.4
                0x000000001000aba4       0x28 CMakeFiles/psion_recreate.dir/tree/downloaded_tools/pico/pico-sdk/src/common/pico_time/time.c.obj
                                         0x2b (size before relaxing)
 .rodata.alarm_pool_alarm_callback.str1.4
                0x000000001000abcc       0xee CMakeFiles/psion_recreate.dir/tree/downloaded_tools/pico/pico-sdk/src/common/pico_time/time.c.obj
 *fill*         0x000000001000acba        0x2 
 .rodata.alarm_pool_get_default.str1.4
                0x000000001000acbc       0x21 CMakeFiles/psion_recreate.dir/tree/downloaded_tools/pico/pico-sdk/src/common/pico_time/time.c.obj
 *fill*         0x000000001000acdd        0x3 
 .rodata.alarm_pool_cancel_alarm.str1.4
                0x000000001000ace0       0x27 CMakeFiles/psion_recreate.dir/tree/downloaded_tools/pico/pico-sdk/src/common/pico_time/time.c.obj
 *fill*         0x000000001000ad07        0x1 
 .rodata.__func__.5701
                0x000000001000ad08       0x15 CMakeFiles/psion_recreate.dir/tree/downloaded_tools/pico/pico-sdk/src/common/pico_time/time.c.obj
 *fill*         0x000000001000ad1d        0x3 
 .rodata.__func__.6002
                0x000000001000ad20        0xc CMakeFiles/psion_recreate.dir/tree/downloaded_tools/pico/pico-sdk/src/common/pico_time/time.c.obj
 .rodata.__func__.6009
                0x000000001000ad2c       0x12 CMakeFiles/psion_recreate.dir/tree/downloaded_tools/pico/pico-sdk/src/common/pico_time/time.c.obj
 *fill*         0x000000001000ad3e        0x2 
 .rodata.__func__.6025
                0x000000001000ad40        0xf CMakeFiles/psion_recreate.dir/tree/downloaded_tools/pico/pico-sdk/src/common/pico_time/time.c.obj
 *fill*         0x000000001000ad4f        0x1 
 .rodata.__func__.6047
                0x000000001000ad50        0xd CMakeFiles/psion_recreate.dir/tree/downloaded_tools/pico/pico-sdk/src/common/pico_time/time.c.obj
 *fill*         0x000000001000ad5d        0x3 
 .rodata.__func__.6248
                0x000000001000ad60        0xa CMakeFiles/psion_recreate.dir/tree/downloaded_tools/pico/pico-sdk/src/common/pico_time/time.c.obj
 *fill*         0x000000001000ad6a        0x2 
 .rodata.__func__.6253
                0x000000001000ad6c       0x12 CMakeFiles/psion_recreate.dir/tree/downloaded_tools/pico/pico-sdk/src/common/pico_time/time.c.obj
 *fill*         0x000000001000ad7e        0x2 
 .rodata.__func__.6268
                0x000000001000ad80       0x17 CMakeFiles/psion_recreate.dir/tree/downloaded_tools/pico/pico-sdk/src/common/pico_time/time.c.obj
 *fill*         0x000000001000ad97        0x1 
 .rodata.__func__.6279
                0x000000001000ad98       0x15 CMakeFiles/psion_recreate.dir/tree/downloaded_tools/pico/pico-sdk/src/common/pico_time/time.c.obj
 *fill*         0x000000001000adad        0x3 
 .rodata.__func__.6296
                0x000000001000adb0       0x1a CMakeFiles/psion_recreate.dir/tree/downloaded_tools/pico/pico-sdk/src/common/pico_time/time.c.obj
 *fill*         0x000000001000adca        0x2 
 .rodata.__func__.6335
                0x000000001000adcc       0x18 CMakeFiles/psion_recreate.dir/tree/downloaded_tools/pico/pico-sdk/src/common/pico_time/time.c.obj
 .rodata.hardware_alarm_claim.str1.4
                0x000000001000ade4       0x22 CMakeFiles/psion_recreate.dir/tree/downloaded_tools/pico/pico-sdk/src/rp2_common/hardware_timer/timer.c.obj
 *fill*         0x000000001000ae06        0x2 
 .rodata.hardware_alarm_set_target.str1.4
                0x000000001000ae08       0x6f CMakeFiles/psion_recreate.dir/tree/downloaded_tools/pico/pico-sdk/src/rp2_common/hardware_timer/timer.c.obj
 *fill*         0x000000001000ae77        0x1 
 .rodata.__func__.4548
                0x000000001000ae78       0x1a CMakeFiles/psion_recreate.dir/tree/downloaded_tools/pico/pico-sdk/src/rp2_common/hardware_timer/timer.c.obj
 *fill*         0x000000001000ae92        0x2 
 .rodata.str1.4
                0x000000001000ae94       0xbd CMakeFiles/psion_recreate.dir/tree/downloaded_tools/pico/pico-sdk/src/common/pico_sync/mutex.c.obj
                                        0x129 (size before relaxing)
 *fill*         0x000000001000af51        0x3 
 .rodata.__func__.4193
                0x000000001000af54       0x15 CMakeFiles/psion_recreate.dir/tree/downloaded_tools/pico/pico-sdk/src/common/pico_sync/mutex.c.obj
 *fill*         0x000000001000af69        0x3 
 .rodata.__func__.4610
                0x000000001000af6c       0x15 CMakeFiles/psion_recreate.dir/tree/downloaded_tools/pico/pico-sdk/src/common/pico_sync/mutex.c.obj
 *fill*         0x000000001000af81        0x3 
 .rodata.__func__.4635
                0x000000001000af84       0x18 CMakeFiles/psion_recreate.dir/tree/downloaded_tools/pico/pico-sdk/src/common/pico_sync/mutex.c.obj
 .rodata.__func__.4645
                0x000000001000af9c        0xb CMakeFiles/psion_recreate.dir/tree/downloaded_tools/pico/pico-sdk/src/common/pico_sync/mutex.c.obj
 .rodata.ph_add_child_node.str1.4
                0x000000001000afa7       0x9e CMakeFiles/psion_recreate.dir/tree/downloaded_tools/pico/pico-sdk/src/common/pico_util/pheap.c.obj
 *fill*         0x000000001000afa7        0x1 
 .rodata.ph_remove_any_head.str1.4
                0x000000001000afa8       0x98 CMakeFiles/psion_recreate.dir/tree/downloaded_tools/pico/pico-sdk/src/common/pico_util/pheap.c.obj
 .rodata.ph_remove_and_free_node.str1.4
                0x000000001000b040       0x26 CMakeFiles/psion_recreate.dir/tree/downloaded_tools/pico/pico-sdk/src/common/pico_util/pheap.c.obj
 *fill*         0x000000001000b066        0x2 
 .rodata.__func__.5708
                0x000000001000b068        0xc CMakeFiles/psion_recreate.dir/tree/downloaded_tools/pico/pico-sdk/src/common/pico_util/pheap.c.obj
 .rodata.__func__.5715
                0x000000001000b074       0x12 CMakeFiles/psion_recreate.dir/tree/downloaded_tools/pico/pico-sdk/src/common/pico_util/pheap.c.obj
 *fill*         0x000000001000b086        0x2 
 .rodata.__func__.5801
                0x000000001000b088       0x13 CMakeFiles/psion_recreate.dir/tree/downloaded_tools/pico/pico-sdk/src/common/pico_util/pheap.c.obj
 *fill*         0x000000001000b09b        0x1 
 .rodata.__func__.5819
                0x000000001000b09c       0x18 CMakeFiles/psion_recreate.dir/tree/downloaded_tools/pico/pico-sdk/src/common/pico_util/pheap.c.obj
 .rodata.__assert_func.str1.4
                0x000000001000b0b4       0x3f CMakeFiles/psion_recreate.dir/tree/downloaded_tools/pico/pico-sdk/src/rp2_common/pico_runtime/runtime.c.obj
                                         0x43 (size before relaxing)
 *fill*         0x000000001000b0f3        0x1 
 .rodata.panic.str1.4
                0x000000001000b0f4       0x12 CMakeFiles/psion_recreate.dir/tree/downloaded_tools/pico/pico-sdk/src/rp2_common/pico_runtime/runtime.c.obj
 *fill*         0x000000001000b106        0x2 
 .rodata.clock_configure.str1.4
                0x000000001000b108       0x61 CMakeFiles/psion_recreate.dir/tree/downloaded_tools/pico/pico-sdk/src/rp2_common/hardware_clocks/clocks.c.obj
 *fill*         0x000000001000b169        0x3 
 .rodata.__func__.4667
                0x000000001000b16c       0x10 CMakeFiles/psion_recreate.dir/tree/downloaded_tools/pico/pico-sdk/src/rp2_common/hardware_clocks/clocks.c.obj
 .rodata.make_branch.str1.4
                0x000000001000b17c       0x57 CMakeFiles/psion_recreate.dir/tree/downloaded_tools/pico/pico-sdk/src/rp2_common/hardware_irq/irq.c.obj
 *fill*         0x000000001000b1d3        0x1 
 .rodata.irq_set_exclusive_handler.str1.4
                0x000000001000b1d4       0x36 CMakeFiles/psion_recreate.dir/tree/downloaded_tools/pico/pico-sdk/src/rp2_common/hardware_irq/irq.c.obj
 *fill*         0x000000001000b20a        0x2 
 .rodata.irq_add_shared_handler.str1.4
                0x000000001000b20c       0xd9 CMakeFiles/psion_recreate.dir/tree/downloaded_tools/pico/pico-sdk/src/rp2_common/hardware_irq/irq.c.obj
 *fill*         0x000000001000b2e5        0x3 
 .rodata.irq_remove_handler.str1.4
                0x000000001000b2e8       0x2a CMakeFiles/psion_recreate.dir/tree/downloaded_tools/pico/pico-sdk/src/rp2_common/hardware_irq/irq.c.obj
 *fill*         0x000000001000b312        0x2 
 .rodata.irq_add_tail_to_free_list.str1.4
                0x000000001000b314       0x32 CMakeFiles/psion_recreate.dir/tree/downloaded_tools/pico/pico-sdk/src/rp2_common/hardware_irq/irq.c.obj
                                         0x3a (size before relaxing)
 *fill*         0x000000001000b346        0x2 
 .rodata.__func__.4703
                0x000000001000b348       0x1a CMakeFiles/psion_recreate.dir/tree/downloaded_tools/pico/pico-sdk/src/rp2_common/hardware_irq/irq.c.obj
 *fill*         0x000000001000b362        0x2 
 .rodata.__func__.4717
                0x000000001000b364        0xc CMakeFiles/psion_recreate.dir/tree/downloaded_tools/pico/pico-sdk/src/rp2_common/hardware_irq/irq.c.obj
 .rodata.__func__.4725
                0x000000001000b370       0x17 CMakeFiles/psion_recreate.dir/tree/downloaded_tools/pico/pico-sdk/src/rp2_common/hardware_irq/irq.c.obj
 *fill*         0x000000001000b387        0x1 
 .rodata.__func__.4729
                0x000000001000b388        0xf CMakeFiles/psion_recreate.dir/tree/downloaded_tools/pico/pico-sdk/src/rp2_common/hardware_irq/irq.c.obj
 *fill*         0x000000001000b397        0x1 
 .rodata.__func__.4768
                0x000000001000b398       0x13 CMakeFiles/psion_recreate.dir/tree/downloaded_tools/pico/pico-sdk/src/rp2_common/hardware_irq/irq.c.obj
 *fill*         0x000000001000b3ab        0x1 
 .rodata.__func__.4787
                0x000000001000b3ac       0x1a CMakeFiles/psion_recreate.dir/tree/downloaded_tools/pico/pico-sdk/src/rp2_common/hardware_irq/irq.c.obj
 *fill*         0x000000001000b3c6        0x2 
 .rodata.pll_init.str1.4
                0x000000001000b3c8       0xe3 CMakeFiles/psion_recreate.dir/tree/downloaded_tools/pico/pico-sdk/src/rp2_common/hardware_pll/pll.c.obj
 *fill*         0x000000001000b4ab        0x1 
 .rodata.__func__.4402
                0x000000001000b4ac        0x9 CMakeFiles/psion_recreate.dir/tree/downloaded_tools/pico/pico-sdk/src/rp2_common/hardware_pll/pll.c.obj
 *fill*         0x000000001000b4b5        0x3 
 .rodata._ftoa.str1.4