Archive member included to satisfy reference by file (symbol)

/usr/lib/gcc/arm-none-eabi/9.2.1/thumb/v6-m/nofp/libgcc.a(_dvmd_tls.o)
                              CMakeFiles/psion_recreate.dir/tree/downloaded_tools/pico/pico-sdk/src/rp2_common/pico_divider/divider.S.obj (__aeabi_idiv0)
/usr/lib/gcc/arm-none-eabi/9.2.1/../../../arm-none-eabi/lib/thumb/v6-m/nofp/libg.a(lib_a-atexit.o)
                              /usr/lib/gcc/arm-none-eabi/9.2.1/../../../arm-none-eabi/lib/thumb/v6-m/nofp/crt0.o (atexit)
/usr/lib/gcc/arm-none-eabi/9.2.1/../../../arm-none-eabi/lib/thumb/v6-m/nofp/libg.a(lib_a-atoi.o)
                              CMakeFiles/psion_recreate.dir/match.c.obj (atoi)
/usr/lib/gcc/arm-none-eabi/9.2.1/../../../arm-none-eabi/lib/thumb/v6-m/nofp/libg.a(lib_a-calloc.o)
                              CMakeFiles/psion_recreate.dir/tree/downloaded_tools/pico/pico-sdk/src/rp2_common/pico_malloc/pico_malloc.c.obj (calloc)
/usr/lib/gcc/arm-none-eabi/9.2.1/../../../arm-none-eabi/lib/thumb/v6-m/nofp/libg.a(lib_a-callocr.o)
                              /usr/lib/gcc/arm-none-eabi/9.2.1/../../../arm-none-eabi/lib/thumb/v6-m/nofp/libg.a(lib_a-calloc.o) (_calloc_r)
/usr/lib/gcc/arm-none-eabi/9.2.1/../../../arm-none-eabi/lib/thumb/v6-m/nofp/libg.a(lib_a-ctype_.o)
                              CMakeFiles/psion_recreate.dir/emulator.c.obj (_ctype_)
/usr/lib/gcc/arm-none-eabi/9.2.1/../../../arm-none-eabi/lib/thumb/v6-m/nofp/libg.a(lib_a-fclose.o)
                              CMakeFiles/psion_recreate.dir/emulator.c.obj (fclose)
/usr/lib/gcc/arm-none-eabi/9.2.1/../../../arm-none-eabi/lib/thumb/v6-m/nofp/libg.a(lib_a-fflush.o)
                              /usr/lib/gcc/arm-none-eabi/9.2.1/../../../arm-none-eabi/lib/thumb/v6-m/nofp/libg.a(lib_a-fclose.o) (__sflush_r)
/usr/lib/gcc/arm-none-eabi/9.2.1/../../../arm-none-eabi/lib/thumb/v6-m/nofp/libg.a(lib_a-findfp.o)
                              /usr/lib/gcc/arm-none-eabi/9.2.1/../../../arm-none-eabi/lib/thumb/v6-m/nofp/libg.a(lib_a-fclose.o) (__sinit)
/usr/lib/gcc/arm-none-eabi/9.2.1/../../../arm-none-eabi/lib/thumb/v6-m/nofp/libg.a(lib_a-fini.o)
                              /usr/lib/gcc/arm-none-eabi/9.2.1/../../../arm-none-eabi/lib/thumb/v6-m/nofp/crt0.o (__libc_fini_array)
/usr/lib/gcc/arm-none-eabi/9.2.1/../../../arm-none-eabi/lib/thumb/v6-m/nofp/libg.a(lib_a-fopen.o)
                              CMakeFiles/psion_recreate.dir/emulator.c.obj (fopen)
/usr/lib/gcc/arm-none-eabi/9.2.1/../../../arm-none-eabi/lib/thumb/v6-m/nofp/libg.a(lib_a-fprintf.o)
                              CMakeFiles/psion_recreate.dir/emulator.c.obj (fprintf)
/usr/lib/gcc/arm-none-eabi/9.2.1/../../../arm-none-eabi/lib/thumb/v6-m/nofp/libg.a(lib_a-fputc.o)
                              CMakeFiles/psion_recreate.dir/emulator.c.obj (fputc)
/usr/lib/gcc/arm-none-eabi/9.2.1/../../../arm-none-eabi/lib/thumb/v6-m/nofp/libg.a(lib_a-freer.o)
                              /usr/lib/gcc/arm-none-eabi/9.2.1/../../../arm-none-eabi/lib/thumb/v6-m/nofp/libg.a(lib_a-fclose.o) (_free_r)
/usr/lib/gcc/arm-none-eabi/9.2.1/../../../arm-none-eabi/lib/thumb/v6-m/nofp/libg.a(lib_a-fseek.o)
                              /usr/lib/gcc/arm-none-eabi/9.2.1/../../../arm-none-eabi/lib/thumb/v6-m/nofp/libg.a(lib_a-fopen.o) (_fseek_r)
/usr/lib/gcc/arm-none-eabi/9.2.1/../../../arm-none-eabi/lib/thumb/v6-m/nofp/libg.a(lib_a-fseeko.o)
                              /usr/lib/gcc/arm-none-eabi/9.2.1/../../../arm-none-eabi/lib/thumb/v6-m/nofp/libg.a(lib_a-fseek.o) (_fseeko_r)
/usr/lib/gcc/arm-none-eabi/9.2.1/../../../arm-none-eabi/lib/thumb/v6-m/nofp/libg.a(lib_a-fstatr.o)
                              /usr/lib/gcc/arm-none-eabi/9.2.1/../../../arm-none-eabi/lib/thumb/v6-m/nofp/libg.a(lib_a-fseeko.o) (_fstat_r)
/usr/lib/gcc/arm-none-eabi/9.2.1/../../../arm-none-eabi/lib/thumb/v6-m/nofp/libg.a(lib_a-ftello.o)
                              /usr/lib/gcc/arm-none-eabi/9.2.1/../../../arm-none-eabi/lib/thumb/v6-m/nofp/libg.a(lib_a-fseeko.o) (_ftello_r)
/usr/lib/gcc/arm-none-eabi/9.2.1/../../../arm-none-eabi/lib/thumb/v6-m/nofp/libg.a(lib_a-fwalk.o)
                              /usr/lib/gcc/arm-none-eabi/9.2.1/../../../arm-none-eabi/lib/thumb/v6-m/nofp/libg.a(lib_a-findfp.o) (_fwalk)
/usr/lib/gcc/arm-none-eabi/9.2.1/../../../arm-none-eabi/lib/thumb/v6-m/nofp/libg.a(lib_a-impure.o)
                              /usr/lib/gcc/arm-none-eabi/9.2.1/../../../arm-none-eabi/lib/thumb/v6-m/nofp/libg.a(lib_a-fflush.o) (_global_impure_ptr)
/usr/lib/gcc/arm-none-eabi/9.2.1/../../../arm-none-eabi/lib/thumb/v6-m/nofp/libg.a(lib_a-init.o)
                              /usr/lib/gcc/arm-none-eabi/9.2.1/../../../arm-none-eabi/lib/thumb/v6-m/nofp/crt0.o (__libc_init_array)
/usr/lib/gcc/arm-none-eabi/9.2.1/../../../arm-none-eabi/lib/thumb/v6-m/nofp/libg.a(lib_a-makebuf.o)
                              /usr/lib/gcc/arm-none-eabi/9.2.1/../../../arm-none-eabi/lib/thumb/v6-m/nofp/libg.a(lib_a-fseeko.o) (__smakebuf_r)
[...]
Memory Configuration

Name             Origin             Length             Attributes
FLASH            0x0000000010000000 0x0000000000200000 xr
RAM              0x0000000020000000 0x0000000000040000 xrw
SCRATCH_X        0x0000000020040000 0x0000000000001000 xrw
SCRATCH_Y        0x0000000020041000 0x0000000000001000 xrw
*default*        0x0000000000000000 0xffffffffffffffff

Linker script and memory map

LOAD /usr/lib/gcc/arm-none-eabi/9.2.1/thumb/v6-m/nofp/crti.o
LOAD /usr/lib/gcc/arm-none-eabi/9.2.1/thumb/v6-m/nofp/crtbegin.o
LOAD /usr/lib/gcc/arm-none-eabi/9.2.1/../../../arm-none-eabi/lib/thumb/v6-m/nofp/crt0.o

.flash_begin    0x0000000010000000        0x0
                0x0000000010000000                __flash_binary_start = .

.boot2          0x0000000010000000      0x100
                0x0000000010000000                __boot2_start__ = .
 *(.boot2)
 .boot2         0x0000000010000000      0x100 /tmp/ccE2O7po.o
                0x0000000010000100                __boot2_end__ = .
                0x0000000000000001                ASSERT (((__boot2_end__ - __boot2_start__) == 0x100), ERROR: Pico second stage bootloader must be 256 bytes in size)

.text           0x0000000010000100    0x141f0
                0x0000000010000100                __logical_binary_start = .
 *(.vectors)
 .vectors       0x0000000010000100       0xd4 CMakeFiles/psion_recreate.dir/tree/downloaded_tools/pico/pico-sdk/src/rp2_common/pico_standard_link/crt0.S.obj
                0x0000000010000100                __vectors
                0x0000000010000100                __VECTOR_TABLE
                0x00000000100001c0                isr_invalid
                0x00000000100001c0                __default_isrs_start
                0x00000000100001c2                isr_nmi
                0x00000000100001c4                isr_hardfault
                0x00000000100001c6                isr_svcall
                0x00000000100001c8                isr_pendsv
                0x00000000100001ca                isr_systick
                0x00000000100001cc                isr_irq30
                0x00000000100001cc                __unhandled_user_irq
                0x00000000100001cc                isr_irq13
                0x00000000100001cc                isr_irq27
                0x00000000100001cc                isr_irq31
                0x00000000100001cc                isr_irq5
                0x00000000100001cc                isr_irq11
                0x00000000100001cc                isr_irq23
                0x00000000100001cc                isr_irq18
                0x00000000100001cc                isr_irq28
                0x00000000100001cc                isr_irq19
                0x00000000100001cc                isr_irq0
                0x00000000100001cc                isr_irq6
                0x00000000100001cc                isr_irq22
                0x00000000100001cc                isr_irq17
                0x00000000100001cc                isr_irq14
                0x00000000100001cc                isr_irq2
                0x00000000100001cc                isr_irq10
                0x00000000100001cc                isr_irq8
                0x00000000100001cc                isr_irq24
                0x00000000100001cc                isr_irq1
                0x00000000100001cc                isr_irq7
                0x00000000100001cc                isr_irq21
                0x00000000100001cc                isr_irq20
                0x00000000100001cc                isr_irq15
                0x00000000100001cc                isr_irq25
                0x00000000100001cc                isr_irq4
                0x00000000100001cc                isr_irq16
                0x00000000100001cc                isr_irq29
                0x00000000100001cc                isr_irq26
                0x00000000100001cc                __default_isrs_end
                0x00000000100001cc                isr_irq3
                0x00000000100001cc                isr_irq12
                0x00000000100001cc                isr_irq9
                0x00000000100001d2                unhandled_user_irq_num_in_r0
 *(.binary_info_header)
 .binary_info_header
                0x00000000100001d4       0x14 CMakeFiles/psion_recreate.dir/tree/downloaded_tools/pico/pico-sdk/src/rp2_common/pico_standard_link/crt0.S.obj
                0x00000000100001e8                __binary_info_header_end = .
 *(.reset)
 .reset         0x00000000100001e8       0xa8 CMakeFiles/psion_recreate.dir/tree/downloaded_tools/pico/pico-sdk/src/rp2_common/pico_standard_link/crt0.S.obj
                0x00000000100001e8                _entry_point
                0x0000000010000266                __get_current_exception
 .reset         0x0000000010000290       0x30 CMakeFiles/psion_recreate.dir/tree/downloaded_tools/pico/pico-sdk/src/rp2_common/pico_standard_link/binary_info.c.obj
 *(.init)
 .init          0x00000000100002c0        0x4 /usr/lib/gcc/arm-none-eabi/9.2.1/thumb/v6-m/nofp/crti.o
                0x00000000100002c0                _init
 *(EXCLUDE_FILE(*libm.a: *libc.a:*lib_a-mem*.o *libgcc.a:) .text*)
 .text          0x00000000100002c4       0x98 /usr/lib/gcc/arm-none-eabi/9.2.1/thumb/v6-m/nofp/crtbegin.o
 .text.read_165
                0x000000001000035c       0x3a CMakeFiles/psion_recreate.dir/psion_recreate.c.obj
                0x000000001000035c                read_165
 .text.write_595
                0x0000000010000396       0x56 CMakeFiles/psion_recreate.dir/psion_recreate.c.obj
                0x0000000010000396                write_595
 .text.latch2_set_mask
                0x00000000100003ec       0x4c CMakeFiles/psion_recreate.dir/psion_recreate.c.obj
                0x00000000100003ec                latch2_set_mask
 .text.latch2_clear_mask
                0x0000000010000438       0x48 CMakeFiles/psion_recreate.dir/psion_recreate.c.obj
                0x0000000010000438                latch2_clear_mask
 .text.menu_tasks
                0x0000000010000480       0x6c CMakeFiles/psion_recreate.dir/psion_recreate.c.obj
                0x0000000010000480                menu_tasks
 .text.core1_main
                0x00000000100004ec       0x18 CMakeFiles/psion_recreate.dir/psion_recreate.c.obj
                0x00000000100004ec                core1_main
 .text.main     0x0000000010000504      0x1dc CMakeFiles/psion_recreate.dir/psion_recreate.c.obj
                0x0000000010000504                main
 .text.Delay    0x00000000100006e0       0x16 CMakeFiles/psion_recreate.dir/display.c.obj
                0x00000000100006e0                Delay
 .text.Set_Page_Address
                0x00000000100006f6       0x24 CMakeFiles/psion_recreate.dir/display.c.obj
                0x00000000100006f6                Set_Page_Address
 .text.Set_Column_Address
                0x000000001000071a       0x26 CMakeFiles/psion_recreate.dir/display.c.obj
                0x000000001000071a                Set_Column_Address
 .text.RST0     0x0000000010000740       0x20 CMakeFiles/psion_recreate.dir/display.c.obj
                0x0000000010000740                RST0
 .text.RST1     0x0000000010000760       0x24 CMakeFiles/psion_recreate.dir/display.c.obj
                0x0000000010000760                RST1
 .text.initialise_oled
                0x0000000010000784      0x198 CMakeFiles/psion_recreate.dir/display.c.obj
                0x0000000010000784                initialise_oled
 .text.clear_oled
                0x000000001000091c       0x42 CMakeFiles/psion_recreate.dir/display.c.obj
                0x000000001000091c                clear_oled
 .text.invert_byte
                0x000000001000095e       0x1a CMakeFiles/psion_recreate.dir/font.c.obj
                0x000000001000095e                invert_byte
 .text.i_printxy
                0x0000000010000978       0x60 CMakeFiles/psion_recreate.dir/font.c.obj
                0x0000000010000978                i_printxy
 .text.printxy  0x00000000100009d8        0x8 CMakeFiles/psion_recreate.dir/font.c.obj
                0x00000000100009d8                printxy
 .text.printxy_str
                0x00000000100009e0       0x1c CMakeFiles/psion_recreate.dir/font.c.obj
                0x00000000100009e0                printxy_str
 .text.printxy_hex
                0x00000000100009fc       0x24 CMakeFiles/psion_recreate.dir/font.c.obj
                0x00000000100009fc                printxy_hex
 .text.display_clear
                0x0000000010000a20       0x22 CMakeFiles/psion_recreate.dir/font.c.obj
                0x0000000010000a20                display_clear
 .text.op_null  0x0000000010000a42        0x2 CMakeFiles/psion_recreate.dir/emulator.c.obj
                0x0000000010000a42                op_null
 .text.op_nop   0x0000000010000a44        0x2 CMakeFiles/psion_recreate.dir/emulator.c.obj
                0x0000000010000a44                op_nop
 .text.op_slp   0x0000000010000a46        0x2 CMakeFiles/psion_recreate.dir/emulator.c.obj
                0x0000000010000a46                op_slp
 .text.op_abx   0x0000000010000a48       0x10 CMakeFiles/psion_recreate.dir/emulator.c.obj
                0x0000000010000a48                op_abx
 .text.op_xgdx  0x0000000010000a58       0x1c CMakeFiles/psion_recreate.dir/emulator.c.obj
                0x0000000010000a58                op_xgdx
 .text.op_txs   0x0000000010000a74       0x10 CMakeFiles/psion_recreate.dir/emulator.c.obj
                0x0000000010000a74                op_txs
 .text.op_tsx   0x0000000010000a84       0x10 CMakeFiles/psion_recreate.dir/emulator.c.obj
                0x0000000010000a84                op_tsx
 .text.op_tab   0x0000000010000a94       0x44 CMakeFiles/psion_recreate.dir/emulator.c.obj
                0x0000000010000a94                op_tab
 .text.op_tba   0x0000000010000ad8       0x44 CMakeFiles/psion_recreate.dir/emulator.c.obj
                0x0000000010000ad8                op_tba
 .text.op_tap   0x0000000010000b1c       0x1c CMakeFiles/psion_recreate.dir/emulator.c.obj
                0x0000000010000b1c                op_tap
 .text.op_tpa   0x0000000010000b38        0xc CMakeFiles/psion_recreate.dir/emulator.c.obj
                0x0000000010000b38                op_tpa
 .text.op_clc   0x0000000010000b44       0x10 CMakeFiles/psion_recreate.dir/emulator.c.obj
                0x0000000010000b44                op_clc
 .text.op_sec   0x0000000010000b54       0x10 CMakeFiles/psion_recreate.dir/emulator.c.obj
                0x0000000010000b54                op_sec
 .text.op_sei   0x0000000010000b64       0x10 CMakeFiles/psion_recreate.dir/emulator.c.obj
                0x0000000010000b64                op_sei
 .text.op_cli   0x0000000010000b74       0x10 CMakeFiles/psion_recreate.dir/emulator.c.obj
                0x0000000010000b74                op_cli
 .text.op_dec16
                0x0000000010000b84       0x3c CMakeFiles/psion_recreate.dir/emulator.c.obj
                0x0000000010000b84                op_dec16
 .text.op_inc16
                0x0000000010000bc0       0x3c CMakeFiles/psion_recreate.dir/emulator.c.obj
                0x0000000010000bc0                op_inc16
 .text.op_br    0x0000000010000bfc      0x184 CMakeFiles/psion_recreate.dir/emulator.c.obj
                0x0000000010000bfc                op_br
 .text.op_daa   0x0000000010000d80       0x90 CMakeFiles/psion_recreate.dir/emulator.c.obj
                0x0000000010000d80                op_daa
 .text.op_mul   0x0000000010000e10       0x2c CMakeFiles/psion_recreate.dir/emulator.c.obj
                0x0000000010000e10                op_mul
 .text.op_cba   0x0000000010000e3c       0xb8 CMakeFiles/psion_recreate.dir/emulator.c.obj
                0x0000000010000e3c                op_cba
 .text.op_sba   0x0000000010000ef4       0xb8 CMakeFiles/psion_recreate.dir/emulator.c.obj
                0x0000000010000ef4                op_sba
 .text.op_lsrd  0x0000000010000fac       0x74 CMakeFiles/psion_recreate.dir/emulator.c.obj
                0x0000000010000fac                op_lsrd
 .text.op_asld  0x0000000010001020       0x90 CMakeFiles/psion_recreate.dir/emulator.c.obj
                0x0000000010001020                op_asld
 .text.op_jmp   0x00000000100010b0       0x28 CMakeFiles/psion_recreate.dir/emulator.c.obj
                0x00000000100010b0                op_jmp
 .text.handle_power_off
                0x00000000100010d8        0x2 CMakeFiles/psion_recreate.dir/emulator.c.obj
                0x00000000100010d8                handle_power_off
 *fill*         0x00000000100010da        0x2 
 .text.handle_nmi
                0x00000000100010dc       0x24 CMakeFiles/psion_recreate.dir/emulator.c.obj
                0x00000000100010dc                handle_nmi
 .text.handle_bank
                0x0000000010001100       0x5c CMakeFiles/psion_recreate.dir/emulator.c.obj
                0x0000000010001100                handle_bank
 .text.handle_sca
                0x000000001000115c       0xb4 CMakeFiles/psion_recreate.dir/emulator.c.obj
                0x000000001000115c                handle_sca
 .text.handle_cursor
                0x0000000010001210       0x38 CMakeFiles/psion_recreate.dir/emulator.c.obj
                0x0000000010001210                handle_cursor
 .text.handle_lcd_read
                0x0000000010001248       0x24 CMakeFiles/psion_recreate.dir/emulator.c.obj
                0x0000000010001248                handle_lcd_read
 .text.serial_set_rdrf
                0x000000001000126c       0x1c CMakeFiles/psion_recreate.dir/emulator.c.obj
                0x000000001000126c                serial_set_rdrf
 .text.handle_serial_register_read
                0x0000000010001288       0x44 CMakeFiles/psion_recreate.dir/emulator.c.obj
                0x0000000010001288                handle_serial_register_read
 .text.handle_serial_register_write
                0x00000000100012cc       0x58 CMakeFiles/psion_recreate.dir/emulator.c.obj
                0x00000000100012cc                handle_serial_register_write
 .text.update_serial
                0x0000000010001324       0x20 CMakeFiles/psion_recreate.dir/emulator.c.obj
                0x0000000010001324                update_serial
 .text.largest_number_in
                0x0000000010001344       0x1c CMakeFiles/psion_recreate.dir/emulator.c.obj
                0x0000000010001344                largest_number_in
 .text.create_underline_char
                0x0000000010001360       0x2c CMakeFiles/psion_recreate.dir/emulator.c.obj
                0x0000000010001360                create_underline_char
 .text.put_display_char
                0x000000001000138c       0x2c CMakeFiles/psion_recreate.dir/emulator.c.obj
                0x000000001000138c                put_display_char
 .text.write_display_extra
                0x00000000100013b8       0x14 CMakeFiles/psion_recreate.dir/emulator.c.obj
                0x00000000100013b8                write_display_extra
 .text.dump_lcd
                0x00000000100013cc      0x190 CMakeFiles/psion_recreate.dir/emulator.c.obj
                0x00000000100013cc                dump_lcd
 .text.handle_lcd_write
                0x000000001000155c      0x1b0 CMakeFiles/psion_recreate.dir/emulator.c.obj
                0x000000001000155c                handle_lcd_write
 .text.REF_ADDR
                0x000000001000170c       0x5c CMakeFiles/psion_recreate.dir/emulator.c.obj
                0x000000001000170c                REF_ADDR
 .text.display_save
                0x0000000010001768       0x20 CMakeFiles/psion_recreate.dir/emulator.c.obj
                0x0000000010001768                display_save
 .text.display_restore
                0x0000000010001788       0x2c CMakeFiles/psion_recreate.dir/emulator.c.obj
                0x0000000010001788                display_restore
 .text.read_port2
                0x00000000100017b4       0x58 CMakeFiles/psion_recreate.dir/emulator.c.obj
                0x00000000100017b4                read_port2
 .text.write_port2
                0x000000001000180c       0x60 CMakeFiles/psion_recreate.dir/emulator.c.obj
                0x000000001000180c                write_port2
 .text.port2_ddr
                0x000000001000186c       0xa0 CMakeFiles/psion_recreate.dir/emulator.c.obj
                0x000000001000186c                port2_ddr
 .text.read_port6
                0x000000001000190c        0xc CMakeFiles/psion_recreate.dir/emulator.c.obj
                0x000000001000190c                read_port6
 .text.write_port6
                0x0000000010001918       0xf0 CMakeFiles/psion_recreate.dir/emulator.c.obj
                0x0000000010001918                write_port6
 .text.port6_ddr
                0x0000000010001a08       0xb8 CMakeFiles/psion_recreate.dir/emulator.c.obj
                0x0000000010001a08                port6_ddr
 .text.RD_REF   0x0000000010001ac0      0x190 CMakeFiles/psion_recreate.dir/emulator.c.obj
                0x0000000010001ac0                RD_REF
 .text.op_tst   0x0000000010001c50       0xe4 CMakeFiles/psion_recreate.dir/emulator.c.obj
                0x0000000010001c50                op_tst
 .text.WR_REF   0x0000000010001d34      0x138 CMakeFiles/psion_recreate.dir/emulator.c.obj
                0x0000000010001d34                WR_REF
 .text.op_dec8  0x0000000010001e6c       0xe0 CMakeFiles/psion_recreate.dir/emulator.c.obj
                0x0000000010001e6c                op_dec8
 .text.op_inc8  0x0000000010001f4c       0xe0 CMakeFiles/psion_recreate.dir/emulator.c.obj
                0x0000000010001f4c                op_inc8
 .text.op_clr   0x000000001000202c       0x8c CMakeFiles/psion_recreate.dir/emulator.c.obj
                0x000000001000202c                op_clr
 .text.op_neg   0x00000000100020b8       0xfc CMakeFiles/psion_recreate.dir/emulator.c.obj
                0x00000000100020b8                op_neg
 .text.op_asl   0x00000000100021b4      0x104 CMakeFiles/psion_recreate.dir/emulator.c.obj
                0x00000000100021b4                op_asl
 .text.op_com   0x00000000100022b8       0xd0 CMakeFiles/psion_recreate.dir/emulator.c.obj
                0x00000000100022b8                op_com
 .text.op_lsr   0x0000000010002388       0xe4 CMakeFiles/psion_recreate.dir/emulator.c.obj
                0x0000000010002388                op_lsr
 .text.op_asr   0x000000001000246c       0xf4 CMakeFiles/psion_recreate.dir/emulator.c.obj
                0x000000001000246c                op_asr
 .text.op_rol   0x0000000010002560      0x114 CMakeFiles/psion_recreate.dir/emulator.c.obj
                0x0000000010002560                op_rol
 .text.op_ror   0x0000000010002674      0x110 CMakeFiles/psion_recreate.dir/emulator.c.obj
                0x0000000010002674                op_ror
 .text.RD_ADDR  0x0000000010002784      0x170 CMakeFiles/psion_recreate.dir/emulator.c.obj
                0x0000000010002784                RD_ADDR
 .text.op_tim   0x00000000100028f4       0x78 CMakeFiles/psion_recreate.dir/emulator.c.obj
                0x00000000100028f4                op_tim
 .text.op_pul   0x000000001000296c       0x64 CMakeFiles/psion_recreate.dir/emulator.c.obj
                0x000000001000296c                op_pul
 .text.op_and   0x00000000100029d0      0x120 CMakeFiles/psion_recreate.dir/emulator.c.obj
                0x00000000100029d0                op_and
 .text.op_eor   0x0000000010002af0      0x120 CMakeFiles/psion_recreate.dir/emulator.c.obj
                0x0000000010002af0                op_eor
 .text.op_ora   0x0000000010002c10      0x120 CMakeFiles/psion_recreate.dir/emulator.c.obj
                0x0000000010002c10                op_ora
 .text.op_bit   0x0000000010002d30      0x11c CMakeFiles/psion_recreate.dir/emulator.c.obj
                0x0000000010002d30                op_bit
 .text.op_addd  0x0000000010002e4c      0x170 CMakeFiles/psion_recreate.dir/emulator.c.obj
                0x0000000010002e4c                op_addd
 .text.op_cpx   0x0000000010002fbc      0x15c CMakeFiles/psion_recreate.dir/emulator.c.obj
                0x0000000010002fbc                op_cpx
 .text.op_subd  0x0000000010003118      0x174 CMakeFiles/psion_recreate.dir/emulator.c.obj
                0x0000000010003118                op_subd
 .text.op_rti   0x000000001000328c       0x84 CMakeFiles/psion_recreate.dir/emulator.c.obj
                0x000000001000328c                op_rti
 .text.op_rts   0x0000000010003310       0x34 CMakeFiles/psion_recreate.dir/emulator.c.obj
                0x0000000010003310                op_rts
 .text.op_ldd   0x0000000010003344       0xd8 CMakeFiles/psion_recreate.dir/emulator.c.obj
                0x0000000010003344                op_ldd
 .text.op_adc   0x000000001000341c      0x1d0 CMakeFiles/psion_recreate.dir/emulator.c.obj
                0x000000001000341c                op_adc
 .text.op_add   0x00000000100035ec      0x1d0 CMakeFiles/psion_recreate.dir/emulator.c.obj
                0x00000000100035ec                op_add
 .text.op_lda   0x00000000100037bc      0x11c CMakeFiles/psion_recreate.dir/emulator.c.obj
                0x00000000100037bc                op_lda
 .text.op_cmp   0x00000000100038d8      0x17c CMakeFiles/psion_recreate.dir/emulator.c.obj
                0x00000000100038d8                op_cmp
 .text.op_sbc   0x0000000010003a54      0x198 CMakeFiles/psion_recreate.dir/emulator.c.obj
                0x0000000010003a54                op_sbc
 .text.op_sub   0x0000000010003bec      0x188 CMakeFiles/psion_recreate.dir/emulator.c.obj
                0x0000000010003bec                op_sub
 .text.RDW_ADDR
                0x0000000010003d74       0x9c CMakeFiles/psion_recreate.dir/emulator.c.obj
                0x0000000010003d74                RDW_ADDR
 .text.op_ld16  0x0000000010003e10      0x12c CMakeFiles/psion_recreate.dir/emulator.c.obj
                0x0000000010003e10                op_ld16
 .text.WR_ADDR  0x0000000010003f3c      0x104 CMakeFiles/psion_recreate.dir/emulator.c.obj
                0x0000000010003f3c                WR_ADDR
 .text.op_oim   0x0000000010004040       0x90 CMakeFiles/psion_recreate.dir/emulator.c.obj
                0x0000000010004040                op_oim
 .text.op_aim   0x00000000100040d0       0x90 CMakeFiles/psion_recreate.dir/emulator.c.obj
                0x00000000100040d0                op_aim
 .text.op_eim   0x0000000010004160       0x90 CMakeFiles/psion_recreate.dir/emulator.c.obj
                0x0000000010004160                op_eim
 .text.op_psh   0x00000000100041f0       0x54 CMakeFiles/psion_recreate.dir/emulator.c.obj
                0x00000000100041f0                op_psh
 .text.op_sta   0x0000000010004244       0xd4 CMakeFiles/psion_recreate.dir/emulator.c.obj
                0x0000000010004244                op_sta
 .text.op_swi   0x0000000010004318       0xa4 CMakeFiles/psion_recreate.dir/emulator.c.obj
                0x0000000010004318                op_swi
 .text.op_trap  0x00000000100043bc       0x98 CMakeFiles/psion_recreate.dir/emulator.c.obj
                0x00000000100043bc                op_trap
 .text.op_jsr   0x0000000010004454      0x100 CMakeFiles/psion_recreate.dir/emulator.c.obj
                0x0000000010004454                op_jsr
 .text.WRW_ADDR
                0x0000000010004554       0x1a CMakeFiles/psion_recreate.dir/emulator.c.obj
                0x0000000010004554                WRW_ADDR
 *fill*         0x000000001000456e        0x2 
 .text.op_stx   0x0000000010004570       0x90 CMakeFiles/psion_recreate.dir/emulator.c.obj
                0x0000000010004570                op_stx
 .text.op_sts   0x0000000010004600       0x90 CMakeFiles/psion_recreate.dir/emulator.c.obj
                0x0000000010004600                op_sts
 .text.op_std   0x0000000010004690       0xa4 CMakeFiles/psion_recreate.dir/emulator.c.obj
                0x0000000010004690                op_std
 .text.interrupt_request
                0x0000000010004734       0x24 CMakeFiles/psion_recreate.dir/emulator.c.obj
                0x0000000010004734                interrupt_request
 .text.update_interrupts
                0x0000000010004758       0xdc CMakeFiles/psion_recreate.dir/emulator.c.obj
                0x0000000010004758                update_interrupts
 .text.update_timers
                0x0000000010004834       0x40 CMakeFiles/psion_recreate.dir/emulator.c.obj
                0x0000000010004834                update_timers
 .text.update_counter
                0x0000000010004874       0x40 CMakeFiles/psion_recreate.dir/emulator.c.obj
                0x0000000010004874                update_counter
 .text.tick_1s  0x00000000100048b4       0xb4 CMakeFiles/psion_recreate.dir/emulator.c.obj
                0x00000000100048b4                tick_1s
 .text.initialise_emulator
                0x0000000010004968       0x88 CMakeFiles/psion_recreate.dir/emulator.c.obj
                0x0000000010004968                initialise_emulator
 .text.after_ram_restore_init
                0x00000000100049f0       0x44 CMakeFiles/psion_recreate.dir/emulator.c.obj
                0x00000000100049f0                after_ram_restore_init
 .text.loop_emulator
                0x0000000010004a34       0xa0 CMakeFiles/psion_recreate.dir/emulator.c.obj
                0x0000000010004a34                loop_emulator
 .text.on_uart_rx
                0x0000000010004ad4       0x98 CMakeFiles/psion_recreate.dir/wireless.c.obj
                0x0000000010004ad4                on_uart_rx
 .text.ifm_null
                0x0000000010004b6c        0x4 CMakeFiles/psion_recreate.dir/wireless.c.obj
                0x0000000010004b6c                ifm_null
 .text.rfn_null
                0x0000000010004b70        0x2 CMakeFiles/psion_recreate.dir/wireless.c.obj
                0x0000000010004b70                rfn_null
 *fill*         0x0000000010004b72        0x2 
 .text.rfn_send_done
                0x0000000010004b74        0xc CMakeFiles/psion_recreate.dir/wireless.c.obj
                0x0000000010004b74                rfn_send_done
 .text.ufn_ram  0x0000000010004b80        0x2 CMakeFiles/psion_recreate.dir/wireless.c.obj
                0x0000000010004b80                ufn_ram
 *fill*         0x0000000010004b82        0x2 
 .text.ifm_ipd  0x0000000010004b84       0x1c CMakeFiles/psion_recreate.dir/wireless.c.obj
                0x0000000010004b84                ifm_ipd
 .text.ifm_recv
                0x0000000010004ba0       0x1c CMakeFiles/psion_recreate.dir/wireless.c.obj
                0x0000000010004ba0                ifm_recv
 .text.ufn_eeprom_read
                0x0000000010004bbc      0x1dc CMakeFiles/psion_recreate.dir/wireless.c.obj
                0x0000000010004bbc                ufn_eeprom_read
 .text.wireless_init
                0x0000000010004d98       0xb0 CMakeFiles/psion_recreate.dir/wireless.c.obj
                0x0000000010004d98                wireless_init
 .text.stringify_float
                0x0000000010004e48      0x120 CMakeFiles/psion_recreate.dir/wireless.c.obj
                0x0000000010004e48                stringify_float
 .text.ufn_index
                0x0000000010004f68      0x148 CMakeFiles/psion_recreate.dir/wireless.c.obj
                0x0000000010004f68                ufn_index
 .text.process_uri
                0x00000000100050b0       0x30 CMakeFiles/psion_recreate.dir/wireless.c.obj
                0x00000000100050b0                process_uri
 .text.ifn2_ipd
                0x00000000100050e0       0x10 CMakeFiles/psion_recreate.dir/wireless.c.obj
                0x00000000100050e0                ifn2_ipd
 .text.process_btcmd
                0x00000000100050f0       0x30 CMakeFiles/psion_recreate.dir/wireless.c.obj
                0x00000000100050f0                process_btcmd
 .text.comms_link_input
                0x0000000010005120       0x40 CMakeFiles/psion_recreate.dir/wireless.c.obj
                0x0000000010005120                comms_link_input
 .text.remove_n
                0x0000000010005160       0x3c CMakeFiles/psion_recreate.dir/wireless.c.obj
                0x0000000010005160                remove_n
 .text.get_n_bytes_then
                0x000000001000519c       0x90 CMakeFiles/psion_recreate.dir/wireless.c.obj
                0x000000001000519c                get_n_bytes_then
 .text.ifn_next_is_ok
                0x000000001000522c       0x1c CMakeFiles/psion_recreate.dir/wireless.c.obj
                0x000000001000522c                ifn_next_is_ok
 .text.ifn_check_ok
                0x0000000010005248       0x2c CMakeFiles/psion_recreate.dir/wireless.c.obj
                0x0000000010005248                ifn_check_ok
 .text.ifn_ipd  0x0000000010005274       0x40 CMakeFiles/psion_recreate.dir/wireless.c.obj
                0x0000000010005274                ifn_ipd
 .text.ifn_connect
                0x00000000100052b4       0x48 CMakeFiles/psion_recreate.dir/wireless.c.obj
                0x00000000100052b4                ifn_connect
 .text.ifn_ignore
                0x00000000100052fc       0x38 CMakeFiles/psion_recreate.dir/wireless.c.obj
                0x00000000100052fc                ifn_ignore
 .text.ifn_closed
                0x0000000010005334       0x30 CMakeFiles/psion_recreate.dir/wireless.c.obj
                0x0000000010005334                ifn_closed
 .text.ifn_busy
                0x0000000010005364       0x30 CMakeFiles/psion_recreate.dir/wireless.c.obj
                0x0000000010005364                ifn_busy
 .text.ifn_startdisc
                0x0000000010005394      0x178 CMakeFiles/psion_recreate.dir/wireless.c.obj
                0x0000000010005394                ifn_startdisc
 .text.ifn_btdata
                0x000000001000550c       0x40 CMakeFiles/psion_recreate.dir/wireless.c.obj
                0x000000001000550c                ifn_btdata
 .text.send_bt_reply
                0x000000001000554c       0xd0 CMakeFiles/psion_recreate.dir/wireless.c.obj
                0x000000001000554c                send_bt_reply
 .text.btfn_hello
                0x000000001000561c       0x1c CMakeFiles/psion_recreate.dir/wireless.c.obj
                0x000000001000561c                btfn_hello
 .text.btfn_mem_wr
                0x0000000010005638       0x2c CMakeFiles/psion_recreate.dir/wireless.c.obj
                0x0000000010005638                btfn_mem_wr
 .text.btfn_eeprom_rd
                0x0000000010005664      0x128 CMakeFiles/psion_recreate.dir/wireless.c.obj
                0x0000000010005664                btfn_eeprom_rd
 .text.btfn_display
                0x000000001000578c       0x3c CMakeFiles/psion_recreate.dir/wireless.c.obj
                0x000000001000578c                btfn_display
 .text.send_reply
                0x00000000100057c8       0xc4 CMakeFiles/psion_recreate.dir/wireless.c.obj
                0x00000000100057c8                send_reply
 .text.ufn_memory_write
                0x000000001000588c       0x44 CMakeFiles/psion_recreate.dir/wireless.c.obj
                0x000000001000588c                ufn_memory_write
 .text.ufn_memory_addr
                0x00000000100058d0       0xe0 CMakeFiles/psion_recreate.dir/wireless.c.obj
                0x00000000100058d0                ufn_memory_addr
 .text.ufn_memory_0
                0x00000000100059b0       0x34 CMakeFiles/psion_recreate.dir/wireless.c.obj
                0x00000000100059b0                ufn_memory_0
 .text.ufn_memory_at
                0x00000000100059e4       0x3c CMakeFiles/psion_recreate.dir/wireless.c.obj
                0x00000000100059e4                ufn_memory_at
 .text.btfn_mem_rd
                0x0000000010005a20       0x2c CMakeFiles/psion_recreate.dir/wireless.c.obj
                0x0000000010005a20                btfn_mem_rd
 .text.core_eeprom_write
                0x0000000010005a4c       0x2c CMakeFiles/psion_recreate.dir/wireless.c.obj
                0x0000000010005a4c                core_eeprom_write
 .text.ufn_eeprom_write
                0x0000000010005a78       0x40 CMakeFiles/psion_recreate.dir/wireless.c.obj
                0x0000000010005a78                ufn_eeprom_write
 .text.btfn_eeprom_wr
                0x0000000010005ab8       0x28 CMakeFiles/psion_recreate.dir/wireless.c.obj
                0x0000000010005ab8                btfn_eeprom_wr
 .text.decode_flags
                0x0000000010005ae0       0x4c CMakeFiles/psion_recreate.dir/wireless.c.obj
                0x0000000010005ae0                decode_flags
 .text.btfn_processor_status
                0x0000000010005b2c      0x148 CMakeFiles/psion_recreate.dir/wireless.c.obj
                0x0000000010005b2c                btfn_processor_status
 .text.push_key
                0x0000000010005c74       0x30 CMakeFiles/psion_recreate.dir/wireless.c.obj
                0x0000000010005c74                push_key
 .text.btfn_key
                0x0000000010005ca4       0x14 CMakeFiles/psion_recreate.dir/wireless.c.obj
                0x0000000010005ca4                btfn_key
 .text.process_bt_term
                0x0000000010005cb8       0x30 CMakeFiles/psion_recreate.dir/wireless.c.obj
                0x0000000010005cb8                process_bt_term
 .text.ifn2_btdata
                0x0000000010005ce8       0x40 CMakeFiles/psion_recreate.dir/wireless.c.obj
                0x0000000010005ce8                ifn2_btdata
 .text.start_task
                0x0000000010005d28       0x54 CMakeFiles/psion_recreate.dir/wireless.c.obj
                0x0000000010005d28                start_task
 .text.ifn_ready
                0x0000000010005d7c       0x2c CMakeFiles/psion_recreate.dir/wireless.c.obj
                0x0000000010005d7c                ifn_ready
 .text.ifn_cipsend
                0x0000000010005da8       0x40 CMakeFiles/psion_recreate.dir/wireless.c.obj
                0x0000000010005da8                ifn_cipsend
 .text.ifn_recv
                0x0000000010005de8       0x40 CMakeFiles/psion_recreate.dir/wireless.c.obj
                0x0000000010005de8                ifn_recv
 .text.wireless_taskloop
                0x0000000010005e28      0x4c8 CMakeFiles/psion_recreate.dir/wireless.c.obj
                0x0000000010005e28                wireless_taskloop
 .text.read_mcp7940
                0x00000000100062f0       0x24 CMakeFiles/psion_recreate.dir/rtc.c.obj
                0x00000000100062f0                read_mcp7940
 .text.write_mcp7940
                0x0000000010006314       0x18 CMakeFiles/psion_recreate.dir/rtc.c.obj
                0x0000000010006314                write_mcp7940
 .text.set_st_bit
                0x000000001000632c       0x1a CMakeFiles/psion_recreate.dir/rtc.c.obj
                0x000000001000632c                set_st_bit
 *fill*         0x0000000010006346        0x2 
 .text.rtc_tasks
                0x0000000010006348       0x88 CMakeFiles/psion_recreate.dir/rtc.c.obj
                0x0000000010006348                rtc_tasks
 .text.i2c_delay
                0x00000000100063d0       0x18 CMakeFiles/psion_recreate.dir/i2c.c.obj
                0x00000000100063d0                i2c_delay
 .text.i2c_sda_low
                0x00000000100063e8       0x18 CMakeFiles/psion_recreate.dir/i2c.c.obj
                0x00000000100063e8                i2c_sda_low
 .text.i2c_sda_high
                0x0000000010006400       0x14 CMakeFiles/psion_recreate.dir/i2c.c.obj
                0x0000000010006400                i2c_sda_high
 .text.i2c_scl_low
                0x0000000010006414       0x18 CMakeFiles/psion_recreate.dir/i2c.c.obj
                0x0000000010006414                i2c_scl_low
 .text.i2c_scl_high
                0x000000001000642c       0x14 CMakeFiles/psion_recreate.dir/i2c.c.obj
                0x000000001000642c                i2c_scl_high
 .text.i2c_read_sda
                0x0000000010006440       0x18 CMakeFiles/psion_recreate.dir/i2c.c.obj
                0x0000000010006440                i2c_read_sda
 .text.i2c_start
                0x0000000010006458       0x14 CMakeFiles/psion_recreate.dir/i2c.c.obj
                0x0000000010006458                i2c_start
 .text.i2c_stop
                0x000000001000646c       0x1c CMakeFiles/psion_recreate.dir/i2c.c.obj
                0x000000001000646c                i2c_stop
 .text.i2c_send_byte
                0x0000000010006488       0x62 CMakeFiles/psion_recreate.dir/i2c.c.obj
                0x0000000010006488                i2c_send_byte
 .text.i2c_recv_byte
                0x00000000100064ea       0x58 CMakeFiles/psion_recreate.dir/i2c.c.obj
                0x00000000100064ea                i2c_recv_byte
 .text.i2c_read_bytes
                0x0000000010006542       0x4c CMakeFiles/psion_recreate.dir/i2c.c.obj
                0x0000000010006542                i2c_read_bytes
 .text.i2c_send_bytes
                0x000000001000658e       0x2c CMakeFiles/psion_recreate.dir/i2c.c.obj
                0x000000001000658e                i2c_send_bytes
 *fill*         0x00000000100065ba        0x2 
 .text.add_int_arg
                0x00000000100065bc       0x44 CMakeFiles/psion_recreate.dir/match.c.obj
                0x00000000100065bc                add_int_arg
 .text.match    0x0000000010006600      0x454 CMakeFiles/psion_recreate.dir/match.c.obj
                0x0000000010006600                match
 .text.read_eeprom
                0x0000000010006a54       0x32 CMakeFiles/psion_recreate.dir/eeprom.c.obj
                0x0000000010006a54                read_eeprom
 .text.write_eeprom
                0x0000000010006a86       0x50 CMakeFiles/psion_recreate.dir/eeprom.c.obj
                0x0000000010006a86                write_eeprom
 *fill*         0x0000000010006ad6        0x2 
 .text.eeprom_ram_dump
                0x0000000010006ad8       0x6c CMakeFiles/psion_recreate.dir/eeprom.c.obj
                0x0000000010006ad8                eeprom_ram_dump
 .text.eeprom_ram_restore
                0x0000000010006b44       0x64 CMakeFiles/psion_recreate.dir/eeprom.c.obj
                0x0000000010006b44                eeprom_ram_restore
 .text.eeprom_perform_restore
                0x0000000010006ba8       0x20 CMakeFiles/psion_recreate.dir/eeprom.c.obj
                0x0000000010006ba8                eeprom_perform_restore
 .text.eeprom_perform_dump
                0x0000000010006bc8       0x20 CMakeFiles/psion_recreate.dir/eeprom.c.obj
                0x0000000010006bc8                eeprom_perform_dump
 .text.eeprom_tasks
                0x0000000010006be8       0x90 CMakeFiles/psion_recreate.dir/eeprom.c.obj
                0x0000000010006be8                eeprom_tasks
 .text.menu_null
                0x0000000010006c78        0x2 CMakeFiles/psion_recreate.dir/menu.c.obj
                0x0000000010006c78                menu_null
 *fill*         0x0000000010006c7a        0x2 
 .text.menu_exit
                0x0000000010006c7c        0xc CMakeFiles/psion_recreate.dir/menu.c.obj
                0x0000000010006c7c                menu_exit
 .text.menu_eeprom_save_mems
                0x0000000010006c88        0x2 CMakeFiles/psion_recreate.dir/menu.c.obj
                0x0000000010006c88                menu_eeprom_save_mems
 .text.menu_eeprom_load_mems
                0x0000000010006c8a        0x2 CMakeFiles/psion_recreate.dir/menu.c.obj
                0x0000000010006c8a                menu_eeprom_load_mems
 .text.menu_eeprom_extract_mems
                0x0000000010006c8c        0x2 CMakeFiles/psion_recreate.dir/menu.c.obj
                0x0000000010006c8c                menu_eeprom_extract_mems
 *fill*         0x0000000010006c8e        0x2 
 .text.init_menu_top
                0x0000000010006c90       0x14 CMakeFiles/psion_recreate.dir/menu.c.obj
                0x0000000010006c90                init_menu_top
 .text.init_menu_eeprom
                0x0000000010006ca4       0x18 CMakeFiles/psion_recreate.dir/menu.c.obj
                0x0000000010006ca4                init_menu_eeprom
 .text.init_menu_mems
                0x0000000010006cbc       0x18 CMakeFiles/psion_recreate.dir/menu.c.obj
                0x0000000010006cbc                init_menu_mems
 .text.menu_eeprom_invalidate
                0x0000000010006cd4       0x4c CMakeFiles/psion_recreate.dir/menu.c.obj
                0x0000000010006cd4                menu_eeprom_invalidate
 .text.scan_keys
                0x0000000010006d20      0x114 CMakeFiles/psion_recreate.dir/menu.c.obj
                0x0000000010006d20                scan_keys
 .text.goto_menu
                0x0000000010006e34       0x14 CMakeFiles/psion_recreate.dir/menu.c.obj
                0x0000000010006e34                goto_menu
 .text.menu_back
                0x0000000010006e48       0x14 CMakeFiles/psion_recreate.dir/menu.c.obj
                0x0000000010006e48                menu_back
 .text.menu_goto_eeprom
                0x0000000010006e5c       0x10 CMakeFiles/psion_recreate.dir/menu.c.obj
                0x0000000010006e5c                menu_goto_eeprom
 .text.menu_goto_mems
                0x0000000010006e6c       0x10 CMakeFiles/psion_recreate.dir/menu.c.obj
                0x0000000010006e6c                menu_goto_mems
 .text.do_menu_init
                0x0000000010006e7c       0x18 CMakeFiles/psion_recreate.dir/menu.c.obj
                0x0000000010006e7c                do_menu_init
 .text.menu_instant_off
                0x0000000010006e94       0x24 CMakeFiles/psion_recreate.dir/menu.c.obj
                0x0000000010006e94                menu_instant_off
 .text.menu_process
                0x0000000010006eb8       0xa0 CMakeFiles/psion_recreate.dir/menu.c.obj
                0x0000000010006eb8                menu_process
 .text.init_scan_test
                0x0000000010006f58       0x18 CMakeFiles/psion_recreate.dir/menu.c.obj
                0x0000000010006f58                init_scan_test
 .text.menu_scan_test
                0x0000000010006f70       0x3c CMakeFiles/psion_recreate.dir/menu.c.obj
                0x0000000010006f70                menu_scan_test
 .text.menu_enter
                0x0000000010006fac       0x30 CMakeFiles/psion_recreate.dir/menu.c.obj
                0x0000000010006fac                menu_enter
 .text.menu_loop
                0x0000000010006fdc        0xc CMakeFiles/psion_recreate.dir/menu.c.obj
                0x0000000010006fdc                menu_loop
 .text.menu_leave
                0x0000000010006fe8       0x28 CMakeFiles/psion_recreate.dir/menu.c.obj
                0x0000000010006fe8                menu_leave
 .text.check_menu_launch
                0x0000000010007010       0xac CMakeFiles/psion_recreate.dir/menu.c.obj
                0x0000000010007010                check_menu_launch
 .text.gpio_set_function
                0x00000000100070bc       0x30 CMakeFiles/psion_recreate.dir/tree/downloaded_tools/pico/pico-sdk/src/rp2_common/hardware_gpio/gpio.c.obj
                0x00000000100070bc                gpio_set_function
 .text.gpio_set_pulls
                0x00000000100070ec       0x34 CMakeFiles/psion_recreate.dir/tree/downloaded_tools/pico/pico-sdk/src/rp2_common/hardware_gpio/gpio.c.obj
                0x00000000100070ec                gpio_set_pulls
 .text.gpio_init
                0x0000000010007120       0x16 CMakeFiles/psion_recreate.dir/tree/downloaded_tools/pico/pico-sdk/src/rp2_common/hardware_gpio/gpio.c.obj
                0x0000000010007120                gpio_init
 *fill*         0x0000000010007136        0x2 
 .text.hw_claim_lock
                0x0000000010007138       0x18 CMakeFiles/psion_recreate.dir/tree/downloaded_tools/pico/pico-sdk/src/rp2_common/hardware_claim/claim.c.obj
                0x0000000010007138                hw_claim_lock
 .text.hw_claim_unlock
                0x0000000010007150       0x14 CMakeFiles/psion_recreate.dir/tree/downloaded_tools/pico/pico-sdk/src/rp2_common/hardware_claim/claim.c.obj
                0x0000000010007150                hw_claim_unlock
 .text.hw_claim_or_assert
                0x0000000010007164       0x32 CMakeFiles/psion_recreate.dir/tree/downloaded_tools/pico/pico-sdk/src/rp2_common/hardware_claim/claim.c.obj
                0x0000000010007164                hw_claim_or_assert
 .text.hw_claim_unused_from_range
                0x0000000010007196       0x50 CMakeFiles/psion_recreate.dir/tree/downloaded_tools/pico/pico-sdk/src/rp2_common/hardware_claim/claim.c.obj
                0x0000000010007196                hw_claim_unused_from_range
 *fill*         0x00000000100071e6        0x2 
 .text.running_on_fpga
                0x00000000100071e8       0x14 CMakeFiles/psion_recreate.dir/tree/downloaded_tools/pico/pico-sdk/src/rp2_common/pico_platform/platform.c.obj
                0x00000000100071e8                running_on_fpga
 .text.spin_locks_reset
                0x00000000100071fc       0x20 CMakeFiles/psion_recreate.dir/tree/downloaded_tools/pico/pico-sdk/src/rp2_common/hardware_sync/sync.c.obj
                0x00000000100071fc                spin_locks_reset
 .text.next_striped_spin_lock_num
                0x000000001000721c       0x1c CMakeFiles/psion_recreate.dir/tree/downloaded_tools/pico/pico-sdk/src/rp2_common/hardware_sync/sync.c.obj
                0x000000001000721c                next_striped_spin_lock_num
 .text.spin_lock_claim_unused
                0x0000000010007238       0x20 CMakeFiles/psion_recreate.dir/tree/downloaded_tools/pico/pico-sdk/src/rp2_common/hardware_sync/sync.c.obj
                0x0000000010007238                spin_lock_claim_unused
 .text.uart_set_baudrate
                0x0000000010007258       0x5c CMakeFiles/psion_recreate.dir/tree/downloaded_tools/pico/pico-sdk/src/rp2_common/hardware_uart/uart.c.obj
                0x0000000010007258                uart_set_baudrate
 .text.uart_set_translate_crlf
                0x00000000100072b4       0x28 CMakeFiles/psion_recreate.dir/tree/downloaded_tools/pico/pico-sdk/src/rp2_common/hardware_uart/uart.c.obj
                0x00000000100072b4                uart_set_translate_crlf
 .text.uart_init
                0x00000000100072dc       0x80 CMakeFiles/psion_recreate.dir/tree/downloaded_tools/pico/pico-sdk/src/rp2_common/hardware_uart/uart.c.obj
                0x00000000100072dc                uart_init
 .text.alarm_pool_post_alloc_init
                0x000000001000735c       0x40 CMakeFiles/psion_recreate.dir/tree/downloaded_tools/pico/pico-sdk/src/common/pico_time/time.c.obj
 .text.sleep_until_callback
                0x000000001000739c       0x30 CMakeFiles/psion_recreate.dir/tree/downloaded_tools/pico/pico-sdk/src/common/pico_time/time.c.obj
 .text.timer_pool_entry_comparator
                0x00000000100073cc       0x7c CMakeFiles/psion_recreate.dir/tree/downloaded_tools/pico/pico-sdk/src/common/pico_time/time.c.obj
                0x00000000100073cc                timer_pool_entry_comparator
 .text.ph_add_child_node
                0x0000000010007448       0xa4 CMakeFiles/psion_recreate.dir/tree/downloaded_tools/pico/pico-sdk/src/common/pico_time/time.c.obj
 .text.ph_merge_nodes
                0x00000000100074ec       0x3e CMakeFiles/psion_recreate.dir/tree/downloaded_tools/pico/pico-sdk/src/common/pico_time/time.c.obj
 *fill*         0x000000001000752a        0x2 
 .text.add_alarm_under_lock
                0x000000001000752c      0x174 CMakeFiles/psion_recreate.dir/tree/downloaded_tools/pico/pico-sdk/src/common/pico_time/time.c.obj
 .text.alarm_pool_alarm_callback
                0x00000000100076a0      0x32c CMakeFiles/psion_recreate.dir/tree/downloaded_tools/pico/pico-sdk/src/common/pico_time/time.c.obj
 .text.alarm_pool_init_default
                0x00000000100079cc       0x38 CMakeFiles/psion_recreate.dir/tree/downloaded_tools/pico/pico-sdk/src/common/pico_time/time.c.obj
                0x00000000100079cc                alarm_pool_init_default
 .text.alarm_pool_get_default
                0x0000000010007a04       0x2c CMakeFiles/psion_recreate.dir/tree/downloaded_tools/pico/pico-sdk/src/common/pico_time/time.c.obj
                0x0000000010007a04                alarm_pool_get_default
 .text.alarm_pool_add_alarm_at
                0x0000000010007a30      0x170 CMakeFiles/psion_recreate.dir/tree/downloaded_tools/pico/pico-sdk/src/common/pico_time/time.c.obj
                0x0000000010007a30                alarm_pool_add_alarm_at
 .text.alarm_pool_cancel_alarm
                0x0000000010007ba0       0xec CMakeFiles/psion_recreate.dir/tree/downloaded_tools/pico/pico-sdk/src/common/pico_time/time.c.obj
                0x0000000010007ba0                alarm_pool_cancel_alarm
 .text.sleep_until
                0x0000000010007c8c       0xfc CMakeFiles/psion_recreate.dir/tree/downloaded_tools/pico/pico-sdk/src/common/pico_time/time.c.obj
                0x0000000010007c8c                sleep_until
 .text.sleep_us
                0x0000000010007d88       0x58 CMakeFiles/psion_recreate.dir/tree/downloaded_tools/pico/pico-sdk/src/common/pico_time/time.c.obj
                0x0000000010007d88                sleep_us
 .text.sleep_ms
                0x0000000010007de0       0x14 CMakeFiles/psion_recreate.dir/tree/downloaded_tools/pico/pico-sdk/src/common/pico_time/time.c.obj
                0x0000000010007de0                sleep_ms
 .text.best_effort_wfe_or_timeout
                0x0000000010007df4       0x80 CMakeFiles/psion_recreate.dir/tree/downloaded_tools/pico/pico-sdk/src/common/pico_time/time.c.obj
                0x0000000010007df4                best_effort_wfe_or_timeout
 .text.hardware_alarm_irq_handler
                0x0000000010007e74       0x8c CMakeFiles/psion_recreate.dir/tree/downloaded_tools/pico/pico-sdk/src/rp2_common/hardware_timer/timer.c.obj
 .text.hardware_alarm_claim
                0x0000000010007f00       0x18 CMakeFiles/psion_recreate.dir/tree/downloaded_tools/pico/pico-sdk/src/rp2_common/hardware_timer/timer.c.obj
                0x0000000010007f00                hardware_alarm_claim
 .text.time_us_64
                0x0000000010007f18       0x18 CMakeFiles/psion_recreate.dir/tree/downloaded_tools/pico/pico-sdk/src/rp2_common/hardware_timer/timer.c.obj
                0x0000000010007f18                time_us_64
 .text.busy_wait_until
                0x0000000010007f30       0x24 CMakeFiles/psion_recreate.dir/tree/downloaded_tools/pico/pico-sdk/src/rp2_common/hardware_timer/timer.c.obj
                0x0000000010007f30                busy_wait_until
 .text.busy_wait_us
                0x0000000010007f54       0x48 CMakeFiles/psion_recreate.dir/tree/downloaded_tools/pico/pico-sdk/src/rp2_common/hardware_timer/timer.c.obj
                0x0000000010007f54                busy_wait_us
 .text.hardware_alarm_set_callback
                0x0000000010007f9c       0x90 CMakeFiles/psion_recreate.dir/tree/downloaded_tools/pico/pico-sdk/src/rp2_common/hardware_timer/timer.c.obj
                0x0000000010007f9c                hardware_alarm_set_callback
 .text.hardware_alarm_set_target
                0x000000001000802c       0xe8 CMakeFiles/psion_recreate.dir/tree/downloaded_tools/pico/pico-sdk/src/rp2_common/hardware_timer/timer.c.obj
                0x000000001000802c                hardware_alarm_set_target
 .text.hardware_alarm_cancel
                0x0000000010008114       0x40 CMakeFiles/psion_recreate.dir/tree/downloaded_tools/pico/pico-sdk/src/rp2_common/hardware_timer/timer.c.obj
                0x0000000010008114                hardware_alarm_cancel
 .text.lock_init
                0x0000000010008154       0x10 CMakeFiles/psion_recreate.dir/tree/downloaded_tools/pico/pico-sdk/src/common/pico_sync/lock_core.c.obj
                0x0000000010008154                lock_init
 .text.mutex_init_internal
                0x0000000010008164       0x1e CMakeFiles/psion_recreate.dir/tree/downloaded_tools/pico/pico-sdk/src/common/pico_sync/mutex.c.obj
 .text.mutex_init
                0x0000000010008182        0xa CMakeFiles/psion_recreate.dir/tree/downloaded_tools/pico/pico-sdk/src/common/pico_sync/mutex.c.obj
                0x0000000010008182                mutex_init
 .text.recursive_mutex_init
                0x000000001000818c        0xa CMakeFiles/psion_recreate.dir/tree/downloaded_tools/pico/pico-sdk/src/common/pico_sync/mutex.c.obj
                0x000000001000818c                recursive_mutex_init
 *fill*         0x0000000010008196        0x2 
 .text.critical_section_init_with_lock_num
                0x0000000010008198       0x14 CMakeFiles/psion_recreate.dir/tree/downloaded_tools/pico/pico-sdk/src/common/pico_sync/critical_section.c.obj
                0x0000000010008198                critical_section_init_with_lock_num
 .text.critical_section_init
                0x00000000100081ac       0x14 CMakeFiles/psion_recreate.dir/tree/downloaded_tools/pico/pico-sdk/src/common/pico_sync/critical_section.c.obj
                0x00000000100081ac                critical_section_init
 .text.ph_add_child_node
                0x00000000100081c0       0xa4 CMakeFiles/psion_recreate.dir/tree/downloaded_tools/pico/pico-sdk/src/common/pico_util/pheap.c.obj
 .text.ph_merge_nodes
                0x0000000010008264       0x3e CMakeFiles/psion_recreate.dir/tree/downloaded_tools/pico/pico-sdk/src/common/pico_util/pheap.c.obj
 *fill*         0x00000000100082a2        0x2 
 .text.ph_clear
                0x00000000100082a4       0x70 CMakeFiles/psion_recreate.dir/tree/downloaded_tools/pico/pico-sdk/src/common/pico_util/pheap.c.obj
                0x00000000100082a4                ph_clear
 .text.ph_post_alloc_init
                0x0000000010008314        0xe CMakeFiles/psion_recreate.dir/tree/downloaded_tools/pico/pico-sdk/src/common/pico_util/pheap.c.obj
                0x0000000010008314                ph_post_alloc_init
 *fill*         0x0000000010008322        0x2 
 .text.ph_merge_two_pass
                0x0000000010008324       0xa8 CMakeFiles/psion_recreate.dir/tree/downloaded_tools/pico/pico-sdk/src/common/pico_util/pheap.c.obj
                0x0000000010008324                ph_merge_two_pass
 .text.ph_remove_any_head
                0x00000000100083cc      0x108 CMakeFiles/psion_recreate.dir/tree/downloaded_tools/pico/pico-sdk/src/common/pico_util/pheap.c.obj
 .text.ph_remove_head
                0x00000000100084d4       0x14 CMakeFiles/psion_recreate.dir/tree/downloaded_tools/pico/pico-sdk/src/common/pico_util/pheap.c.obj
                0x00000000100084d4                ph_remove_head
 .text.ph_remove_and_free_node
                0x00000000100084e8       0xf8 CMakeFiles/psion_recreate.dir/tree/downloaded_tools/pico/pico-sdk/src/common/pico_util/pheap.c.obj
                0x00000000100084e8                ph_remove_and_free_node
 .text.runtime_init
                0x00000000100085e0       0xd8 CMakeFiles/psion_recreate.dir/tree/downloaded_tools/pico/pico-sdk/src/rp2_common/pico_runtime/runtime.c.obj
                0x00000000100085e0                runtime_init
 .text._exit    0x00000000100086b8        0x4 CMakeFiles/psion_recreate.dir/tree/downloaded_tools/pico/pico-sdk/src/rp2_common/pico_runtime/runtime.c.obj
                0x00000000100086b8                _exit
 .text._sbrk    0x00000000100086bc       0x38 CMakeFiles/psion_recreate.dir/tree/downloaded_tools/pico/pico-sdk/src/rp2_common/pico_runtime/runtime.c.obj
                0x00000000100086bc                _sbrk
 .text.exit     0x00000000100086f4        0x6 CMakeFiles/psion_recreate.dir/tree/downloaded_tools/pico/pico-sdk/src/rp2_common/pico_runtime/runtime.c.obj
                0x00000000100086f4                exit
 *fill*         0x00000000100086fa        0x2 
 .text.__assert_func
                0x00000000100086fc       0x3c CMakeFiles/psion_recreate.dir/tree/downloaded_tools/pico/pico-sdk/src/rp2_common/pico_runtime/runtime.c.obj
                0x00000000100086fc                __assert_func
 .text.panic    0x0000000010008738       0x30 CMakeFiles/psion_recreate.dir/tree/downloaded_tools/pico/pico-sdk/src/rp2_common/pico_runtime/runtime.c.obj
                0x0000000010008738                panic
 .text.clock_configure
                0x0000000010008768      0x104 CMakeFiles/psion_recreate.dir/tree/downloaded_tools/pico/pico-sdk/src/rp2_common/hardware_clocks/clocks.c.obj
                0x0000000010008768                clock_configure
 .text.clocks_init
                0x000000001000886c      0x100 CMakeFiles/psion_recreate.dir/tree/downloaded_tools/pico/pico-sdk/src/rp2_common/hardware_clocks/clocks.c.obj
                0x000000001000886c                clocks_init
 .text.clock_get_hz
                0x000000001000896c        0xc CMakeFiles/psion_recreate.dir/tree/downloaded_tools/pico/pico-sdk/src/rp2_common/hardware_clocks/clocks.c.obj
                0x000000001000896c                clock_get_hz
 .text.set_raw_irq_handler_and_unlock
                0x0000000010008978       0x28 CMakeFiles/psion_recreate.dir/tree/downloaded_tools/pico/pico-sdk/src/rp2_common/hardware_irq/irq.c.obj
 .text.make_branch
                0x00000000100089a0       0x34 CMakeFiles/psion_recreate.dir/tree/downloaded_tools/pico/pico-sdk/src/rp2_common/hardware_irq/irq.c.obj
 .text.insert_branch_and_link
                0x00000000100089d4       0x40 CMakeFiles/psion_recreate.dir/tree/downloaded_tools/pico/pico-sdk/src/rp2_common/hardware_irq/irq.c.obj
 .text.irq_is_enabled
                0x0000000010008a14       0x18 CMakeFiles/psion_recreate.dir/tree/downloaded_tools/pico/pico-sdk/src/rp2_common/hardware_irq/irq.c.obj
                0x0000000010008a14                irq_is_enabled
 .text.irq_set_mask_enabled
                0x0000000010008a2c       0x20 CMakeFiles/psion_recreate.dir/tree/downloaded_tools/pico/pico-sdk/src/rp2_common/hardware_irq/irq.c.obj
                0x0000000010008a2c                irq_set_mask_enabled
 .text.irq_set_enabled
                0x0000000010008a4c        0xe CMakeFiles/psion_recreate.dir/tree/downloaded_tools/pico/pico-sdk/src/rp2_common/hardware_irq/irq.c.obj
                0x0000000010008a4c                irq_set_enabled
 *fill*         0x0000000010008a5a        0x2 
 .text.irq_set_pending
                0x0000000010008a5c       0x10 CMakeFiles/psion_recreate.dir/tree/downloaded_tools/pico/pico-sdk/src/rp2_common/hardware_irq/irq.c.obj
                0x0000000010008a5c                irq_set_pending
 .text.irq_get_vtable_handler
                0x0000000010008a6c       0x10 CMakeFiles/psion_recreate.dir/tree/downloaded_tools/pico/pico-sdk/src/rp2_common/hardware_irq/irq.c.obj
                0x0000000010008a6c                irq_get_vtable_handler
 .text.irq_set_exclusive_handler
                0x0000000010008a7c       0x54 CMakeFiles/psion_recreate.dir/tree/downloaded_tools/pico/pico-sdk/src/rp2_common/hardware_irq/irq.c.obj
                0x0000000010008a7c                irq_set_exclusive_handler
 .text.irq_remove_handler
                0x0000000010008ad0      0x1ac CMakeFiles/psion_recreate.dir/tree/downloaded_tools/pico/pico-sdk/src/rp2_common/hardware_irq/irq.c.obj
                0x0000000010008ad0                irq_remove_handler
 .text.irq_set_priority
                0x0000000010008c7c       0x28 CMakeFiles/psion_recreate.dir/tree/downloaded_tools/pico/pico-sdk/src/rp2_common/hardware_irq/irq.c.obj
                0x0000000010008c7c                irq_set_priority
 .text.irq_add_tail_to_free_list
                0x0000000010008ca4       0xf0 CMakeFiles/psion_recreate.dir/tree/downloaded_tools/pico/pico-sdk/src/rp2_common/hardware_irq/irq.c.obj
                0x0000000010008ca4                irq_add_tail_to_free_list
 .text.irq_init_priorities
                0x0000000010008d94       0x16 CMakeFiles/psion_recreate.dir/tree/downloaded_tools/pico/pico-sdk/src/rp2_common/hardware_irq/irq.c.obj
                0x0000000010008d94                irq_init_priorities
 *fill*         0x0000000010008daa        0x2 
 .text.pll_init
                0x0000000010008dac      0x118 CMakeFiles/psion_recreate.dir/tree/downloaded_tools/pico/pico-sdk/src/rp2_common/hardware_pll/pll.c.obj
                0x0000000010008dac                pll_init
 .text.watchdog_start_tick
                0x0000000010008ec4       0x10 CMakeFiles/psion_recreate.dir/tree/downloaded_tools/pico/pico-sdk/src/rp2_common/hardware_watchdog/watchdog.c.obj
                0x0000000010008ec4                watchdog_start_tick
 .text.watchdog_update
                0x0000000010008ed4       0x14 CMakeFiles/psion_recreate.dir/tree/downloaded_tools/pico/pico-sdk/src/rp2_common/hardware_watchdog/watchdog.c.obj
                0x0000000010008ed4                watchdog_update
 .text._watchdog_enable
                0x0000000010008ee8       0x70 CMakeFiles/psion_recreate.dir/tree/downloaded_tools/pico/pico-sdk/src/rp2_common/hardware_watchdog/watchdog.c.obj
                0x0000000010008ee8                _watchdog_enable
 .text.watchdog_reboot
                0x0000000010008f58       0x48 CMakeFiles/psion_recreate.dir/tree/downloaded_tools/pico/pico-sdk/src/rp2_common/hardware_watchdog/watchdog.c.obj
                0x0000000010008f58                watchdog_reboot
 .text.xosc_init
                0x0000000010008fa0       0x28 CMakeFiles/psion_recreate.dir/tree/downloaded_tools/pico/pico-sdk/src/rp2_common/hardware_xosc/xosc.c.obj
                0x0000000010008fa0                xosc_init
 .text._out_buffer
                0x0000000010008fc8        0x8 CMakeFiles/psion_recreate.dir/tree/downloaded_tools/pico/pico-sdk/src/rp2_common/pico_printf/printf.c.obj
 .text._out_null
                0x0000000010008fd0        0x2 CMakeFiles/psion_recreate.dir/tree/downloaded_tools/pico/pico-sdk/src/rp2_common/pico_printf/printf.c.obj
 .text._out_fct
                0x0000000010008fd2        0xe CMakeFiles/psion_recreate.dir/tree/downloaded_tools/pico/pico-sdk/src/rp2_common/pico_printf/printf.c.obj
 .text._atoi    0x0000000010008fe0       0x24 CMakeFiles/psion_recreate.dir/tree/downloaded_tools/pico/pico-sdk/src/rp2_common/pico_printf/printf.c.obj
 .text._out_rev
                0x0000000010009004       0xae CMakeFiles/psion_recreate.dir/tree/downloaded_tools/pico/pico-sdk/src/rp2_common/pico_printf/printf.c.obj
 .text._ntoa_format
                0x00000000100090b2      0x110 CMakeFiles/psion_recreate.dir/tree/downloaded_tools/pico/pico-sdk/src/rp2_common/pico_printf/printf.c.obj
 .text._ntoa_long
                0x00000000100091c2       0xbc CMakeFiles/psion_recreate.dir/tree/downloaded_tools/pico/pico-sdk/src/rp2_common/pico_printf/printf.c.obj
 .text._ntoa_long_long
                0x000000001000927e       0xe2 CMakeFiles/psion_recreate.dir/tree/downloaded_tools/pico/pico-sdk/src/rp2_common/pico_printf/printf.c.obj
 .text._etoa    0x0000000010009360      0x40c CMakeFiles/psion_recreate.dir/tree/downloaded_tools/pico/pico-sdk/src/rp2_common/pico_printf/printf.c.obj
 .text._ftoa    0x000000001000976c      0x354 CMakeFiles/psion_recreate.dir/tree/downloaded_tools/pico/pico-sdk/src/rp2_common/pico_printf/printf.c.obj
 .text._vsnprintf
                0x0000000010009ac0      0x628 CMakeFiles/psion_recreate.dir/tree/downloaded_tools/pico/pico-sdk/src/rp2_common/pico_printf/printf.c.obj
 .text.__wrap_sprintf
                0x000000001000a0e8       0x28 CMakeFiles/psion_recreate.dir/tree/downloaded_tools/pico/pico-sdk/src/rp2_common/pico_printf/printf.c.obj
                0x000000001000a0e8                __wrap_sprintf
 .text.vfctprintf
                0x000000001000a110       0x20 CMakeFiles/psion_recreate.dir/tree/downloaded_tools/pico/pico-sdk/src/rp2_common/pico_printf/printf.c.obj
                0x000000001000a110                vfctprintf
 .text          0x000000001000a130       0x10 CMakeFiles/psion_recreate.dir/tree/downloaded_tools/pico/pico-sdk/src/rp2_common/pico_bit_ops/bit_ops_aeabi.S.obj
 .text.rom_func_lookup
                0x000000001000a140       0x10 CMakeFiles/psion_recreate.dir/tree/downloaded_tools/pico/pico-sdk/src/rp2_common/pico_bootrom/bootrom.c.obj
                0x000000001000a140                rom_func_lookup
 .text.rom_data_lookup
                0x000000001000a150       0x10 CMakeFiles/psion_recreate.dir/tree/downloaded_tools/pico/pico-sdk/src/rp2_common/pico_bootrom/bootrom.c.obj
                0x000000001000a150                rom_data_lookup
 .text.rom_funcs_lookup
                0x000000001000a160       0x36 CMakeFiles/psion_recreate.dir/tree/downloaded_tools/pico/pico-sdk/src/rp2_common/pico_bootrom/bootrom.c.obj
                0x000000001000a160                rom_funcs_lookup
 *fill*         0x000000001000a196        0x2 
 .text.__wrap___aeabi_idiv
                0x000000001000a198       0x50 CMakeFiles/psion_recreate.dir/tree/downloaded_tools/pico/pico-sdk/src/rp2_common/pico_divider/divider.S.obj
                0x000000001000a198                __wrap___aeabi_idivmod
                0x000000001000a198                divmod_s32s32
                0x000000001000a198                div_s32s32
                0x000000001000a198                __wrap___aeabi_idiv
                0x000000001000a1a0                divmod_s32s32_unsafe
                0x000000001000a1cc                divmod_s32s32_savestate
 .text.__wrap___aeabi_uidiv
                0x000000001000a1e8       0x4c CMakeFiles/psion_recreate.dir/tree/downloaded_tools/pico/pico-sdk/src/rp2_common/pico_divider/divider.S.obj
                0x000000001000a1e8                __wrap___aeabi_uidiv
                0x000000001000a1e8                __wrap___aeabi_uidivmod
                0x000000001000a1e8                div_u32u32
                0x000000001000a1e8                divmod_u32u32
                0x000000001000a1f0                divmod_u32u32_unsafe
                0x000000001000a218                divmod_u32u32_savestate
 .text.__wrap___aeabi_ldiv
                0x000000001000a234      0x430 CMakeFiles/psion_recreate.dir/tree/downloaded_tools/pico/pico-sdk/src/rp2_common/pico_divider/divider.S.obj
                0x000000001000a234                div_s64s64
                0x000000001000a234                divmod_s64s64
                0x000000001000a234                __wrap___aeabi_ldivmod
                0x000000001000a26c                div_u64u64
                0x000000001000a26c                divmod_u64u64
                0x000000001000a26c                __wrap___aeabi_uldivmod
                0x000000001000a27c                divmod_u64u64_savestate
                0x000000001000a2a4                divmod_s64s64_unsafe
                0x000000001000a32c                divmod_u64u64_unsafe
 .text.__wrap___aeabi_darithmetic
                0x000000001000a664       0x80 CMakeFiles/psion_recreate.dir/tree/downloaded_tools/pico/pico-sdk/src/rp2_common/pico_double/double_aeabi.S.obj
                0x000000001000a664                __wrap___aeabi_drsub
                0x000000001000a66a                __wrap___aeabi_dsub
                0x000000001000a67c                __wrap___aeabi_dadd
                0x000000001000a68e                __wrap___aeabi_ddiv
                0x000000001000a6ca                __wrap___aeabi_dmul
 .text.__wrap___aeabi_cdcmple
                0x000000001000a6e4       0x6c CMakeFiles/psion_recreate.dir/tree/downloaded_tools/pico/pico-sdk/src/rp2_common/pico_double/double_aeabi.S.obj
                0x000000001000a6e4                __wrap___aeabi_cdrcmple
                0x000000001000a6f4                __wrap___aeabi_cdcmple
                0x000000001000a6f4                __wrap___aeabi_cdcmpeq
 .text.__wrap___aeabi_dcmpeq
                0x000000001000a750       0x10 CMakeFiles/psion_recreate.dir/tree/downloaded_tools/pico/pico-sdk/src/rp2_common/pico_double/double_aeabi.S.obj
                0x000000001000a750                __wrap___aeabi_dcmpeq
 .text.__wrap___aeabi_dcmplt
                0x000000001000a760        0xc CMakeFiles/psion_recreate.dir/tree/downloaded_tools/pico/pico-sdk/src/rp2_common/pico_double/double_aeabi.S.obj
                0x000000001000a760                __wrap___aeabi_dcmplt
 .text.__wrap___aeabi_dcmple
                0x000000001000a76c       0x10 CMakeFiles/psion_recreate.dir/tree/downloaded_tools/pico/pico-sdk/src/rp2_common/pico_double/double_aeabi.S.obj
                0x000000001000a76c                __wrap___aeabi_dcmple
 .text.__wrap___aeabi_dcmpge
                0x000000001000a77c       0x10 CMakeFiles/psion_recreate.dir/tree/downloaded_tools/pico/pico-sdk/src/rp2_common/pico_double/double_aeabi.S.obj
                0x000000001000a77c                __wrap___aeabi_dcmpge
 .text.__wrap___aeabi_dcmpgt
                0x000000001000a78c        0xa CMakeFiles/psion_recreate.dir/tree/downloaded_tools/pico/pico-sdk/src/rp2_common/pico_double/double_aeabi.S.obj
                0x000000001000a78c                __wrap___aeabi_dcmpgt
 .text.__wrap___aeabi_dcmpun
                0x000000001000a796       0x1c CMakeFiles/psion_recreate.dir/tree/downloaded_tools/pico/pico-sdk/src/rp2_common/pico_double/double_aeabi.S.obj
                0x000000001000a796                __wrap___aeabi_dcmpun
 *fill*         0x000000001000a7b2        0x2 
 .text.__wrap___aeabi_i2d
                0x000000001000a7b4       0x38 CMakeFiles/psion_recreate.dir/tree/downloaded_tools/pico/pico-sdk/src/rp2_common/pico_double/double_aeabi.S.obj
                0x000000001000a7b4                __wrap___aeabi_ui2d
                0x000000001000a7bc                __wrap___aeabi_i2d
 .text.__wrap___aeabi_d2iz
                0x000000001000a7ec       0x48 CMakeFiles/psion_recreate.dir/tree/downloaded_tools/pico/pico-sdk/src/rp2_common/pico_double/double_aeabi.S.obj
                0x000000001000a7ec                __wrap___aeabi_d2iz
                0x000000001000a7ec                double2int_z
 .text.__wrap___aeabi_d2uiz
                0x000000001000a834       0x18 CMakeFiles/psion_recreate.dir/tree/downloaded_tools/pico/pico-sdk/src/rp2_common/pico_double/double_aeabi.S.obj
                0x000000001000a834                double2uint
                0x000000001000a834                __wrap___aeabi_d2uiz
 .text.__wrap___aeabi_l2d
                0x000000001000a84c       0x18 CMakeFiles/psion_recreate.dir/tree/downloaded_tools/pico/pico-sdk/src/rp2_common/pico_double/double_aeabi.S.obj
                0x000000001000a84c                __wrap___aeabi_l2d
 .text.__wrap___aeabi_d2lz
                0x000000001000a864       0x26 CMakeFiles/psion_recreate.dir/tree/downloaded_tools/pico/pico-sdk/src/rp2_common/pico_double/double_aeabi.S.obj
                0x000000001000a864                __wrap___aeabi_d2lz
                0x000000001000a864                double2int64_z
 *fill*         0x000000001000a88a        0x2 
 .text.double2int64
                0x000000001000a88c       0x18 CMakeFiles/psion_recreate.dir/tree/downloaded_tools/pico/pico-sdk/src/rp2_common/pico_double/double_aeabi.S.obj
                0x000000001000a88c                double2int64
 .text.double2ufix64
                0x000000001000a8a4       0x18 CMakeFiles/psion_recreate.dir/tree/downloaded_tools/pico/pico-sdk/src/rp2_common/pico_double/double_aeabi.S.obj
                0x000000001000a8a4                double2ufix64
 .text.__wrap___aeabi_d2f
                0x000000001000a8bc       0x18 CMakeFiles/psion_recreate.dir/tree/downloaded_tools/pico/pico-sdk/src/rp2_common/pico_double/double_aeabi.S.obj
                0x000000001000a8bc                __wrap___aeabi_d2f
 .text.__aeabi_double_init
                0x000000001000a8d4       0xb4 CMakeFiles/psion_recreate.dir/tree/downloaded_tools/pico/pico-sdk/src/rp2_common/pico_double/double_init_rom.c.obj
                0x000000001000a8d4                __aeabi_double_init
 .text.double_table_shim_on_use_helper
                0x000000001000a988       0x34 CMakeFiles/psion_recreate.dir/tree/downloaded_tools/pico/pico-sdk/src/rp2_common/pico_double/double_v1_rom_shim.S.obj
                0x000000001000a988                double_table_shim_on_use_helper
 .text.__wrap___aeabi_dsub
                0x000000001000a9bc       0x10 CMakeFiles/psion_recreate.dir/tree/downloaded_tools/pico/pico-sdk/src/rp2_common/pico_double/double_v1_rom_shim.S.obj
                0x000000001000a9bc                drsub_shim
                0x000000001000a9c2                dsub_shim
 .text.dadd_shim
                0x000000001000a9cc      0x15c CMakeFiles/psion_recreate.dir/tree/downloaded_tools/pico/pico-sdk/src/rp2_common/pico_double/double_v1_rom_shim.S.obj
                0x000000001000a9cc                dadd_shim
 .text.dmul_shim
                0x000000001000ab28      0x15c CMakeFiles/psion_recreate.dir/tree/downloaded_tools/pico/pico-sdk/src/rp2_common/pico_double/double_v1_rom_shim.S.obj
                0x000000001000ab28                dmul_shim
 .text.ddiv_shim
                0x000000001000ac84      0x1b0 CMakeFiles/psion_recreate.dir/tree/downloaded_tools/pico/pico-sdk/src/rp2_common/pico_double/double_v1_rom_shim.S.obj
                0x000000001000ac84                ddiv_shim
 .text.dcordic_rot_step
                0x000000001000ae34       0x7c CMakeFiles/psion_recreate.dir/tree/downloaded_tools/pico/pico-sdk/src/rp2_common/pico_double/double_v1_rom_shim.S.obj
                0x000000001000ae34                dcordic_rot_step
 .text.double2uint_shim
                0x000000001000aeb0        0xe CMakeFiles/psion_recreate.dir/tree/downloaded_tools/pico/pico-sdk/src/rp2_common/pico_double/double_v1_rom_shim.S.obj
                0x000000001000aeb0                double2uint_shim
                0x000000001000aeb2                double2ufix_shim
 .text.double2int64_shim
                0x000000001000aebe       0x1a CMakeFiles/psion_recreate.dir/tree/downloaded_tools/pico/pico-sdk/src/rp2_common/pico_double/double_v1_rom_shim.S.obj
                0x000000001000aebe                double2int64_shim
                0x000000001000aec0                double2fix64_shim
 .text.double2uint64_shim
                0x000000001000aed8       0x6c CMakeFiles/psion_recreate.dir/tree/downloaded_tools/pico/pico-sdk/src/rp2_common/pico_double/double_v1_rom_shim.S.obj
                0x000000001000aed8                double2uint64_shim
                0x000000001000aeda                double2ufix64_shim
                0x000000001000aef4                d2fix_a
 .text.double2float_shim
                0x000000001000af44       0x5c CMakeFiles/psion_recreate.dir/tree/downloaded_tools/pico/pico-sdk/src/rp2_common/pico_double/double_v1_rom_shim.S.obj
                0x000000001000af44                double2float_shim
 .text.x2double_shims
                0x000000001000afa0       0x90 CMakeFiles/psion_recreate.dir/tree/downloaded_tools/pico/pico-sdk/src/rp2_common/pico_double/double_v1_rom_shim.S.obj
                0x000000001000afa0                uint2double_shim
                0x000000001000afa2                ufix2double_shim
                0x000000001000afa8                int2double_shim
                0x000000001000afaa                fix2double_shim
                0x000000001000afb0                uint642double_shim
                0x000000001000afb2                ufix642double_shim
                0x000000001000afb8                int642double_shim
                0x000000001000afba                fix642double_shim
 .text.dunpacks
                0x000000001000b030       0x3c CMakeFiles/psion_recreate.dir/tree/downloaded_tools/pico/pico-sdk/src/rp2_common/pico_double/double_v1_rom_shim.S.obj
                0x000000001000b030                dunpacks
 .text.__aeabi_lmul
                0x000000001000b06c       0x32 CMakeFiles/psion_recreate.dir/tree/downloaded_tools/pico/pico-sdk/src/rp2_common/pico_int64_ops/pico_int64_ops_aeabi.S.obj
                0x000000001000b06c                __wrap___aeabi_lmul
 *fill*         0x000000001000b09e        0x2 
 .text.__wrap___aeabi_cfcmple
                0x000000001000b0a0       0x50 CMakeFiles/psion_recreate.dir/tree/downloaded_tools/pico/pico-sdk/src/rp2_common/pico_float/float_aeabi.S.obj
                0x000000001000b0a0                __wrap___aeabi_cfrcmple
                0x000000001000b0ac                __wrap___aeabi_cfcmpeq
                0x000000001000b0ac                __wrap___aeabi_cfcmple
 .text.__wrap___aeabi_fcmple
                0x000000001000b0f0       0x10 CMakeFiles/psion_recreate.dir/tree/downloaded_tools/pico/pico-sdk/src/rp2_common/pico_float/float_aeabi.S.obj
                0x000000001000b0f0                __wrap___aeabi_fcmple
 .text.__wrap___aeabi_fcmpun
                0x000000001000b100       0x18 CMakeFiles/psion_recreate.dir/tree/downloaded_tools/pico/pico-sdk/src/rp2_common/pico_float/float_aeabi.S.obj
                0x000000001000b100                __wrap___aeabi_fcmpun
 .text.__aeabi_float_init
                0x000000001000b118       0xfc CMakeFiles/psion_recreate.dir/tree/downloaded_tools/pico/pico-sdk/src/rp2_common/pico_float/float_init_rom.c.obj
                0x000000001000b118                __aeabi_float_init
 .text.float_table_shim_on_use_helper
                0x000000001000b214       0x34 CMakeFiles/psion_recreate.dir/tree/downloaded_tools/pico/pico-sdk/src/rp2_common/pico_float/float_v1_rom_shim.S.obj
                0x000000001000b214                float_table_shim_on_use_helper
 .text          0x000000001000b248       0x10 CMakeFiles/psion_recreate.dir/tree/downloaded_tools/pico/pico-sdk/src/rp2_common/pico_mem_ops/mem_ops_aeabi.S.obj
                0x000000001000b248                __aeabi_mem_init
 .text.memset   0x000000001000b258        0xc CMakeFiles/psion_recreate.dir/tree/downloaded_tools/pico/pico-sdk/src/rp2_common/pico_mem_ops/mem_ops_aeabi.S.obj
                0x000000001000b258                __wrap_memset
 .text.memcpy   0x000000001000b264        0xc CMakeFiles/psion_recreate.dir/tree/downloaded_tools/pico/pico-sdk/src/rp2_common/pico_mem_ops/mem_ops_aeabi.S.obj
                0x000000001000b264                __wrap___aeabi_memcpy
                0x000000001000b264                __wrap_memcpy
 .text.stdio_out_chars_crlf
                0x000000001000b270       0x80 CMakeFiles/psion_recreate.dir/tree/downloaded_tools/pico/pico-sdk/src/rp2_common/pico_stdio/stdio.c.obj
 .text.stdio_stack_buffer_flush
                0x000000001000b2f0       0x44 CMakeFiles/psion_recreate.dir/tree/downloaded_tools/pico/pico-sdk/src/rp2_common/pico_stdio/stdio.c.obj
 .text.stdio_buffered_printer
                0x000000001000b334       0x20 CMakeFiles/psion_recreate.dir/tree/downloaded_tools/pico/pico-sdk/src/rp2_common/pico_stdio/stdio.c.obj
 .text.stdio_get_until
                0x000000001000b354       0x80 CMakeFiles/psion_recreate.dir/tree/downloaded_tools/pico/pico-sdk/src/rp2_common/pico_stdio/stdio.c.obj
 .text.stdout_serialize_begin
                0x000000001000b3d4       0x30 CMakeFiles/psion_recreate.dir/tree/downloaded_tools/pico/pico-sdk/src/rp2_common/pico_stdio/stdio.c.obj
                0x000000001000b3d4                stdout_serialize_begin
 .text.stdout_serialize_end
                0x000000001000b404       0x10 CMakeFiles/psion_recreate.dir/tree/downloaded_tools/pico/pico-sdk/src/rp2_common/pico_stdio/stdio.c.obj
                0x000000001000b404                stdout_serialize_end
 .text.stdio_put_string
                0x000000001000b414       0x84 CMakeFiles/psion_recreate.dir/tree/downloaded_tools/pico/pico-sdk/src/rp2_common/pico_stdio/stdio.c.obj
 .text._read    0x000000001000b498       0x24 CMakeFiles/psion_recreate.dir/tree/downloaded_tools/pico/pico-sdk/src/rp2_common/pico_stdio/stdio.c.obj
                0x000000001000b498                _read
 .text._write   0x000000001000b4bc       0x1e CMakeFiles/psion_recreate.dir/tree/downloaded_tools/pico/pico-sdk/src/rp2_common/pico_stdio/stdio.c.obj
                0x000000001000b4bc                _write
 *fill*         0x000000001000b4da        0x2 
 .text.stdio_set_driver_enabled
                0x000000001000b4dc       0x38 CMakeFiles/psion_recreate.dir/tree/downloaded_tools/pico/pico-sdk/src/rp2_common/pico_stdio/stdio.c.obj
                0x000000001000b4dc                stdio_set_driver_enabled
 .text.stdio_flush
                0x000000001000b514       0x20 CMakeFiles/psion_recreate.dir/tree/downloaded_tools/pico/pico-sdk/src/rp2_common/pico_stdio/stdio.c.obj
                0x000000001000b514                stdio_flush
 .text.__wrap_puts
                0x000000001000b534       0x1c CMakeFiles/psion_recreate.dir/tree/downloaded_tools/pico/pico-sdk/src/rp2_common/pico_stdio/stdio.c.obj
                0x000000001000b534                __wrap_puts
 .text.__wrap_vprintf
                0x000000001000b550       0x44 CMakeFiles/psion_recreate.dir/tree/downloaded_tools/pico/pico-sdk/src/rp2_common/pico_stdio/stdio.c.obj
                0x000000001000b550                __wrap_vprintf
 .text.__wrap_printf
                0x000000001000b594       0x18 CMakeFiles/psion_recreate.dir/tree/downloaded_tools/pico/pico-sdk/src/rp2_common/pico_stdio/stdio.c.obj
                0x000000001000b594                __wrap_printf
 .text.stdio_init_all
                0x000000001000b5ac        0xc CMakeFiles/psion_recreate.dir/tree/downloaded_tools/pico/pico-sdk/src/rp2_common/pico_stdio/stdio.c.obj
                0x000000001000b5ac                stdio_init_all
 .text.stdio_uart_out_chars
                0x000000001000b5b8       0x74 CMakeFiles/psion_recreate.dir/tree/downloaded_tools/pico/pico-sdk/src/rp2_common/pico_stdio_uart/stdio_uart.c.obj
 .text.stdio_uart_in_chars
                0x000000001000b62c       0x54 CMakeFiles/psion_recreate.dir/tree/downloaded_tools/pico/pico-sdk/src/rp2_common/pico_stdio_uart/stdio_uart.c.obj
                0x000000001000b62c                stdio_uart_in_chars
 .text.stdio_uart_init_full
                0x000000001000b680       0x3c CMakeFiles/psion_recreate.dir/tree/downloaded_tools/pico/pico-sdk/src/rp2_common/pico_stdio_uart/stdio_uart.c.obj
                0x000000001000b680                stdio_uart_init_full
 .text.stdio_uart_init
                0x000000001000b6bc       0x28 CMakeFiles/psion_recreate.dir/tree/downloaded_tools/pico/pico-sdk/src/rp2_common/pico_stdio_uart/stdio_uart.c.obj
                0x000000001000b6bc                stdio_uart_init
 .text.resetd_init
                0x000000001000b6e4        0x2 CMakeFiles/psion_recreate.dir/tree/downloaded_tools/pico/pico-sdk/src/rp2_common/pico_stdio_usb/reset_interface.c.obj
 *fill*         0x000000001000b6e6        0x2 
 .text.resetd_reset
                0x000000001000b6e8        0xc CMakeFiles/psion_recreate.dir/tree/downloaded_tools/pico/pico-sdk/src/rp2_common/pico_stdio_usb/reset_interface.c.obj
 .text.resetd_open
                0x000000001000b6f4       0x34 CMakeFiles/psion_recreate.dir/tree/downloaded_tools/pico/pico-sdk/src/rp2_common/pico_stdio_usb/reset_interface.c.obj
 .text.resetd_xfer_cb
                0x000000001000b728        0x4 CMakeFiles/psion_recreate.dir/tree/downloaded_tools/pico/pico-sdk/src/rp2_common/pico_stdio_usb/reset_interface.c.obj
 .text.resetd_control_xfer_cb
                0x000000001000b72c       0x6c CMakeFiles/psion_recreate.dir/tree/downloaded_tools/pico/pico-sdk/src/rp2_common/pico_stdio_usb/reset_interface.c.obj
 .text.usbd_app_driver_get_cb
                0x000000001000b798        0xc CMakeFiles/psion_recreate.dir/tree/downloaded_tools/pico/pico-sdk/src/rp2_common/pico_stdio_usb/reset_interface.c.obj
                0x000000001000b798                usbd_app_driver_get_cb
 .text.tud_cdc_line_coding_cb
                0x000000001000b7a4       0x34 CMakeFiles/psion_recreate.dir/tree/downloaded_tools/pico/pico-sdk/src/rp2_common/pico_stdio_usb/reset_interface.c.obj
                0x000000001000b7a4                tud_cdc_line_coding_cb
 .text.stdio_usb_in_chars
                0x000000001000b7d8       0x70 CMakeFiles/psion_recreate.dir/tree/downloaded_tools/pico/pico-sdk/src/rp2_common/pico_stdio_usb/stdio_usb.c.obj
                0x000000001000b7d8                stdio_usb_in_chars
 .text.low_priority_worker_irq
                0x000000001000b848       0x20 CMakeFiles/psion_recreate.dir/tree/downloaded_tools/pico/pico-sdk/src/rp2_common/pico_stdio_usb/stdio_usb.c.obj
 .text.stdio_usb_out_chars
                0x000000001000b868       0xd4 CMakeFiles/psion_recreate.dir/tree/downloaded_tools/pico/pico-sdk/src/rp2_common/pico_stdio_usb/stdio_usb.c.obj
 .text.timer_task
                0x000000001000b93c       0x10 CMakeFiles/psion_recreate.dir/tree/downloaded_tools/pico/pico-sdk/src/rp2_common/pico_stdio_usb/stdio_usb.c.obj
 .text.stdio_usb_init
                0x000000001000b94c       0xb8 CMakeFiles/psion_recreate.dir/tree/downloaded_tools/pico/pico-sdk/src/rp2_common/pico_stdio_usb/stdio_usb.c.obj
                0x000000001000b94c                stdio_usb_init
 .text.tud_descriptor_device_cb
                0x000000001000ba04        0x8 CMakeFiles/psion_recreate.dir/tree/downloaded_tools/pico/pico-sdk/src/rp2_common/pico_stdio_usb/stdio_usb_descriptors.c.obj
                0x000000001000ba04                tud_descriptor_device_cb
 .text.tud_descriptor_configuration_cb
                0x000000001000ba0c        0x8 CMakeFiles/psion_recreate.dir/tree/downloaded_tools/pico/pico-sdk/src/rp2_common/pico_stdio_usb/stdio_usb_descriptors.c.obj
                0x000000001000ba0c                tud_descriptor_configuration_cb
 .text.tud_descriptor_string_cb
                0x000000001000ba14       0x68 CMakeFiles/psion_recreate.dir/tree/downloaded_tools/pico/pico-sdk/src/rp2_common/pico_stdio_usb/stdio_usb_descriptors.c.obj
                0x000000001000ba14                tud_descriptor_string_cb
 .text.hw_endpoint_get_by_addr
                0x000000001000ba7c       0x18 CMakeFiles/psion_recreate.dir/tree/downloaded_tools/pico/pico-sdk/lib/tinyusb/src/portable/raspberrypi/rp2040/dcd_rp2040.c.obj
 .text.reset_ep0
                0x000000001000ba94       0x2c CMakeFiles/psion_recreate.dir/tree/downloaded_tools/pico/pico-sdk/lib/tinyusb/src/portable/raspberrypi/rp2040/dcd_rp2040.c.obj
 .text._hw_endpoint_alloc
                0x000000001000bac0       0x80 CMakeFiles/psion_recreate.dir/tree/downloaded_tools/pico/pico-sdk/lib/tinyusb/src/portable/raspberrypi/rp2040/dcd_rp2040.c.obj
 .text._hw_endpoint_init
                0x000000001000bb40       0xbc CMakeFiles/psion_recreate.dir/tree/downloaded_tools/pico/pico-sdk/lib/tinyusb/src/portable/raspberrypi/rp2040/dcd_rp2040.c.obj
 .text.hw_endpoint_init
                0x000000001000bbfc       0x18 CMakeFiles/psion_recreate.dir/tree/downloaded_tools/pico/pico-sdk/lib/tinyusb/src/portable/raspberrypi/rp2040/dcd_rp2040.c.obj
 .text.hw_handle_buff_status
                0x000000001000bc14       0xb4 CMakeFiles/psion_recreate.dir/tree/downloaded_tools/pico/pico-sdk/lib/tinyusb/src/portable/raspberrypi/rp2040/dcd_rp2040.c.obj
 .text.dcd_rp2040_irq
                0x000000001000bcc8       0xa8 CMakeFiles/psion_recreate.dir/tree/downloaded_tools/pico/pico-sdk/lib/tinyusb/src/portable/raspberrypi/rp2040/dcd_rp2040.c.obj
 .text.hw_endpoint_xfer
                0x000000001000bd70       0x18 CMakeFiles/psion_recreate.dir/tree/downloaded_tools/pico/pico-sdk/lib/tinyusb/src/portable/raspberrypi/rp2040/dcd_rp2040.c.obj
 .text.ep0_0len_status
                0x000000001000bd88       0x14 CMakeFiles/psion_recreate.dir/tree/downloaded_tools/pico/pico-sdk/lib/tinyusb/src/portable/raspberrypi/rp2040/dcd_rp2040.c.obj
 .text._hw_endpoint_stall
                0x000000001000bd9c       0x54 CMakeFiles/psion_recreate.dir/tree/downloaded_tools/pico/pico-sdk/lib/tinyusb/src/portable/raspberrypi/rp2040/dcd_rp2040.c.obj
 .text.hw_endpoint_stall
                0x000000001000bdf0        0xc CMakeFiles/psion_recreate.dir/tree/downloaded_tools/pico/pico-sdk/lib/tinyusb/src/portable/raspberrypi/rp2040/dcd_rp2040.c.obj
 .text._hw_endpoint_clear_stall
                0x000000001000bdfc       0x34 CMakeFiles/psion_recreate.dir/tree/downloaded_tools/pico/pico-sdk/lib/tinyusb/src/portable/raspberrypi/rp2040/dcd_rp2040.c.obj
 .text.hw_endpoint_clear_stall
                0x000000001000be30        0xc CMakeFiles/psion_recreate.dir/tree/downloaded_tools/pico/pico-sdk/lib/tinyusb/src/portable/raspberrypi/rp2040/dcd_rp2040.c.obj
 .text.dcd_int_enable
                0x000000001000be3c       0x2c CMakeFiles/psion_recreate.dir/tree/downloaded_tools/pico/pico-sdk/lib/tinyusb/src/portable/raspberrypi/rp2040/dcd_rp2040.c.obj
                0x000000001000be3c                dcd_int_enable
 .text.dcd_set_address
                0x000000001000be68       0x28 CMakeFiles/psion_recreate.dir/tree/downloaded_tools/pico/pico-sdk/lib/tinyusb/src/portable/raspberrypi/rp2040/dcd_rp2040.c.obj
                0x000000001000be68                dcd_set_address
 .text.dcd_connect
                0x000000001000be90       0x30 CMakeFiles/psion_recreate.dir/tree/downloaded_tools/pico/pico-sdk/lib/tinyusb/src/portable/raspberrypi/rp2040/dcd_rp2040.c.obj
                0x000000001000be90                dcd_connect
 .text.dcd_init
                0x000000001000bec0       0x84 CMakeFiles/psion_recreate.dir/tree/downloaded_tools/pico/pico-sdk/lib/tinyusb/src/portable/raspberrypi/rp2040/dcd_rp2040.c.obj
                0x000000001000bec0                dcd_init
 .text.dcd_edpt0_status_complete
                0x000000001000bf44       0x40 CMakeFiles/psion_recreate.dir/tree/downloaded_tools/pico/pico-sdk/lib/tinyusb/src/portable/raspberrypi/rp2040/dcd_rp2040.c.obj
                0x000000001000bf44                dcd_edpt0_status_complete
 .text.dcd_edpt_open
                0x000000001000bf84       0x40 CMakeFiles/psion_recreate.dir/tree/downloaded_tools/pico/pico-sdk/lib/tinyusb/src/portable/raspberrypi/rp2040/dcd_rp2040.c.obj
                0x000000001000bf84                dcd_edpt_open
 .text.dcd_edpt_xfer
                0x000000001000bfc4       0x34 CMakeFiles/psion_recreate.dir/tree/downloaded_tools/pico/pico-sdk/lib/tinyusb/src/portable/raspberrypi/rp2040/dcd_rp2040.c.obj
                0x000000001000bfc4                dcd_edpt_xfer
 .text.dcd_edpt_stall
                0x000000001000bff8       0x28 CMakeFiles/psion_recreate.dir/tree/downloaded_tools/pico/pico-sdk/lib/tinyusb/src/portable/raspberrypi/rp2040/dcd_rp2040.c.obj
                0x000000001000bff8                dcd_edpt_stall
 .text.dcd_edpt_clear_stall
                0x000000001000c020       0x2c CMakeFiles/psion_recreate.dir/tree/downloaded_tools/pico/pico-sdk/lib/tinyusb/src/portable/raspberrypi/rp2040/dcd_rp2040.c.obj
                0x000000001000c020                dcd_edpt_clear_stall
 .text.rp2040_usb_init
                0x000000001000c04c       0x50 CMakeFiles/psion_recreate.dir/tree/downloaded_tools/pico/pico-sdk/lib/tinyusb/src/portable/raspberrypi/rp2040/rp2040_usb.c.obj
                0x000000001000c04c                rp2040_usb_init
 .text.hw_endpoint_reset_transfer
                0x000000001000c09c       0x10 CMakeFiles/psion_recreate.dir/tree/downloaded_tools/pico/pico-sdk/lib/tinyusb/src/portable/raspberrypi/rp2040/rp2040_usb.c.obj
                0x000000001000c09c                hw_endpoint_reset_transfer
 .text._hw_endpoint_buffer_control_update32
                0x000000001000c0ac       0x58 CMakeFiles/psion_recreate.dir/tree/downloaded_tools/pico/pico-sdk/lib/tinyusb/src/portable/raspberrypi/rp2040/rp2040_usb.c.obj
                0x000000001000c0ac                _hw_endpoint_buffer_control_update32
 .text._hw_endpoint_start_next_buffer
                0x000000001000c104       0x50 CMakeFiles/psion_recreate.dir/tree/downloaded_tools/pico/pico-sdk/lib/tinyusb/src/portable/raspberrypi/rp2040/rp2040_usb.c.obj
                0x000000001000c104                _hw_endpoint_start_next_buffer
 .text._hw_endpoint_xfer_start
                0x000000001000c154       0x3e CMakeFiles/psion_recreate.dir/tree/downloaded_tools/pico/pico-sdk/lib/tinyusb/src/portable/raspberrypi/rp2040/rp2040_usb.c.obj
                0x000000001000c154                _hw_endpoint_xfer_start
 *fill*         0x000000001000c192        0x2 
 .text._hw_endpoint_xfer_sync
                0x000000001000c194       0x74 CMakeFiles/psion_recreate.dir/tree/downloaded_tools/pico/pico-sdk/lib/tinyusb/src/portable/raspberrypi/rp2040/rp2040_usb.c.obj
                0x000000001000c194                _hw_endpoint_xfer_sync
 .text._hw_endpoint_xfer_continue
                0x000000001000c208       0x60 CMakeFiles/psion_recreate.dir/tree/downloaded_tools/pico/pico-sdk/lib/tinyusb/src/portable/raspberrypi/rp2040/rp2040_usb.c.obj
                0x000000001000c208                _hw_endpoint_xfer_continue
 .text._hw_endpoint_xfer
                0x000000001000c268       0x34 CMakeFiles/psion_recreate.dir/tree/downloaded_tools/pico/pico-sdk/lib/tinyusb/src/portable/raspberrypi/rp2040/rp2040_usb.c.obj
                0x000000001000c268                _hw_endpoint_xfer
 .text.mark_interface_endpoint
                0x000000001000c29c       0x2a CMakeFiles/psion_recreate.dir/tree/downloaded_tools/pico/pico-sdk/lib/tinyusb/src/device/usbd.c.obj
 *fill*         0x000000001000c2c6        0x2 
 .text.usbd_reset
                0x000000001000c2c8       0x88 CMakeFiles/psion_recreate.dir/tree/downloaded_tools/pico/pico-sdk/lib/tinyusb/src/device/usbd.c.obj
 .text.invoke_class_control
                0x000000001000c350       0x1a CMakeFiles/psion_recreate.dir/tree/downloaded_tools/pico/pico-sdk/lib/tinyusb/src/device/usbd.c.obj
 *fill*         0x000000001000c36a        0x2 
 .text.process_set_config
                0x000000001000c36c      0x1d0 CMakeFiles/psion_recreate.dir/tree/downloaded_tools/pico/pico-sdk/lib/tinyusb/src/device/usbd.c.obj
 .text.process_get_descriptor
                0x000000001000c53c       0xf8 CMakeFiles/psion_recreate.dir/tree/downloaded_tools/pico/pico-sdk/lib/tinyusb/src/device/usbd.c.obj
 .text.tud_mounted
                0x000000001000c634       0x10 CMakeFiles/psion_recreate.dir/tree/downloaded_tools/pico/pico-sdk/lib/tinyusb/src/device/usbd.c.obj
                0x000000001000c634                tud_mounted
 .text.tud_suspended
                0x000000001000c644       0x10 CMakeFiles/psion_recreate.dir/tree/downloaded_tools/pico/pico-sdk/lib/tinyusb/src/device/usbd.c.obj
                0x000000001000c644                tud_suspended
 .text.tud_inited
                0x000000001000c654        0xc CMakeFiles/psion_recreate.dir/tree/downloaded_tools/pico/pico-sdk/lib/tinyusb/src/device/usbd.c.obj
                0x000000001000c654                tud_inited
 .text.tud_init
                0x000000001000c660       0xcc CMakeFiles/psion_recreate.dir/tree/downloaded_tools/pico/pico-sdk/lib/tinyusb/src/device/usbd.c.obj
                0x000000001000c660                tud_init
 .text.dcd_event_handler
                0x000000001000c72c      0x174 CMakeFiles/psion_recreate.dir/tree/downloaded_tools/pico/pico-sdk/lib/tinyusb/src/device/usbd.c.obj
                0x000000001000c72c                dcd_event_handler
 .text.dcd_event_bus_signal